ets Jun  8 2016 00:22:57

rst:0x1 (POWERON_RESET),boot:0x13 (SPI_FAST_FLASH_BOOT)
configsip: 0, SPIWP:0xee
clk_drv:0x00,q_drv:0x00,d_drv:0x00,cs0_drv:0x00,hd_drv:0x00,wp_drv:0x00
mode:DIO, clock div:2
load:0x3fff0030,len:7080
load:0x40078000,len:15584
load:0x40080400,len:4
ho 8 tail 4 room 4
load:0x40080404,len:3876
entry 0x4008064c
[0;32mI (31) boot: ESP-IDF v5.1.1 2nd stage bootloader[0m
[0;32mI (31) boot: compile time Nov 20 2023 16:40:42[0m
[0;32mI (31) boot: Multicore bootloader[0m
[0;32mI (35) boot: chip revision: v1.0[0m
[0;32mI (39) boot.esp32: SPI Speed      : 40MHz[0m
[0;32mI (44) boot.esp32: SPI Mode       : DIO[0m
[0;32mI (48) boot.esp32: SPI Flash Size : 2MB[0m
[0;32mI (53) boot: Enabling RNG early entropy source...[0m
[0;32mI (58) boot: Partition Table:[0m
[0;32mI (62) boot: ## Label            Usage          Type ST Offset   Length[0m
[0;32mI (69) boot:  0 nvs              WiFi data        01 02 00009000 00006000[0m
[0;32mI (76) boot:  1 phy_init         RF data          01 01 0000f000 00001000[0m
[0;32mI (84) boot:  2 factory          factory app      00 00 00010000 00100000[0m
[0;32mI (91) boot: End of partition table[0m
[0;32mI (95) esp_image: segment 0: paddr=00010020 vaddr=3f400020 size=0d480h ( 54400) map[0m
[0;32mI (124) esp_image: segment 1: paddr=0001d4a8 vaddr=3ffb0000 size=02aach ( 10924) load[0m
[0;32mI (128) esp_image: segment 2: paddr=0001ff5c vaddr=40080000 size=000bch (   188) load[0m
[0;32mI (130) esp_image: segment 3: paddr=00020020 vaddr=400d0020 size=217f4h (137204) map[0m
[0;32mI (187) esp_image: segment 4: paddr=0004181c vaddr=400800bc size=0ee98h ( 61080) load[0m
[0;32mI (221) boot: Loaded app from partition at offset 0x10000[0m
[0;32mI (221) boot: Disabling RNG early entropy source...[0m
[0;32mI (232) cpu_start: Multicore app[0m
[0;32mI (233) cpu_start: Pro cpu up.[0m
[0;32mI (233) cpu_start: Starting app cpu, entry point is 0x400812dc[0m
[0;32mI (0) cpu_start: App cpu up.[0m
[0;32mI (250) cpu_start: Pro cpu start user code[0m
[0;32mI (251) cpu_start: cpu freq: 160000000 Hz[0m
[0;32mI (251) cpu_start: Application information:[0m
[0;32mI (255) cpu_start: Project name:     nmea_parser[0m
[0;32mI (261) cpu_start: App version:      7efbcd0-dirty[0m
[0;32mI (266) cpu_start: Compile time:     Nov 21 2023 17:39:13[0m
[0;32mI (272) cpu_start: ELF file SHA256:  c7eeebbae8e85f6d...[0m
[0;32mI (278) cpu_start: ESP-IDF:          v5.1.1[0m
[0;32mI (283) cpu_start: Min chip rev:     v0.0[0m
[0;32mI (288) cpu_start: Max chip rev:     v3.99 [0m
[0;32mI (293) cpu_start: Chip rev:         v1.0[0m
[0;32mI (298) heap_init: Initializing. RAM available for dynamic allocation:[0m
[0;32mI (305) heap_init: At 3FFAE6E0 len 00001920 (6 KiB): DRAM[0m
[0;32mI (311) heap_init: At 3FFB3398 len 0002CC68 (179 KiB): DRAM[0m
[0;32mI (317) heap_init: At 3FFE0440 len 00003AE0 (14 KiB): D/IRAM[0m
[0;32mI (323) heap_init: At 3FFE4350 len 0001BCB0 (111 KiB): D/IRAM[0m
[0;32mI (330) heap_init: At 4008EF54 len 000110AC (68 KiB): IRAM[0m
[0;32mI (337) spi_flash: detected chip: gd[0m
[0;32mI (340) spi_flash: flash io: dio[0m
[0;33mW (344) spi_flash: Detected size(8192k) larger than the size in the binary image header(2048k). Using the size in the binary image header.[0m
[0;32mI (358) app_start: Starting scheduler on CPU0[0m
[0;32mI (362) app_start: Starting scheduler on CPU1[0m
[0;32mI (362) main_task: Started on CPU0[0m
[0;32mI (372) main_task: Calling app_main()[0m
[0;32mI (372) uart: queue free spaces: 16[0m
[0;32mI (372) main_task: Returned from app_main()[0m
[0;32mI (382) SSD1306: INTERFACE is i2c[0m
[0;32mI (382) nmea_parser: NMEA Parser init OK[0m
[0;32mI (382) SSD1306: CONFIG_SDA_GPIO=4[0m
[0;32mI (392) SSD1306: CONFIG_SCL_GPIO=15[0m
[0;32mI (392) SSD1306: CONFIG_RESET_GPIO=16[0m
[0;32mI (402) gpio: GPIO[16]| InputEn: 0| OutputEn: 0| OpenDrain: 0| Pullup: 1| Pulldown: 0| Intr:0 [0m
[0;32mI (462) SSD1306: Panel is 128x64[0m
[0;32mI (462) SSD1306: OLED configured successfully[0m
packet sent...
0[0;32mI (21392) uart: queue free spaces: 16[0m
[0;32mI (21392) nmea_parser: NMEA Parser init OK[0m
packet sent...
ï¿½ï¿½[0;32mI (13) boot: ESP-IDF v5.1.1 2nd stage bootloader[0m
[0;32mI (13) boot: compile time Nov 20 2023 16:40:42[0m
[0;32mI (13) boot: Multicore bootloader[0m
[0;32mI (16) boot: chip revision: v1.0[0m
[0;32mI (20) boot.esp32: SPI Speed      : 40MHz[0m
[0;32mI (25) boot.esp32: SPI Mode       : DIO[0m
[0;32mI (29) boot.esp32: SPI Flash Size : 2MB[0m
[0;32mI (34) boot: Enabling RNG early entropy source...[0m
[0;32mI (39) boot: Partition Table:[0m
[0;32mI (43) boot: ## Label            Usage          Type ST Offset   Length[0m
[0;32mI (50) boot:  0 nvs              WiFi data        01 02 00009000 00006000[0m
[0;32mI (58) boot:  1 phy_init         RF data          01 01 0000f000 00001000[0m
[0;32mI (65) boot:  2 factory          factory app      00 00 00010000 00100000[0m
[0;32mI (73) boot: End of partition table[0m
[0;32mI (77) esp_image: segment 0: paddr=00010020 vaddr=3f400020 size=0d480h ( 54400) map[0m
[0;32mI (105) esp_image: segment 1: paddr=0001d4a8 vaddr=3ffb0000 size=02aach ( 10924) load[0m
[0;32mI (109) esp_image: segment 2: paddr=0001ff5c vaddr=40080000 size=000bch (   188) load[0m
[0;32mI (111) esp_image: segment 3: paddr=00020020 vaddr=400d0020 size=217f4h (137204) map[0m
[0;32mI (169) esp_image: segment 4: paddr=0004181c vaddr=400800bc size=0ee98h ( 61080) load[0m
[0;32mI (202) boot: Loaded app from partition at offset 0x10000[0m
[0;32mI (202) boot: Disabling RNG early entropy source...[0m
[0;32mI (213) cpu_start: Multicore app[0m
[0;32mI (214) cpu_start: Pro cpu up.[0m
[0;32mI (214) cpu_start: Starting app cpu, entry point is 0x400812dc[0m
[0;32mI (0) cpu_start: App cpu up.[0m
[0;32mI (232) cpu_start: Pro cpu start user code[0m
[0;32mI (232) cpu_start: cpu freq: 160000000 Hz[0m
[0;32mI (232) cpu_start: Application information:[0m
[0;32mI (236) cpu_start: Project name:     nmea_parser[0m
[0;32mI (242) cpu_start: App version:      7efbcd0-dirty[0m
[0;32mI (247) cpu_start: Compile time:     Nov 21 2023 17:39:13[0m
[0;32mI (253) cpu_start: ELF file SHA256:  c7eeebbae8e85f6d...[0m
[0;32mI (259) cpu_start: ESP-IDF:          v5.1.1[0m
[0;32mI (264) cpu_start: Min chip rev:     v0.0[0m
[0;32mI (269) cpu_start: Max chip rev:     v3.99 [0m
[0;32mI (274) cpu_start: Chip rev:         v1.0[0m
[0;32mI (279) heap_init: Initializing. RAM available for dynamic allocation:[0m
[0;32mI (286) heap_init: At 3FFAE6E0 len 00001920 (6 KiB): DRAM[0m
[0;32mI (292) heap_init: At 3FFB3398 len 0002CC68 (179 KiB): DRAM[0m
[0;32mI (298) heap_init: At 3FFE0440 len 00003AE0 (14 KiB): D/IRAM[0m
[0;32mI (304) heap_init: At 3FFE4350 len 0001BCB0 (111 KiB): D/IRAM[0m
[0;32mI (311) heap_init: At 4008EF54 len 000110AC (68 KiB): IRAM[0m
[0;32mI (318) spi_flash: detected chip: gd[0m
[0;32mI (321) spi_flash: flash io: dio[0m
[0;33mW (325) spi_flash: Detected size(8192k) larger than the size in the binary image header(2048k). Using the size in the binary image header.[0m
[0;32mI (339) app_start: Starting scheduler on CPU0[0m
[0;32mI (343) app_start: Starting scheduler on CPU1[0m
[0;32mI (343) main_task: Started on CPU0[0m
[0;32mI (353) main_task: Calling app_main()[0m
[0;32mI (353) uart: queue free spaces: 16[0m
[0;32mI (353) main_task: Returned from app_main()[0m
[0;32mI (363) SSD1306: INTERFACE is i2c[0m
[0;32mI (363) nmea_parser: NMEA Parser init OK[0m
[0;32mI (363) SSD1306: CONFIG_SDA_GPIO=4[0m
[0;32mI (373) SSD1306: CONFIG_SCL_GPIO=15[0m
[0;32mI (373) SSD1306: CONFIG_RESET_GPIO=16[0m
[0;32mI (383) gpio: GPIO[16]| InputEn: 0| OutputEn: 0| OpenDrain: 0| Pullup: 1| Pulldown: 0| Intr:0 [0m
[0;32mI (443) SSD1306: Panel is 128x64[0m
[0;32mI (443) SSD1306: OLED configured successfully[0m
packet sent...
0[0;32mI (21373) uart: queue free spaces: 16[0m
[0;32mI (21373) nmea_parser: NMEA Parser init OK[0m
packet sent...
ï¿½ï¿½[0;32mI (13) boot: ESP-IDF v5.1.1 2nd stage bootloader[0m
[0;32mI (13) boot: compile time Nov 20 2023 16:40:42[0m
[0;32mI (13) boot: Multicore bootloader[0m
[0;32mI (16) boot: chip revision: v1.0[0m
[0;32mI (20) boot.esp32: SPI Speed      : 40MHz[0m
[0;32mI (25) boot.esp32: SPI Mode       : DIO[0m
[0;32mI (29) boot.esp32: SPI Flash Size : 2MB[0m
[0;32mI (34) boot: Enabling RNG early entropy source...[0m
[0;32mI (39) boot: Partition Table:[0m
[0;32mI (43) boot: ## Label            Usage          Type ST Offset   Length[0m
[0;32mI (50) boot:  0 nvs              WiFi data        01 02 00009000 00006000[0m
[0;32mI (58) boot:  1 phy_init         RF data          01 01 0000f000 00001000[0m
[0;32mI (65) boot:  2 factory          factory app      00 00 00010000 00100000[0m
[0;32mI (73) boot: End of partition table[0m
[0;32mI (77) esp_image: segment 0: paddr=00010020 vaddr=3f400020 size=0d480h ( 54400) map[0m
[0;32mI (105) esp_image: segment 1: paddr=0001d4a8 vaddr=3ffb0000 size=02aach ( 10924) load[0m
[0;32mI (109) esp_image: segment 2: paddr=0001ff5c vaddr=40080000 size=000bch (   188) load[0m
[0;32mI (111) esp_image: segment 3: paddr=00020020 vaddr=400d0020 size=217f4h (137204) map[0m
[0;32mI (169) esp_image: segment 4: paddr=0004181c vaddr=400800bc size=0ee98h ( 61080) load[0m
[0;32mI (202) boot: Loaded app from partition at offset 0x10000[0m
[0;32mI (202) boot: Disabling RNG early entropy source...[0m
[0;32mI (213) cpu_start: Multicore app[0m
[0;32mI (214) cpu_start: Pro cpu up.[0m
[0;32mI (214) cpu_start: Starting app cpu, entry point is 0x400812dc[0m
[0;32mI (0) cpu_start: App cpu up.[0m
[0;32mI (232) cpu_start: Pro cpu start user code[0m
[0;32mI (232) cpu_start: cpu freq: 160000000 Hz[0m
[0;32mI (232) cpu_start: Application information:[0m
[0;32mI (236) cpu_start: Project name:     nmea_parser[0m
[0;32mI (242) cpu_start: App version:      7efbcd0-dirty[0m
[0;32mI (247) cpu_start: Compile time:     Nov 21 2023 17:39:13[0m
[0;32mI (253) cpu_start: ELF file SHA256:  c7eeebbae8e85f6d...[0m
[0;32mI (259) cpu_start: ESP-IDF:          v5.1.1[0m
[0;32mI (264) cpu_start: Min chip rev:     v0.0[0m
[0;32mI (269) cpu_start: Max chip rev:     v3.99 [0m
[0;32mI (274) cpu_start: Chip rev:         v1.0[0m
[0;32mI (279) heap_init: Initializing. RAM available for dynamic allocation:[0m
[0;32mI (286) heap_init: At 3FFAE6E0 len 00001920 (6 KiB): DRAM[0m
[0;32mI (292) heap_init: At 3FFB3398 len 0002CC68 (179 KiB): DRAM[0m
[0;32mI (298) heap_init: At 3FFE0440 len 00003AE0 (14 KiB): D/IRAM[0m
[0;32mI (304) heap_init: At 3FFE4350 len 0001BCB0 (111 KiB): D/IRAM[0m
[0;32mI (311) heap_init: At 4008EF54 len 000110AC (68 KiB): IRAM[0m
[0;32mI (318) spi_flash: detected chip: gd[0m
[0;32mI (321) spi_flash: flash io: dio[0m
[0;33mW (325) spi_flash: Detected size(8192k) larger than the size in the binary image header(2048k). Using the size in the binary image header.[0m
[0;32mI (339) app_start: Starting scheduler on CPU0[0m
[0;32mI (343) app_start: Starting scheduler on CPU1[0m
[0;32mI (343) main_task: Started on CPU0[0m
[0;32mI (353) main_task: Calling app_main()[0m
[0;32mI (353) uart: queue free spaces: 16[0m
[0;32mI (353) main_task: Returned from app_main()[0m
[0;32mI (363) SSD1306: INTERFACE is i2c[0m
[0;32mI (363) nmea_parser: NMEA Parser init OK[0m
[0;32mI (363) SSD1306: CONFIG_SDA_GPIO=4[0m
[0;32mI (373) SSD1306: CONFIG_SCL_GPIO=15[0m
[0;32mI (373) SSD1306: CONFIG_RESET_GPIO=16[0m
[0;32mI (383) gpio: GPIO[16]| InputEn: 0| OutputEn: 0| OpenDrain: 0| Pullup: 1| Pulldown: 0| Intr:0 [0m
[0;32mI (443) SSD1306: Panel is 128x64[0m
[0;32mI (443) SSD1306: OLED configured successfully[0m
packet sent...

Brownout detector was triggeï¿½[0;32mI (13) boot: ESP-IDF v5.1.1 2nd stage bootloader[0m
[0;32mI (13) boot: compile time Nov 20 2023 16:40:42[0m
[0;32mI (13) boot: Multicore bootloader[0m
[0;32mI (16) boot: chip revision: v1.0[0m
[0;32mI (20) boot.esp32: SPI Speed      : 40MHz[0m
[0;32mI (25) boot.esp32: SPI Mode       : DIO[0m
[0;32mI (29) boot.esp32: SPI Flash Size : 2MB[0m
[0;32mI (34) boot: Enabling RNG early entropy source...[0m
[0;32mI (39) boot: Partition Table:[0m
[0;32mI (43) boot: ## Label            Usage          Type ST Offset   Length[0m
[0;32mI (50) boot:  0 nvs              WiFi data        01 02 00009000 00006000[0m
[0;32mI (58) boot:  1 phy_init         RF data          01 01 0000f000 00001000[0m
[0;32mI (65) boot:  2 factory          factory app      00 00 00010000 00100000[0m
[0;32mI (73) boot: End of partition table[0m
[0;32mI (77) esp_image: segment 0: paddr=00010020 vaddr=3f400020 size=0d480h ( 54400) map[0m
[0;32mI (105) esp_image: segment 1: paddr=0001d4a8 vaddr=3ffb0000 size=02aach ( 10924) load[0m
[0;32mI (109) esp_image: segment 2: paddr=0001ff5c vaddr=40080000 size=000bch (   188) load[0m
[0;32mI (111) esp_image: segment 3: paddr=00020020 vaddr=400d0020 size=217f4h (137204) map[0m
[0;32mI (169) esp_image: segment 4: paddr=0004181c vaddr=400800bc size=0ee98h ( 61080) load[0m
[0;32mI (202) boot: Loaded app from partition at offset 0x10000[0m
[0;32mI (202) boot: Disabling RNG early entropy source...[0m
[0;32mI (213) cpu_start: Multicore app[0m
[0;32mI (214) cpu_start: Pro cpu up.[0m
[0;32mI (214) cpu_start: Starting app cpu, entry point is 0x400812dc[0m
[0;32mI (0) cpu_start: App cpu up.[0m
[0;32mI (232) cpu_start: Pro cpu start user code[0m
[0;32mI (232) cpu_start: cpu freq: 160000000 Hz[0m
[0;32mI (232) cpu_start: Application information:[0m
[0;32mI (237) cpu_start: Project name:     nmea_parser[0m
[0;32mI (242) cpu_start: App version:      7efbcd0-dirty[0m
[0;32mI (247) cpu_start: Compile time:     Nov 21 2023 17:39:13[0m
[0;32mI (253) cpu_start: ELF file SHA256:  c7eeebbae8e85f6d...[0m
[0;32mI (259) cpu_start: ESP-IDF:          v5.1.1[0m
[0;32mI (264) cpu_start: Min chip rev:     v0.0[0m
[0;32mI (269) cpu_start: Max chip rev:     v3.99 [0m
[0;32mI (274) cpu_start: Chip rev:         v1.0[0m
[0;32mI (279) heap_init: Initializing. RAM available for dynamic allocation:[0m
[0;32mI (286) heap_init: At 3FFAE6E0 len 00001920 (6 KiB): DRAM[0m
[0;32mI (292) heap_init: At 3FFB3398 len 0002CC68 (179 KiB): DRAM[0m
[0;32mI (298) heap_init: At 3FFE0440 len 00003AE0 (14 KiB): D/IRAM[0m
[0;32mI (304) heap_init: At 3FFE4350 len 0001BCB0 (111 KiB): D/IRAM[0m
[0;32mI (311) heap_init: At 4008EF54 len 000110AC (68 KiB): IRAM[0m
[0;32mI (318) spi_flash: detected chip: gd[0m
[0;32mI (321) spi_flash: flash io: dio[0m
[0;33mW (325) spi_flash: Detected size(8192k) larger than the size in the binary image header(2048k). Using the size in the binary image header.[0m
[0;32mI (339) app_start: Starting scheduler on CPU0[0m
[0;32mI (343) app_start: Starting scheduler on CPU1[0m
[0;32mI (343) main_task: Started on CPU0[0m
[0;32mI (353) main_task: Calling app_main()[0m
[0;32mI (353) uart: queue free spaces: 16[0m
[0;32mI (353) main_task: Returned from app_main()[0m
[0;32mI (363) SSD1306: INTERFACE is i2c[0m
[0;32mI (363) nmea_parser: NMEA Parser init OK[0m
[0;32mI (363) SSD1306: CONFIG_SDA_GPIO=4[0m
[0;32mI (373) SSD1306: CONFIG_SCL_GPIO=15[0m
[0;32mI (373) SSD1306: CONFIG_RESET_GPIO=16[0m
[0;32mI (383) gpio: GPIO[16]| InputEn: 0| OutputEn: 0| OpenDrain: 0| Pullup: 1| Pulldown: 0| Intr:0 [0m
[0;32mI (443) SSD1306: Panel is 128x64[0m
[0;32mI (443) SSD1306: OLED configured successfully[0m
packet sent...
ï¿½ï¿½[0;32mI (13) boot: ESP-IDF v5.1.1 2nd stage bootloader[0m
[0;32mI (13) boot: compile time Nov 20 2023 16:40:42[0m
[0;32mI (13) boot: Multicore bootloader[0m
[0;32mI (16) boot: chip revision: v1.0[0m
[0;32mI (20) boot.esp32