ets Jun  8 2016 00:22:57

rst:0x1 (POWERON_RESET),boot:0x13 (SPI_FAST_FLASH_BOOT)
configsip: 0, SPIWP:0xee
clk_drv:0x00,q_drv:0x00,d_drv:0x00,cs0_drv:0x00,hd_drv:0x00,wp_drv:0x00
mode:DIO, clock div:2
load:0x3fff0030,len:7080
load:0x40078000,len:15584
load:0x40080400,len:4
ho 8 tail 4 room 4
load:0x40080404,len:3876
entry 0x4008064c
[0;32mI (31) boot: ESP-IDF v5.1.1 2nd stage bootloader[0m
[0;32mI (31) boot: compile time Oct 15 2023 02:19:42[0m
[0;32mI (31) boot: Multicore bootloader[0m
[0;32mI (35) boot: chip revision: v1.0[0m
[0;32mI (39) boot.esp32: SPI Speed      : 40MHz[0m
[0;32mI (44) boot.esp32: SPI Mode       : DIO[0m
[0;32mI (48) boot.esp32: SPI Flash Size : 2MB[0m
[0;32mI (53) boot: Enabling RNG early entropy source...[0m
[0;32mI (58) boot: Partition Table:[0m
[0;32mI (62) boot: ## Label            Usage          Type ST Offset   Length[0m
[0;32mI (69) boot:  0 nvs              WiFi data        01 02 00009000 00006000[0m
[0;32mI (77) boot:  1 phy_init         RF data          01 01 0000f000 00001000[0m
[0;32mI (84) boot:  2 factory          factory app      00 00 00010000 00100000[0m
[0;32mI (92) boot: End of partition table[0m
[0;32mI (96) esp_image: segment 0: paddr=00010020 vaddr=3f400020 size=0c538h ( 50488) map[0m
[0;32mI (122) esp_image: segment 1: paddr=0001c560 vaddr=3ffb0000 size=0227ch (  8828) load[0m
[0;32mI (126) esp_image: segment 2: paddr=0001e7e4 vaddr=40080000 size=01834h (  6196) load[0m
[0;32mI (131) esp_image: segment 3: paddr=00020020 vaddr=400d0020 size=1b9a0h (113056) map[0m
[0;32mI (178) esp_image: segment 4: paddr=0003b9c8 vaddr=40081834 size=0ce78h ( 52856) load[0m
[0;32mI (207) boot: Loaded app from partition at offset 0x10000[0m
[0;32mI (207) boot: Disabling RNG early entropy source...[0m
[0;32mI (219) cpu_start: Multicore app[0m
[0;32mI (219) cpu_start: Pro cpu up.[0m
[0;32mI (219) cpu_start: Starting app cpu, entry point is 0x4008128c[0m
[0;32mI (0) cpu_start: App cpu up.[0m
[0;32mI (237) cpu_start: Pro cpu start user code[0m
[0;32mI (237) cpu_start: cpu freq: 160000000 Hz[0m
[0;32mI (237) cpu_start: Application information:[0m
[0;32mI (242) cpu_start: Project name:     nmea_parser[0m
[0;32mI (247) cpu_start: App version:      1[0m
[0;32mI (251) cpu_start: Compile time:     Oct 15 2023 18:08:44[0m
[0;32mI (257) cpu_start: ELF file SHA256:  70e698e0b9f3f9c4...[0m
[0;32mI (263) cpu_start: ESP-IDF:          v5.1.1[0m
[0;32mI (268) cpu_start: Min chip rev:     v0.0[0m
[0;32mI (273) cpu_start: Max chip rev:     v3.99 [0m
[0;32mI (278) cpu_start: Chip rev:         v1.0[0m
[0;32mI (283) heap_init: Initializing. RAM available for dynamic allocation:[0m
[0;32mI (290) heap_init: At 3FFAE6E0 len 00001920 (6 KiB): DRAM[0m
[0;32mI (296) heap_init: At 3FFB2B30 len 0002D4D0 (181 KiB): DRAM[0m
[0;32mI (302) heap_init: At 3FFE0440 len 00003AE0 (14 KiB): D/IRAM[0m
[0;32mI (308) heap_init: At 3FFE4350 len 0001BCB0 (111 KiB): D/IRAM[0m
[0;32mI (315) heap_init: At 4008E6AC len 00011954 (70 KiB): IRAM[0m
[0;32mI (322) spi_flash: detected chip: gd[0m
[0;32mI (325) spi_flash: flash io: dio[0m
[0;33mW (329) spi_flash: Detected size(8192k) larger than the size in the binary image header(2048k). Using the size in the binary image header.[0m
[0;32mI (343) app_start: Starting scheduler on CPU0[0m
[0;32mI (347) app_start: Starting scheduler on CPU1[0m
[0;32mI (347) main_task: Started on CPU0[0m
[0;32mI (357) main_task: Calling app_main()[0m
[0;32mI (367) uart: queue free spaces: 16[0m
[0;32mI (367) nmea_parser: NMEA Parser init OK[0m
0
0
packet sent...
0
0
0
0
0
0
0
0
0
0
[0;32mI (6827) uart: queue free spaces: 16[0m
[0;32mI (6827) nmea_parser: NMEA Parser init OK[0m
[0;33mW (6867) gps_demo: Unknown statement:,02,58,214,,03,24,271,,08,52,312,*77
[0m
0
0
packet sent...
1
0
0
0
0
0
0
0
0
0
[0;32mI (13287) uart: queue free spaces: 16[0m
[0;32mI (13287) nmea_parser: NMEA Parser init OK[0m
0
0
packet sent...
2
0
0
0
0
0
0
0
0
0
[0;32mI (19747) uart: queue free spaces: 16[0m
[0;32mI (19747) nmea_parser: NMEA Parser init OK[0m
0
0
packet sent...
3
0
0
0
0
0
0
0
0
0
[0;32mI (26207) uart: queue free spaces: 16[0m
[0;32mI (26207) nmea_parser: NMEA Parser init OK[0m
0
0
packet sent...
4
0
0
0
0
0
0
0
0
0
[0;32mI (32667) uart: queue free spaces: 16[0m
[0;33mW (32667) nmea_parser: Rx Break[0m
[0;32mI (32667) nmea_parser: NMEA Parser init OK[0m
[0;33mW (32717) gps_demo: Unknown statement:ï¿½ï¿½ï¿½rï¿½ï¿½bï¿½ï¿½,,,,,,151023,,,N*7A
[0m
0
0
packet sent...
5
0
0
0
0
0
0
0
0
0
[0;32mI (39127) uart: queue free spaces: 16[0m
[0;32mI (39127) nmea_parser: NMEA Parser init OK[0m
0
0
packet sent...
6
0
0
0
0
0
0
0
0
0
[0;32mI (45587) uart: queue free spaces: 16[0m
[0;32mI (45587) nmea_parser: NMEA Parser init OK[0m
0
0
packet sent...
7
0
0
0
0
0
0
0
0
0
[0;32mI (52047) uart: queue free spaces: 16[0m
[0;33mW (52047) nmea_parser: Rx Break[0m
[0;32mI (52047) nmea_parser: NMEA Parser init OK[0m
[0;33mW (52097) gps_demo: Unknown statement:,N*4E
[0m
0
0
packet sent...
8
0
0
0
0
0
0
0
0
0
[0;32mI (58507) uart: queue free spaces: 16[0m
[0;32mI (58507) nmea_parser: NMEA Parser init OK[0m
0
0
packet sent...
9
0
0
0
0
0
0
0
0
0
[0;32mI (64967) uart: queue free spaces: 16[0m
[0;32mI (64967) nmea_parser: NMEA Parser init OK[0m
-3497856
-5808005
packet sent...
10
255
202
160
128
255
167
96
123
0
[0;32mI (71427) uart: queue free spaces: 16[0m
[0;32mI (71427) nmea_parser: NMEA Parser init OK[0m
-3497854
-5808003
packet sent...
11
255
202
160
130
255
167
96
125
0
[0;32mI (77887) uart: queue free spaces: 16[0m
[0;32mI (77887) nmea_parser: NMEA Parser init OK[0m
[0;33mW (77937) gps_demo: Unknown statement:ï¿½,08,51,313,13,10,20,119,10,21,67,207,,27,29,357,16*73
[0m
0
0
packet sent...
12
0
0
0
0
0
0
0
0
0
[0;32mI (84347) uart: queue free spaces: 16[0m
[0;32mI (84347) nmea_parser: NMEA Parser init OK[0m
0
0
packet sent...
13
0
0
0
0
0
0
0
0
0
[0;32mI (90807) uart: queue free spaces: 16[0m
[0;33mW (90807) nmea_parser: Rx Break[0m
[0;32mI (90807) nmea_parser: NMEA Parser init OK[0m
[0;33mW (90857) gps_demo: Unknown statement:458.71224,S,05804.80535,W,1,08,1.07,47.5,M,12.9,M,,*69
[0m
-3497855
-5808009
packet sent...
14
255
202
160
129
255
167
96
119
0
[0;32mI (97267) uart: queue free spaces: 16[0m
[0;32mI (97267) nmea_parser: NMEA Parser init OK[0m
-3497856
-5808012
packet sent...
15
255
202
160
128
255
167
96
116
0
[0;32mI (103727) uart: queue free spaces: 16[0m
[0;33mW (103727) nmea_parser: Rx Break[0m
[0;32mI (103727) nmea_parser: NMEA Parser init OK[0m
[0;33mW (103827) gps_demo: Unknown statement:ï¿½6D
[0m
-3497869
-5808013
packet sent...
16
255
202
160
115
255
167
96
115
0
