artition at f34df6-dirty[[0;32mI (13) boot: ESP-IDF v5.1.1 2nd stage bootloader[0m
[0;32mI (13) boot: compile time Oct 15 2023 02:19:42[0m
[0;32mI (13) boot: Multicore bootloader[0m
[0;32mI (16) boot: chip revision: v1.0[0m
[0;32mI (20) boot.esp32: SPI Speed      : 40MHz[0m
[0;32mI (25) boot.esp32: SPI Mode       : DIO[0m
[0;32mI (29) boot.esp32: SPI Flash Size : 2MB[0m
[0;32mI (34) boot: Enabling RNG early entropy source...[0m
[0;32mI (39) boot: Partition Table:[0m
[0;32mI (43) boot: ## Label            Usage          Type ST Offset   Length[0m
[0;32mI (50) boot:  0 nvs              WiFi data        01 02 00009000 00006000[0m
[0;32mI (58) boot:  1 phy_init         RF data          01 01 0000f000 00001000[0m
[0;32mI (65) boot:  2 factory          factory app      00 00 00010000 00100000[0m
[0;32mI (73) boot: End of partition table[0m
[0;32mI (77) esp_image: segment 0: paddr=00010020 vaddr=3f400020 size=0ac70h ( 44144) map[0m
[0;32mI (101) esp_image: segment 1: paddr=0001ac98 vaddr=3ffb0000 size=0226ch (  8812) load[0m
[0;32mI (105) esp_image: segment 2: paddr=0001cf0c vaddr=40080000 size=0310ch ( 12556) load[0m
[0;32mI (112) esp_image: segment 3: paddr=00020020 vaddr=400d0020 size=1659ch ( 91548) map[0m
[0;32mI (148) esp_image: segment 4: paddr=000365c4 vaddr=4008310c size=0a708h ( 42760) load[0m
[0;32mI (173) boot: Loaded app from partition at offset 0x10000[0m
[0;32mI (173) boot: Disabling RNG early entropy source...[0m
[0;32mI (185) cpu_start: Multicore app[0m
[0;32mI (185) cpu_start: Pro cpu up.[0m
[0;32mI (185) cpu_start: Starting app cpu, entry point is 0x400811ac[0m
[0;32mI (0) cpu_start: App cpu up.[0m
[0;32mI (203) cpu_start: Pro cpu start user code[0m
[0;32mI (203) cpu_start: cpu freq: 160000000 Hz[0m
[0;32mI (203) cpu_start: Application information:[0m
[0;32mI (208) cpu_start: Project name:     nmea_parser[0m
[0;32mI (213) cpu_start: App version:      5f34df6-dirty[0m
[0;32mI (219) cpu_start: Compile time:     Oct 22 2023 16:37:07[0m
[0;32mI (225) cpu_start: ELF file SHA256:  a962406cef5bf9ae...[0m
[0;32mI (231) cpu_start: ESP-IDF:          v5.1.1[0m
[0;32mI (236) cpu_start: Min chip rev:     v0.0[0m
[0;32mI (240) cpu_start: Max chip rev:     v3.99 [0m
[0;32mI (245) cpu_start: Chip rev:         v1.0[0m
[0;32mI (250) heap_init: Initializing. RAM available for dynamic allocation:[0m
[0;32mI (257) heap_init: At 3FFAE6E0 len 00001920 (6 KiB): DRAM[0m
[0;32mI (263) heap_init: At 3FFB2B30 len 0002D4D0 (181 KiB): DRAM[0m
[0;32mI (269) heap_init: At 3FFE0440 len 00003AE0 (14 KiB): D/IRAM[0m
[0;32mI (276) heap_init: At 3FFE4350 len 0001BCB0 (111 KiB): D/IRAM[0m
[0;32mI (282) heap_init: At 4008D814 len 000127EC (73 KiB): IRAM[0m
[0;32mI (290) spi_flash: detected chip: gd[0m
[0;32mI (293) spi_flash: flash io: dio[0m
[0;33mW (297) spi_flash: Detected size(8192k) larger than the size in the binary image header(2048k). Using the size in the binary image header.[0m
[0;32mI (310) app_start: Starting scheduler on CPU0[0m
[0;32mI (315) app_start: Starting scheduler on CPU1[0m
[0;32mI (315) main_task: Started on CPU0[0m
[0;32mI (325) main_task: Calling app_main()[0m

assert failed: xQueueReceive queue.c:1475 (( pxQueue ))


Backtrace: 0x400817de:0x3ffb6c50 0x400862a5:0x3ffb6c70 0x4008c3a1:0x3ffb6c90 0x40086a8b:0x3ffb6db0 0x400d580b:0x3ffb6df0 0x40088955:0x3ffb6e20




ELF file SHA256: a962406cef5bf9ae

Rebooting...
[0;32mI (13) boot: ESP-IDF v5.1.1 2nd stage bootloader[0m
[0;32mI (13) boot: compile time Oct 15 2023 02:19:42[0m
[0;32mI (13) boot: Multicore bootloader[0m
[0;32mI (16) boot: chip revision: v1.0[0m
[0;32mI (20) boot.esp32: SPI Speed      : 40MHz[0m
[0;32mI (24) boot.esp32: SPI Mode       : DIO[0m
[0;32mI (29) boot.esp32: SPI Flash Size : 2MB[0m
[0;32mI (33) boot: Enabling RNG early entropy source...[0m
[0;32mI (39) boot: Partition Table:[0m
[0;32mI (42) boot: ## Label            Usage          Type ST Offset   Length[0m
[0;32mI (50) boot:  0 nvs              WiFi data        01 02 00009000 00006000[0m
[0;32mI (57) boot:  1 phy_init         RF data          01 01 0000f000 00001000[0m
[0;32mI (65) boot:  2 factory          factory app      00 00 00010000 00100000[0m
[0;32mI (72) boot: End of partition table[0m
[0;32mI (76) esp_image: segment 0: paddr=00010020 vaddr=3f400020 size=0ac70h ( 44144) map[0m
[0;32mI (101) esp_image: segment 1: paddr=0001ac98 vaddr=3ffb0000 size=0226ch (  8812) load[0m
[0;32mI (104) esp_image: segment 2: paddr=0001cf0c vaddr=40080000 size=0310ch ( 12556) load[0m
[0;32mI (112) esp_image: segment 3: paddr=00020020 vaddr=400d0020 size=1659ch ( 91548) map[0m
[0;32mI (148) esp_image: segment 4: paddr=000365c4 vaddr=4008310c size=0a708h ( 42760) load[0m
[0;32mI (173) boot: Loaded app from partition at offset 0x10000[0m
[0;32mI (173) boot: Disabling RNG early entropy source...[0m
[0;32mI (184) cpu_start: Multicore app[0m
[0;32mI (185) cpu_start: Pro cpu up.[0m
[0;32mI (185) cpu_start: Starting app cpu, entry point is 0x400811ac[0m
[0;32mI (181) cpu_start: App cpu up.[0m
[0;32mI (203) cpu_start: Pro cpu start user code[0m
[0;32mI (203) cpu_start: cpu freq: 160000000 Hz[0m
[0;32mI (203) cpu_start: Application information:[0m
[0;32mI (208) cpu_start: Project name:     nmea_parser[0m
[0;32mI (213) cpu_start: App version:      5f34df6-dirty[0m
[0;32mI (218) cpu_start: Compile time:     Oct 22 2023 16:37:07[0m
[0;32mI (225) cpu_start: ELF file SHA256:  a962406cef5bf9ae...[0m
[0;32mI (231) cpu_start: ESP-IDF:          v5.1.1[0m
[0;32mI (235) cpu_start: Min chip rev:     v0.0[0m
[0;32mI (240) cpu_start: Max chip rev:     v3.99 [0m
[0;32mI (245) cpu_start: Chip rev:         v1.0[0m
[0;32mI (250) heap_init: Initializing. RAM available for dynamic allocation:[0m
[0;32mI (257) heap_init: At 3FFAE6E0 len 00001920 (6 KiB): DRAM[0m
[0;32mI (263) heap_init: At 3FFB2B30 len 0002D4D0 (181 KiB): DRAM[0m
[0;32mI (269) heap_init: At 3FFE0440 len 00003AE0 (14 KiB): D/IRAM[0m
[0;32mI (276) heap_init: At 3FFE4350 len 0001BCB0 (111 KiB): D/IRAM[0m
[0;32mI (282) heap_init: At 4008D814 len 000127EC (73 KiB): IRAM[0m
[0;32mI (290) spi_flash: detected chip: gd[0m
[0;32mI (292) spi_flash: flash io: dio[0m
[0;33mW (296) spi_flash: Detected size(8192k) larger than the size in the binary image header(2048k). Using the size in the binary image header.[0m
[0;32mI (310) app_start: Starting scheduler on CPU0[0m
[0;32mI (315) app_start: Starting scheduler on CPU1[0m
[0;32mI (315) main_task: Started on CPU0[0m
[0;32mI (325) main_task: Calling app_main()[0m

assert failed: xQueueReceive queue.c:1475 (( pxQueue ))


Backtrace: 0x400817de:0x3ffb6c50 0x400862a5:0x3ffb6c70 0x4008c3a1:0x3ffb6c90 0x40086a8b:0x3ffb6db0 0x400d580b:0x3ffb6df0 0x40088955:0x3ffb6e20




ELF file SHA256: a962406cef5bf9ae

Rebooting...
[0;32mI (13) boot: ESP-IDF v5.1.1 2nd stage bootloader[0m
[0;32mI (13) boot: compile time Oct 15 2023 02:19:42[0m
[0;32mI (13) boot: Multicore bootloader[0m
[0;32mI (16) boot: chip revision: v1.0[0m
[0;32mI (20) boot.esp32: SPI Speed      : 40MHz[0m
[0;32mI (24) boot.esp32: SPI Mode       : DIO[0m
[0;32mI (29) boot.esp32: SPI Flash Size : 2MB[0m
[0;32mI (33) boot: Enabling RNG early entropy source...[0m
[0;32mI (39) boot: Partition Table:[0m
[0;32mI (42) boot: ## Label            Usage          Type ST Offset   Length[0m
[0;32mI (50) boot:  0 nvs              WiFi data        01 02 00009000 00006000[0m
[0;32mI (57) boot:  1 phy_init         RF data          01 01 0000f000 00001000[0m
[0;32mI (65) boot:  2 factory          factory app      00 00 00010000 00100000[0m
[0;32mI (72) boot: End of partition table[0m
[0;32mI (76) esp_image: segment 0: paddr=00010020 vaddr=3f400020 size=0ac70h ( 44144) map[0m
[0;32mI (101) esp_image: segment 1: paddr=0001ac98 vaddr=3ffb0000 size=0226ch (  8812) load[0m
[0;32mI (105) esp_image: segment 2: paddr=0001cf0c vaddr=40080000 size=0310ch ( 12556) load[0m
[0;32mI (112) esp_image: segment 3: paddr=00020020 vaddr=400d0020 size=1659ch ( 91548) map[0m
[0;32mI (148) esp_image: segment 4: paddr=000365c4 vaddr=4008310c size=0a708h ( 42760) load[0m
[0;32mI (173) boot: Loaded app from partition at offset 0x10000[0m
[0;32mI (173) boot: Disabling RNG early entropy source...[0m
[0;32mI (184) cpu_start: Multicore app[0m
[0;32mI (185) cpu_start: Pro cpu up.[0m
[0;32mI (185) cpu_start: Starting app cpu, entry point is 0x400811ac[0m
[0;32mI (181) cpu_start: App cpu up.[0m
[0;32mI (203) cpu_start: Pro cpu start user code[0m
[0;32mI (203) cpu_start: cpu freq: 160000000 Hz[0m
[0;32mI (203) cpu_start: Application information:[0m
[0;32mI (208) cpu_start: Project name:     nmea_parser[0m
[0;32mI (213) cpu_start: App version:      5f34df6-dirty[0m
[0;32mI (218) cpu_start: Compile time:     Oct 22 2023 16:37:07[0m
[0;32mI (225) cpu_start: ELF file SHA256:  a962406cef5bf9ae...[0m
[0;32mI (231) cpu_start: ESP-IDF:          v5.1.1[0m
[0;32mI (235) cpu_start: Min chip rev:     v0.0[0m
[0;32mI (240) cpu_start: Max chip rev:     v3.99 [0m
[0;32mI (245) cpu_start: Chip rev:         v1.0[0m
[0;32mI (250) heap_init: Initializing. RAM available for dynamic allocation:[0m
[0;32mI (257) heap_init: At 3FFAE6E0 len 00001920 (6 KiB): DRAM[0m
[0;32mI (263) heap_init: At 3FFB2B30 len 0002D4D0 (181 KiB): DRAM[0m
[0;32mI (269) heap_init: At 3FFE0440 len 00003AE0 (14 KiB): D/IRAM[0m
[0;32mI (276) heap_init: At 3FFE4350 len 0001BCB0 (111 KiB): D/IRAM[0m
[0;32mI (282) heap_init: At 4008D814 len 000127EC (73 KiB): IRAM[0m
[0;32mI (290) spi_flash: detected chip: gd[0m
[0;32mI (292) spi_flash: flash io: dio[0m
[0;33mW (296) spi_flash: Detected size(8192k) larger than the size in the binary image header(2048k). Using the size in the binary image header.[0m
[0;32mI (310) app_start: Starting scheduler on CPU0[0m
[0;32mI (315) app_start: Starting scheduler on CPU1[0m
[0;32mI (315) main_task: Started on CPU0[0m
[0;32mI (325) main_task: Calling app_main()[0m

assert failed: xQueueReceive queue.c:1475 (( pxQueue ))


Backtrace: 0x400817de:0x3ffb6c50 0x400862a5:0x3ffb6c70 0x4008c3a1:0x3ffb6c90 0x40086a8b:0x3ffb6db0 0x400d580b:0x3ffb6df0 0x40088955:0x3ffb6e20




ELF file SHA256: a962406cef5bf9ae

Rebooting...
[0;32mI (13) boot: ESP-IDF v5.1.1 2nd stage bootloader[0m
[0;32mI (13) boot: compile time Oct 15 2023 02:19:42[0m
[0;32mI (13) boot: Multicore bootloader[0m
[0;32mI (16) boot: chip revision: v1.0[0m
[0;32mI (20) boot.esp32: SPI Speed      : 40MHz[0m
[0;32mI (24) boot.esp32: SPI Mode       : DIO[0m
[0;32mI (29) boot.esp32: SPI Flash Size : 2MB[0m
[0;32mI (33) boot: Enabling RNG early entropy source...[0m
[0;32mI (39) boot: Partition Table:[0m
[0;32mI (42) boot: ## Label            Usage          Type ST Offset   Length[0m
[0;32mI (50) boot:  0 nvs              WiFi data        01 02 00009000 00006000[0m
[0;32mI (57) boot:  1 phy_init         RF data          01 01 0000f000 00001000[0m
[0;32mI (65) boot:  2 factory          factory app      00 00 00010000 00100000[0m
[0;32mI (72) boot: End of partition table[0m
[0;32mI (76) esp_image: segment 0: paddr=00010020 vaddr=3f400020 size=0ac70h ( 44144) map[0m
[0;32mI (101) esp_image: segment 1: paddr=0001ac98 vaddr=3ffb0000 size=0226ch (  8812) load[0m
[0;32mI (104) esp_image: segment 2: paddr=0001cf0c vaddr=40080000 size=0310ch ( 12556) load[0m
[0;32mI (112) esp_image: segment 3: paddr=00020020 vaddr=400d0020 size=1659ch ( 91548) map[0m
[0;32mI (148) esp_image: segment 4: paddr=000365c4 vaddr=4008310c size=0a708h ( 42760) load[0m
[0;32mI (173) boot: Loaded app from partition at offset 0x10000[0m
[0;32mI (173) boot: Disabling RNG early entropy source...[0m
[0;32mI (184) cpu_start: Multicore app[0m
[0;32mI (185) cpu_start: Pro cpu up.[0m
[0;32mI (185) cpu_start: Starting app cpu, entry point is 0x400811ac[0m
[0;32mI (181) cpu_start: App cpu up.[0m
[0;32mI (203) cpu_start: Pro cpu start user code[0m
[0;32mI (203) cpu_start: cpu freq: 160000000 Hz[0m
[0;32mI (203) cpu_start: Application information:[0m
[0;32mI (208) cpu_start: Project name:     nmea_parser[0m
[0;32mI (213) cpu_start: App version:      5f34df6-dirty[0m
[0;32mI (218) cpu_start: Compile time:     Oct 22 2023 16:37:07[0m
[0;32mI (225) cpu_start: ELF file SHA256:  a962406cef5bf9ae...[0m
[0;32mI (231) cpu_start: ESP-IDF:          v5.1.1[0m
[0;32mI (235) cpu_start: Min chip rev:     v0.0[0m
[0;32mI (240) cpu_start: Max chip rev:     v3.99 [0m
[0;32mI (245) cpu_start: Chip rev:         v1.0[0m
[0;32mI (250) heap_init: Initializing. RAM available for dynamic allocation:[0m
[0;32mI (257) heap_init: At 3FFAE6E0 len 00001920 (6 KiB): DRAM[0m
[0;32mI (263) heap_init: At 3FFB2B30 len 0002D4D0 (181 KiB): DRAM[0m
[0;32mI (269) heap_init: At 3FFE0440 len 00003AE0 (14 KiB): D/IRAM[0m
[0;32mI (276) heap_init: At 3FFE4350 len 0001BCB0 (111 KiB): D/IRAM[0m
[0;32mI (282) heap_init: At 4008D814 len 000127EC (73 KiB): IRAM[0m
[0;32mI (290) spi_flash: detected chip: gd[0m
[0;32mI (292) spi_flash: flash io: dio[0m
[0;33mW (296) spi_flash: Detected size(8192k) larger than the size in the binary image header(2048k). Using the size in the binary image header.[0m
[0;32mI (310) app_start: Starting scheduler on CPU0[0m
[0;32mI (315) app_start: Starting scheduler on CPU1[0m
[0;32mI (315) main_task: Started on CPU0[0m
[0;32mI (325) main_task: Calling app_main()[0m

assert failed: xQueueReceive queue.c:1475 (( pxQueue ))


Backtrace: 0x400817de:0x3ffb6c50 0x400862a5:0x3ffb6c70 0x4008c3a1:0x3ffb6c90 0x40086a8b:0x3ffb6db0 0x400d580b:0x3ffb6df0 0x40088955:0x3ffb6e20




ELF file SHA256: a962406cef5bf9ae

Rebooting...
[0;32mI (13) boot: ESP-IDF v5.1.1 2nd stage bootloader[0m
[0;32mI (13) boot: compile time Oct 15 2023 02:19:42[0m
[0;32mI (13) boot: Multicore bootloader[0m
[0;32mI (16) boot: chip revision: v1.0[0m
[0;32mI (20) boot.esp32: SPI Speed      : 40MHz[0m
[0;32mI (24) boot.esp32: SPI Mode       : DIO[0m
[0;32mI (29) boot.esp32: SPI Flash Size : 2MB[0m
[0;32mI (33) boot: Enabling RNG early entropy source...[0m
[0;32mI (39) boot: Partition Table:[0m
[0;32mI (42) boot: ## Label            Usage          Type ST Offset   Length[0m
[0;32mI (50) boot:  0 nvs              WiFi data        01 02 00009000 00006000[0m
[0;32mI (57) boot:  1 phy_init         RF data          01 01 0000f000 00001000[0m
[0;32mI (65) boot:  2 factory          factory app      00 00 00010000 00100000[0m
[0;32mI (72) boot: End of partition table[0m
[0;32mI (76) esp_image: segment 0: paddr=00010020 vaddr=3f400020 size=0ac70h ( 44144) map[0m
[0;32mI (101) esp_image: segment 1: paddr=0001ac98 vaddr=3ffb0000 size=0226ch (  8812) load[0m
[0;32mI (104) esp_image: segment 2: paddr=0001cf0c vaddr=40080000 size=0310ch ( 12556) load[0m
[0;32mI (112) esp_image: segment 3: paddr=00020020 vaddr=400d0020 size=1659ch ( 91548) map[0m
[0;32mI (148) esp_image: segment 4: paddr=000365c4 vaddr=4008310c size=0a708h ( 42760) load[0m
[0;32mI (173) boot: Loaded app from partition at offset 0x10000[0m
[0;32mI (173) boot: Disabling RNG early entropy source...[0m
[0;32mI (184) cpu_start: Multicore app[0m
[0;32mI (185) cpu_start: Pro cpu up.[0m
[0;32mI (185) cpu_start: Starting app cpu, entry point is 0x400811ac[0m
[0;32mI (181) cpu_start: App cpu up.[0m
[0;32mI (203) cpu_start: Pro cpu start user code[0m
[0;32mI (203) cpu_start: cpu freq: 160000000 Hz[0m
[0;32mI (203) cpu_start: Application information:[0m
[0;32mI (208) cpu_start: Project name:     nmea_parser[0m
[0;32mI (213) cpu_start: App version:      5f34df6-dirty[0m
[0;32mI (218) cpu_start: Compile time:     Oct 22 2023 16:37:07[0m
[0;32mI (225) cpu_start: ELF file SHA256:  a962406cef5bf9ae...[0m
[0;32mI (231) cpu_start: ESP-IDF:          v5.1.1[0m
[0;32mI (235) cpu_start: Min chip rev:     v0.0[0m
[0;32mI (240) cpu_start: Max chip rev:     v3.99 [0m
[0;32mI (245) cpu_start: Chip rev:         v1.0[0m
[0;32mI (250) heap_init: Initializing. RAM available for dynamic allocation:[0m
[0;32mI (257) heap_init: At 3FFAE6E0 len 00001920 (6 KiB): DRAM[0m
[0;32mI (263) heap_init: At 3FFB2B30 len 0002D4D0 (181 KiB): DRAM[0m
[0;32mI (269) heap_init: At 3FFE0440 len 00003AE0 (14 KiB): D/IRAM[0m
[0;32mI (276) heap_init: At 3FFE4350 len 0001BCB0 (111 KiB): D/IRAM[0m
[0;32mI (282) heap_init: At 4008D814 len 000127EC (73 KiB): IRAM[0m
[0;32mI (290) spi_flash: detected chip: gd[0m
[0;32mI (292) spi_flash: flash io: dio[0m
[0;33mW (296) spi_flash: Detected size(8192k) larger than the size in the binary image header(2048k). Using the size in the binary image header.[0m
[0;32mI (310) app_start: Starting scheduler on CPU0[0m
[0;32mI (315) app_start: Starting scheduler on CPU1[0m
[0;32mI (315) main_task: Started on CPU0[0m
[0;32mI (325) main_task: Calling app_main()[0m

assert failed: xQueueReceive queue.c:1475 (( pxQueue ))


Backtrace: 0x400817de:0x3ffb6c50 0x400862a5:0x3ffb6c70 0x4008c3a1:0x3ffb6c90 0x40086a8b:0x3ffb6db0 0x400d580b:0x3ffb6df0 0x40088955:0x3ffb6e20




ELF file SHA256: a962406cef5bf9ae

Rebooting...
[0;32mI (13) boot: ESP-IDF v5.1.1 2nd stage bootloader[0m
[0;32mI (13) boot: compile time Oct 15 2023 02:19:42[0m
[0;32mI (13) boot: Multicore bootloader[0m
[0;32mI (16) boot: chip revision: v1.0[0m
[0;32mI (20) boot.esp32: SPI Speed      : 40MHz[0m
[0;32mI (24) boot.esp32: SPI Mode       : DIO[0m
[0;32mI (29) boot.esp32: SPI Flash Size : 2MB[0m
[0;32mI (33) boot: Enabling RNG early entropy source...[0m
[0;32mI (39) boot: Partition Table:[0m
[0;32mI (42) boot: ## Label            Usage          Type ST Offset   Length[0m
[0;32mI (50) boot:  0 nvs              WiFi data        01 02 00009000 00006000[0m
[0;32mI (57) boot:  1 phy_init         RF data          01 01 0000f000 00001000[0m
[0;32mI (65) boot:  2 factory          factory app      00 00 00010000 00100000[0m
[0;32mI (72) boot: End of partition table[0m
[0;32mI (76) esp_image: segment 0: paddr=00010020 vaddr=3f400020 size=0ac70h ( 44144) map[0m
[0;32mI (101) esp_image: segment 1: paddr=0001ac98 vaddr=3ffb0000 size=0226ch (  8812) load[0m
[0;32mI (104) esp_image: segment 2: paddr=0001cf0c vaddr=40080000 size=0310ch ( 12556) load[0m
[0;32mI (112) esp_image: segment 3: paddr=00020020 vaddr=400d0020 size=1659ch ( 91548) map[0m
[0;32mI (148) esp_image: segment 4: paddr=000365c4 vaddr=4008310c size=0a708h ( 42760) load[0m
[0;32mI (173) boot: Loaded app from partition at offset 0x10000[0m
[0;32mI (173) boot: Disabling RNG early entropy source...[0m
[0;32mI (184) cpu_start: Multicore app[0m
[0;32mI (185) cpu_start: Pro cpu up.[0m
[0;32mI (185) cpu_start: Starting app cpu, entry point is 0x400811ac[0m
[0;32mI (181) cpu_start: App cpu up.[0m
[0;32mI (203) cpu_start: Pro cpu start user code[0m
[0;32mI (203) cpu_start: cpu freq: 160000000 Hz[0m
[0;32mI (203) cpu_start: Application information:[0m
[0;32mI (208) cpu_start: Project name:     nmea_parser[0m
[0;32mI (213) cpu_start: App version:      5f34df6-dirty[0m
[0;32mI (218) cpu_start: Compile time:     Oct 22 2023 16:37:07[0m
[0;32mI (225) cpu_start: ELF file SHA256:  a962406cef5bf9ae...[0m
[0;32mI (231) cpu_start: ESP-IDF:          v5.1.1[0m
[0;32mI (235) cpu_start: Min chip rev:     v0.0[0m
[0;32mI (240) cpu_start: Max chip rev:     v3.99 [0m
[0;32mI (245) cpu_start: Chip rev:         v1.0[0m
[0;32mI (250) heap_init: Initializing. RAM available for dynamic allocation:[0m
[0;32mI (257) heap_init: At 3FFAE6E0 len 00001920 (6 KiB): DRAM[0m
[0;32mI (263) heap_init: At 3FFB2B30 len 0002D4D0 (181 KiB): DRAM[0m
[0;32mI (269) heap_init: At 3FFE0440 len 00003AE0 (14 KiB): D/IRAM[0m
[0;32mI (276) heap_init: At 3FFE4350 len 0001BCB0 (111 KiB): D/IRAM[0m
[0;32mI (282) heap_init: At 4008D814 len 000127EC (73 KiB): IRAM[0m
[0;32mI (290) spi_flash: detected chip: gd[0m
[0;32mI (292) spi_flash: flash io: dio[0m
[0;33mW (296) spi_flash: Detected size(8192k) larger than the size in the binary image header(2048k). Using the size in the binary image header.[0m
[0;32mI (310) app_start: Starting scheduler on CPU0[0m
[0;32mI (315) app_start: Starting scheduler on CPU1[0m
[0;32mI (315) main_task: Started on CPU0[0m
[0;32mI (325) main_task: Calling app_main()[0m

assert failed: xQueueReceive queue.c:1475 (( pxQueue ))


Backtrace: 0x400817de:0x3ffb6c50 0x400862a5:0x3ffb6c70 0x4008c3a1:0x3ffb6c90 0x40086a8b:0x3ffb6db0 0x400d580b:0x3ffb6df0 0x40088955:0x3ffb6e20




ELF file SHA256: a962406cef5bf9ae

Rebooting...
[0;32mI (13) boot: ESP-IDF v5.1.1 2nd stage bootloader[0m
[0;32mI (13) boot: compile time Oct 15 2023 02:19:42[0m
[0;32mI (13) boot: Multicore bootloader[0m
[0;32mI (16) boot: chip revision: v1.0[0m
[0;32mI (20) boot.esp32: SPI Speed      : 40MHz[0m
[0;32mI (24) boot.esp32: SPI Mode       : DIO[0m
[0;32mI (29) boot.esp32: SPI Flash Size : 2MB[0m
[0;32mI (33) boot: Enabling RNG early entropy source...[0m
[0;32mI (39) boot: Partition Table:[0m
[0;32mI (42) boot: ## Label            Usage          Type ST Offset   Length[0m
[0;32mI (50) boot:  0 nvs              WiFi data        01 02 00009000 00006000[0m
[0;32mI (57) boot:  1 phy_init         RF data          01 01 0000f000 00001000[0m
[0;32mI (65) boot:  2 factory          factory app      00 00 00010000 00100000[0m
[0;32mI (72) boot: End of partition table[0m
[0;32mI (76) esp_image: segment 0: paddr=00010020 vaddr=3f400020 size=0ac70h ( 44144) map[0m
[0;32mI (101) esp_image: segment 1: paddr=0001ac98 vaddr=3ffb0000 size=0226ch (  8812) load[0m
[0;32mI (104) esp_image: segment 2: paddr=0001cf0c vaddr=40080000 size=0310ch ( 12556) load[0m
[0;32mI (112) esp_image: segment 3: paddr=00020020 vaddr=400d0020 size=1659ch ( 91548) map[0m
[0;32mI (148) esp_image: segment 4: paddr=000365c4 vaddr=4008310c size=0a708h ( 42760) load[0m
[0;32mI (173) boot: Loaded app from partition at offset 0x10000[0m
[0;32mI (173) boot: Disabling RNG early entropy source...[0m
[0;32mI (184) cpu_start: Multicore app[0m
[0;32mI (185) cpu_start: Pro cpu up.[0m
[0;32mI (185) cpu_start: Starting app cpu, entry point is 0x400811ac[0m
[0;32mI (181) cpu_start: App cpu up.[0m
[0;32mI (203) cpu_start: Pro cpu start user code[0m
[0;32mI (203) cpu_start: cpu freq: 160000000 Hz[0m
[0;32mI (203) cpu_start: Application information:[0m
[0;32mI (208) cpu_start: Project name:     nmea_parser[0m
[0;32mI (213) cpu_start: App version:      5f34df6-dirty[0m
[0;32mI (218) cpu_start: Compile time:     Oct 22 2023 16:37:07[0m
[0;32mI (225) cpu_start: ELF file SHA256:  a962406cef5bf9ae...[0m
[0;32mI (231) cpu_start: ESP-IDF:          v5.1.1[0m
[0;32mI (235) cpu_start: Min chip rev:     v0.0[0m
[0;32mI (240) cpu_start: Max chip rev:     v3.99 [0m
[0;32mI (245) cpu_start: Chip rev:         v1.0[0m
[0;32mI (250) heap_init: Initializing. RAM available for dynamic allocation:[0m
[0;32mI (257) heap_init: At 3FFAE6E0 len 00001920 (6 KiB): DRAM[0m
[0;32mI (263) heap_init: At 3FFB2B30 len 0002D4D0 (181 KiB): DRAM[0m
[0;32mI (269) heap_init: At 3FFE0440 len 00003AE0 (14 KiB): D/IRAM[0m
[0;32mI (276) heap_init: At 3FFE4350 len 0001BCB0 (111 KiB): D/IRAM[0m
[0;32mI (282) heap_init: At 4008D814 len 000127EC (73 KiB): IRAM[0m
[0;32mI (290) spi_flash: detected chip: gd[0m
[0;32mI (292) spi_flash: flash io: dio[0m
[0;33mW (296) spi_flash: Detected size(8192k) larger than the size in the binary image header(2048k). Using the size in the binary image header.[0m
[0;32mI (310) app_start: Starting scheduler on CPU0[0m
[0;32mI (315) app_start: Starting scheduler on CPU1[0m
[0;32mI (315) main_task: Started on CPU0[0m
[0;32mI (325) main_task: Calling app_main()[0m

assert failed: xQueueReceive queue.c:1475 (( pxQueue ))


Backtrace: 0x400817de:0x3ffb6c50 0x400862a5:0x3ffb6c70 0x4008c3a1:0x3ffb6c90 0x40086a8b:0x3ffb6db0 0x400d580b:0x3ffb6df0 0x40088955:0x3ffb6e20




ELF file SHA256: a962406cef5bf9ae

Rebooting...
[0;32mI (13) boot: ESP-IDF v5.1.1 2nd stage bootloader[0m
[0;32mI (13) boot: compile time Oct 15 2023 02:19:42[0m
[0;32mI (13) boot: Multicore bootloader[0m
[0;32mI (16) boot: chip revision: v1.0[0m
[0;32mI (20) boot.esp32: SPI Speed      : 40MHz[0m
[0;32mI (24) boot.esp32: SPI Mode       : DIO[0m
[0;32mI (29) boot.esp32: SPI Flash Size : 2MB[0m
[0;32mI (33) boot: Enabling RNG early entropy source...[0m
[0;32mI (39) boot: Partition Table:[0m
[0;32mI (42) boot: ## Label            Usage          Type ST Offset   Length[0m
[0;32mI (50) boot:  0 nvs              WiFi data        01 02 00009000 00006000[0m
[0;32mI (57) boot:  1 phy_init         RF data          01 01 0000f000 00001000[0m
[0;32mI (65) boot:  2 factory          factory app      00 00 00010000 00100000[0m
[0;32mI (72) boot: End of partition table[0m
[0;32mI (76) esp_image: segment 0: paddr=00010020 vaddr=3f400020 size=0ac70h ( 44144) map[0m
[0;32mI (101) esp_image: segment 1: paddr=0001ac98 vaddr=3ffb0000 size=0226ch (  8812) load[0m
[0;32mI (104) esp_image: segment 2: paddr=0001cf0c vaddr=40080000 size=0310ch ( 12556) load[0m
[0;32mI (112) esp_image: segment 3: paddr=00020020 vaddr=400d0020 size=1659ch ( 91548) map[0m
[0;32mI (148) esp_image: segment 4: paddr=000365c4 vaddr=4008310c size=0a708h ( 42760) load[0m
[0;32mI (173) boot: Loaded app from partition at offset 0x10000[0m
[0;32mI (173) boot: Disabling RNG early entropy source...[0m
[0;32mI (184) cpu_start: Multicore app[0m
[0;32mI (185) cpu_start: Pro cpu up.[0m
[0;32mI (185) cpu_start: Starting app cpu, entry point is 0x400811ac[0m
[0;32mI (181) cpu_start: App cpu up.[0m
[0;32mI (203) cpu_start: Pro cpu start user code[0m
[0;32mI (203) cpu_start: cpu freq: 160000000 Hz[0m
[0;32mI (203) cpu_start: Application information:[0m
[0;32mI (208) cpu_start: Project name:     nmea_parser[0m
[0;32mI (213) cpu_start: App version:      5f34df6-dirty[0m
[0;32mI (218) cpu_start: Compile time:     Oct 22 2023 16:37:07[0m
[0;32mI (225) cpu_start: ELF file SHA256:  a962406cef5bf9ae...[0m
[0;32mI (231) cpu_start: ESP-IDF:          v5.1.1[0m
[0;32mI (235) cpu_start: Min chip rev:     v0.0[0m
[0;32mI (240) cpu_start: Max chip rev:     v3.99 [0m
[0;32mI (245) cpu_start: Chip rev:         v1.0[0m
[0;32mI (250) heap_init: Initializing. RAM available for dynamic allocation:[0m
[0;32mI (257) heap_init: At 3FFAE6E0 len 00001920 (6 KiB): DRAM[0m
[0;32mI (263) heap_init: At 3FFB2B30 len 0002D4D0 (181 KiB): DRAM[0m
[0;32mI (269) heap_init: At 3FFE0440 len 00003AE0 (14 KiB): D/IRAM[0m
[0;32mI (276) heap_init: At 3FFE4350 len 0001BCB0 (111 KiB): D/IRAM[0m
[0;32mI (282) heap_init: At 4008D814 len 000127EC (73 KiB): IRAM[0m
[0;32mI (290) spi_flash: detected chip: gd[0m
[0;32mI (292) spi_flash: flash io: dio[0m
[0;33mW (296) spi_flash: Detected size(8192k) larger than the size in the bina5Ñ…ï¿½ï¿½ï¿½ Chip rev:         v1.0[0m
[0;32mI (250) heap_init: Initializing. RAM available for dynamic allocation:[0m
[0;32mI (257) heap_init: At 3FFAE6E0 len 00001920 (6 KiB): DRAM[0m
[0;32mI (263) heap_init: At 3FFB2B30 len 0002D4D0 (181 KiB): DRAM[0m
[0;32mI (269) heap_init: At 3FFE0440 len 00003AE0 (14 KiB): D/IRAM[0m
[0;32mI (276) heap_init: At 3FFE4350 len 0001BCB0 (111 KiB): D/IRAM[0m
[0;32mI (282) heap_init: At 4008D814 len 000127EC (73 KiB): IRAM[0m
[0;32mI (290) spi_flash: detected chip: gd[0m
[0;32mI (292) spi_flash: flash io: dio[0m
[0;33mW (296) spi_flash: Detected size(8192k) larger than the size in the binary image header(2048k). Using the size in the binary image header.[0m
[0;32mI (310) app_start: Starting scheduler on CPU0[0m
[0;32mI (315) app_start: Starting scheduler on CPU1[0m
[0;32mI (315) main_task: Started on CPU0[0m
[0;32mI (325) main_task: Calling app_main()[0m

assert failed: xQueueReceive queue.c:1475 (( pxQueue ))


Backtrace: 0x400817de:0x3ffb6c50 0x400862a5:0x3ffb6c70 0x4008c3a1:0x3ffb6c90 0x40086a8b:0x3ffb6db0 0x400d580b:0x3ffb6df0 0x40088955:0x3ffb6e20




ELF file SHA256: a962406cef5bf9ae

Rebooting...
[0;32mI (13) boot: ESP-IDF v5.1.1 2nd stage bootloader[0m
[0;32mI (13) boot: compile time Oct 15 2023 02:19:42[0m
[0;32mI (13) boot: Multicore bootloader[0m
[0;32mI (16) boot: chip revision: v1.0[0m
[0;32mI (20) boot.esp32: SPI Speed      : 40MHz[0m
[0;32mI (24) boot.esp32: SPI Mode       : DIO[0m
[0;32mI (29) boot.esp32: SPI Flash Size : 2MB[0m
[0;32mI (33) boot: Enabling RNG early entropy source...[0m
[0;32mI (39) boot: Partition Table:[0m
[0;32mI (42) boot: ## Label            Usage          Type ST Offset   Length[0m
[0;32mI (50) boot:  0 nvs              WiFi data        01 02 00009000 00006000[0m
[0;32mI (57) boot:  1 phy_init         RF data          01 01 0000f000 00001000[0m
[0;32mI (65) boot:  2 factory          factory app      00 00 00010000 00100000[0m
[0;32mI (72) boot: End of partition table[0m
[0;32mI (76) esp_image: segment 0: paddr=00010020 vaddr=3f400020 size=0ac70h ( 44144) map[0m
[0;32mI (101) esp_image: segment 1: paddr=0001ac98 vaddr=3ffb0000 size=0226ch (  8812) load[0m
[0;32mI (104) esp_image: segment 2: paddr=0001cf0c vaddr=40080000 size=0310ch ( 12556) load[0m
[0;32mI (112) esp_image: segment 3: paddr=00020020 vaddr=400d0020 size=1659ch ( 91548) map[0m
[0;32mI (148) esp_image: segment 4: paddr=000365c4 vaddr=4008310c size=0a708h ( 42760) load[0m
[0;32mI (173) boot: Loaded app from partition at offset 0x10000[0m
[0;32mI (173) boot: Disabling RNG early entropy source...[0m
[0;32mI (184) cpu_start: Multicore app[0m
[0;32mI (185) cpu_start: Pro cpu up.[0m
[0;32mI (185) cpu_start: Starting app cpu, entry point is 0x400811ac[0m
[0;32mI (181) cpu_start: App cpu up.[0m
[0;32mI (203) cpu_start: Pro cpu start user code[0m
[0;32mI (203) cpu_start: cpu freq: 160000000 Hz[0m
[0;32mI (203) cpu_start: Application information:[0m
[0;32mI (208) cpu_start: Project name:     nmea_parser[0m
[0;32mI (213) cpu_start: App version:      5f34df6-dirty[0m
[0;32mI (218) cpu_start: Compile time:     Oct 22 2023 16:37:07[0m
[0;32mI (225) cpu_start: ELF file SHA256:  a962406cef5bf9ae...[0m
[0;32mI (231) cpu_start: ESP-IDF:          v5.1.1[0m
[0;32mI (235) cpu_start: Min chip rev:     v0.0[0m
[0;32mI (240) cpu_start: Max chip rev:     v3.99 [0m
[0;32mI (245) cpu_start: Chip rev:         v1.0[0m
[0;32mI (250) heap_init: Initializing. RAM available for dynamic allocation:[0m
[0;32mI (257) heap_init: At 3FFAE6E0 len 00001920 (6 KiB): DRAM[0m
[0;32mI (263) heap_init: At 3FFB2B30 len 0002D4D0 (181 KiB): DRAM[0m
[0;32mI (269) heap_init: At 3FFE0440 len 00003AE0 (14 KiB): D/IRAM[0m
[0;32mI (276) heap_init: At 3FFE4350 len 0001BCB0 (111 KiB): D/IRAM[0m
[0;32mI (282) heap_init: At 4008D814 len 000127EC (73 KiB): IRAM[0m
[0;32mI (290) spi_flash: detected chip: gd[0m
[0;32mI (292) spi_flash: flash io: dio[0m
[0;33mW (296) spi_flash: Detected size(8192k) larger than the size in the binary image header(2048k). Using the size in the binary image header.[0m
[0;32mI (310) app_start: Starting scheduler on CPU0[0m
[0;32mI (315) app_start: Starting scheduler on CPU1[0m
[0;32mI (315) main_task: Started on CPU0[0m
[0;32mI (325) main_task: Calling app_main()[0m

assert failed: xQueueReceive queue.c:1475 (( pxQueue ))


Backtrace: 0x400817de:0x3ffb6c50 0x400862a5:0x3ffb6c70 0x4008c3a1:0x3ffb6c90 0x40086a8b:0x3ffb6db0 0x400d580b:0x3ffb6df0 0x40088955:0x3ffb6e20




ELF file SHA256: a962406cef5bf9ae

Rebooting...
[0;32mI (13) boot: ESP-IDF v5.1.1 2nd stage bootloader[0m
[0;32mI (13) boot: compile time Oct 15 2023 02:19:42[0m
[0;32mI (13) boot: Multicore bootloader[0m
[0;32mI (16) boot: chip revision: v1.0[0m
[0;32mI (20) boot.esp32: SPI Speed      : 40MHz[0m
[0;32mI (24) boot.esp32: SPI Mode       : DIO[0m
[0;32mI (29) boot.esp32: SPI Flash Size : 2MB[0m
[0;32mI (33) boot: Enabling RNG early entropy source...[0m
[0;32mI (39) boot: Partition Table:[0m
[0;32mI (42) boot: ## Label            Usage          Type ST Offset   Length[0m
[0;32mI (50) boot:  0 nvs              WiFi data        01 02 00009000 00006000[0m
[0;32mI (57) boot:  1 phy_init         RF data          01 01 0000f000 00001000[0m
[0;32mI (65) boot:  2 factory          factory app      00 00 00010000 00100000[0m
[0;32mI (72) boot: End of partition table[0m
[0;32mI (76) esp_image: segment 0: paddr=00010020 vaddr=3f400020 size=0ac70h ( 44144) map[0m
[0;32mI (101) esp_image: segment 1: paddr=0001ac98 vaddr=3ffb0000 size=0226ch (  8812) load[0m
[0;32mI (104) esp_image: segment 2: paddr=0001cf0c vaddr=40080000 size=0310ch ( 12556) load[0m
[0;32mI (112) esp_image: segment 3: paddr=00020020 vaddr=400d0020 size=1659ch ( 91548) map[0m
[0;32mI (148) esp_image: segment 4: paddr=000365c4 vaddr=4008310c size=0a708h ( 42760) load[0m
[0;32mI (173) boot: Loaded app from partition at offset 0x10000[0m
[0;32mI (173) boot: Disabling RNG early entropy source...[0m
[0;32mI (184) cpu_start: Multicore app[0m
[0;32mI (185) cpu_start: Pro cpu up.[0m
[0;32mI (185) cpu_start: Starting app cpu, entry point is 0x400811ac[0m
[0;32mI (181) cpu_start: App cpu up.[0m
[0;32mI (203) cpu_start: Pro cpu start user code[0m
[0;32mI (203) cpu_start: cpu freq: 160000000 Hz[0m
[0;32mI (203) cpu_start: Application information:[0m
[0;32mI (208) cpu_start: Project name:     nmea_parser[0m
[0;32mI (213) cpu_start: App version:      5f34df6-dirty[0m
[0;32mI (218) cpu_start: Compile time:     Oct 22 2023 16:37:07[0m
[0;32mI (225) cpu_start: ELF file SHA256:  a962406cef5bf9ae...[0m
[0;32mI (231) cpu_start: ESP-IDF:          v5.1.1[0m
[0;32mI (235) cpu_start: Min chip rev:     v0.0[0m
[0;32mI (240) cpu_start: Max chip rev:     v3.99 [0m
[0;32mI (245) cpu_start: Chip rev:         v1.0[0m
[0;32mI (250) heap_init: Initializing. RAM available for dynamic allocation:[0m
[0;32mI (257) heap_init: At 3FFAE6E0 len 00001920 (6 KiB): DRAM[0m
[0;32mI (263) heap_init: At 3FFB2B30 len 0002D4D0 (181 KiB): DRAM[0m
[0;32mI (269) heap_init: At 3FFE0440 len 00003AE0 (14 KiB): D/IRAM[0m
[0;32mI (276) heap_init: At 3FFE4350 len 0001BCB0 (111 KiB): D/IRAM[0m
[0;32mI (282) heap_init: At 4008D814 len 000127EC (73 KiB): IRAM[0m
[0;32mI (290) spi_flash: detected chip: gd[0m
[0;32mI (292) spi_flash: flash io: dio[0m
[0;33mW (296) spi_flash: Detected size(8192k) larger than the size in the binary image header(2048k). Using the size in the binary image header.[0m
[0;32mI (310) app_start: Starting scheduler on CPU0[0m
[0;32mI (315) app_start: Starting scheduler on CPU1[0m
[0;32mI (315) main_task: Started on CPU0[0m
[0;32mI (325) main_task: Calling app_main()[0m

assert failed: xQueueReceive queue.c:1475 (( pxQueue ))


Backtrace: 0x400817de:0x3ffb6c50 0x400862a5:0x3ffb6c70 0x4008c3a1:0x3ffb6c90 0x40086a8b:0x3ffb6db0 0x400d580b:0x3ffb6df0 0x40088955:0x3ffb6e20




ELF file SHA256: a962406cef5bf9ae

Rebooting...
[0;32mI (13) boot: ESP-IDF v5.1.1 2nd stage bootloader[0m
[0;32mI (13) boot: compile time Oct 15 2023 02:19:42[0m
[0;32mI (13) boot: Multicore bootloader[0m
[0;32mI (16) boot: chip revision: v1.0[0m
[0;32mI (20) boot.esp32: SPI Speed      : 40MHz[0m
[0;32mI (24) boot.esp32: SPI Mode       : DIO[0m
[0;32mI (29) boot.esp32: SPI Flash Size : 2MB[0m
[0;32mI (33) boot: Enabling RNG early entropy source...[0m
[0;32mI (39) boot: Partition Table:[0m
[0;32mI (42) boot: ## Label            Usage          Type ST Offset   Length[0m
[0;32mI (50) boot:  0 nvs              WiFi data        01 02 00009000 00006000[0m
[0;32mI (57) boot:  1 phy_init         RF data          01 01 0000f000 00001000[0m
[0;32mI (65) boot:  2 factory          factory app      00 00 00010000 00100000[0m
[0;32mI (72) boot: End of partition table[0m
[0;32mI (76) esp_image: segment 0: paddr=00010020 vaddr=3f400020 size=0ac70h ( 44144) map[0m
[0;32mI (101) esp_image: segment 1: paddr=0001ac98 vaddr=3ffb0000 size=0226ch (  8812) load[0m
[0;32mI (104) esp_image: segment 2: paddr=0001cf0c vaddr=40080000 size=0310ch ( 12556) load[0m
[0;32mI (112) esp_image: segment 3: paddr=00020020 vaddr=400d0020 size=1659ch ( 91548) map[0m
[0;32mI (148) esp_image: segment 4: paddr=000365c4 vaddr=4008310c size=0a708h ( 42760) load[0m
[0;32mI (173) boot: Loaded app from partition at offset 0x10000[0m
[0;32mI (173) boot: Disabling RNG early entropy source...[0m
[0;32mI (184) cpu_start: Multicore app[0m
[0;32mI (185) cpu_start: Pro cpu up.[0m
[0;32mI (185) cpu_start: Starting app cpu, entry point is 0x400811ac[0m
[0;32mI (181) cpu_start: App cpu up.[0m
[0;32mI (203) cpu_start: Pro cpu start user code[0m
[0;32mI (203) cpu_start: cpu freq: 160000000 Hz[0m
[0;32mI (203) cpu_start: Application information:[0m
[0;32mI (208) cpu_start: Project name:     nmea_parser[0m
[0;32mI (213) cpu_start: App version:      5f34df6-dirty[0m
[0;32mI (218) cpu_start: Compile time:     Oct 22 2023 16:37:07[0m
[0;32mI (225) cpu_start: ELF file SHA256:  a962406cef5bf9ae...[0m
[0;32mI (231) cpu_start: ESP-IDF:          v5.1.1[0m
[0;32mI (235) cpu_start: Min chip rev:     v0.0[0m
[0;32mI (240) cpu_start: Max chip rev:     v3.99 [0m
[0;32mI (245) cpu_start: Chip rev:         v1.0[0m
[0;32mI (250) heap_init: Initializing. RAM available for dynamic allocation:[0m
[0;32mI (257) heap_init: At 3FFAE6E0 len 00001920 (6 KiB): DRAM[0m
[0;32mI (263) heap_init: At 3FFB2B30 len 0002D4D0 (181 KiB): DRAM[0m
[0;32mI (269) heap_init: At 3FFE0440 len 00003AE0 (14 KiB): D/IRAM[0m
[0;32mI (276) heap_init: At 3FFE4350 len 0001BCB0 (111 KiB): D/IRAM[0m
[0;32mI (282) heap_init: At 4008D814 len 000127EC (73 KiB): IRAM[0m
[0;32mI (290) spi_flash: detected chip: gd[0m
[0;32mI (292) spi_flash: flash io: dio[0m
[0;33mW (296) spi_flash: Detected size(8192k) larger than the size in the binary image header(2048k). Using the size in the binary image header.[0m
[0;32mI (310) app_start: Starting scheduler on CPU0[0m
[0;32mI (315) app_start: Starting scheduler on CPU1[0m
[0;32mI (315) main_task: Started on CPU0[0m
[0;32mI (325) main_task: Calling app_main()[0m

assert failed: xQueueReceive queue.c:1475 (( pxQueue ))


Backtrace: 0x400817de:0x3ffb6c50 0x400862a5:0x3ffb6c70 0x4008c3a1:0x3ffb6c90 0x40086a8b:0x3ffb6db0 0x400d580b:0x3ffb6df0 0x40088955:0x3ffb6e20




ELF file SHA256: a962406cef5bf9ae

Rebooting...
[0;32mI (13) boot: ESP-IDF v5.1.1 2nd stage bootloader[0m
[0;32mI (13) boot: compile time Oct 15 2023 02:19:42[0m
[0;32mI (13) boot: Multicore bootloader[0m
[0;32mI (16) boot: chip revision: v1.0[0m
[0;32mI (20) boot.esp32: SPI Speed      : 40MHz[0m
[0;32mI (24) boot.esp32: SPI Mode       : DIO[0m
[0;32mI (29) boot.esp32: SPI Flash Size : 2MB[0m
[0;32mI (33) boot: Enabling RNG early entropy source...[0m
[0;32mI (39) boot: Partition Table:[0m
[0;32mI (42) boot: ## Label            Usage          Type ST Offset   Length[0m
[0;32mI (50) boot:  0 nvs              WiFi data        01 02 00009000 00006000[0m
[0;32mI (57) boot:  1 phy_init         RF data          01 01 0000f000 00001000[0m
[0;32mI (65) boot:  2 factory          factory app      00 00 00010000 00100000[0m
[0;32mI (72) boot: End of partition table[0m
[0;32mI (76) esp_image: segment 0: paddr=00010020 vaddr=3f400020 size=0ac70h ( 44144) map[0m
[0;32mI (101) esp_image: segment 1: paddr=0001ac98 vaddr=3ffb0000 size=0226ch (  8812) load[0m
[0;32mI (104) esp_image: segment 2: paddr=0001cf0c vaddr=40080000 size=0310ch ( 12556) load[0m
[0;32mI (112) esp_image: segment 3: paddr=00020020 vaddr=400d0020 size=1659ch ( 91548) map[0m
[0;32mI (148) esp_image: segment 4: paddr=000365c4 vaddr=4008310c size=0a708h ( 42760) load[0m
[0;32mI (173) boot: Loaded app from partition at offset 0x10000[0m
[0;32mI (173) boot: Disabling RNG early entropy source...[0m
[0;32mI (184) cpu_start: Multicore app[0m
[0;32mI (185) cpu_start: Pro cpu up.[0m
[0;32mI (185) cpu_start: Starting app cpu, entry point is 0x400811ac[0m
[0;32mI (181) cpu_start: App cpu up.[0m
[0;32mI (203) cpu_start: Pro cpu start user code[0m
[0;32mI (203) cpu_start: cpu freq: 160000000 Hz[0m
[0;32mI (203) cpu_start: Application information:[0m
[0;32mI (208) cpu_start: Project name:     nmea_parser[0m
[0;32mI (213) cpu_start: App version:      5f34df6-dirty[0m
[0;32mI (218) cpu_start: Compile time:     Oct 22 2023 16:37:07[0m
[0;32mI (225) cpu_start: ELF file SHA256:  a962406cef5bf9ae...[0m
[0;32mI (231) cpu_start: ESP-IDF:          v5.1.1[0m
[0;32mI (235) cpu_start: Min chip rev:     v0.0[0m
[0;32mI (240) cpu_start: Max chip rev:     v3.99 [0m
[0;32mI (245) cpu_start: Chip rev:         v1.0[0m
[0;32mI (250) heap_init: Initializing. RAM available for dynamic allocation:[0m
[0;32mI (257) heap_init: At 3FFAE6E0 len 00001920 (6 KiB): DRAM[0m
[0;32mI (263) heap_init: At 3FFB2B30 len 0002D4D0 (181 KiB): DRAM[0m
[0;32mI (269) heap_init: At 3FFE0440 len 00003AE0 (14 KiB): D/IRAM[0m
[0;32mI (276) heap_init: At 3FFE4350 len 0001BCB0 (111 KiB): D/IRAM[0m
[0;32mI (282) heap_init: At 4008D814 len 000127EC (73 KiB): IRAM[0m
[0;32mI (290) spi_flash: detected chip: gd[0m
[0;32mI (292) spi_flash: flash io: dio[0m
[0;33mW (296) spi_flash: Detected size(8192k) larger than the size in the binary image header(2048k). Using the size in the binary image header.[0m
[0;32mI (310) app_start: Starting scheduler on CPU0[0m
[0;32mI (315) app_start: Starting scheduler on CPU1[0m
[0;32mI (315) main_task: Started on CPU0[0m
[0;32mI (325) main_task: Calling app_main()[0m

assert failed: xQueueReceive queue.c:1475 (( pxQueue ))


Backtrace: 0x400817de:0x3ffb6c50 0x400862a5:0x3ffb6c70 0x4008c3a1:0x3ffb6c90 0x40086a8b:0x3ffb6db0 0x400d580b:0x3ffb6df0 0x40088955:0x3ffb6e20




ELF file SHA256: a962406cef5bf9ae

Rebooting...
[0;32mI (13) boot: ESP-IDF v5.1.1 2nd stage bootloader[0m
[0;32mI (13) boot: compile time Oct 15 2023 02:19:42[0m
[0;32mI (13) boot: Multicore bootloader[0m
[0;32mI (16) boot: chip revision: v1.0[0m
[0;32mI (20) boot.esp32: SPI Speed      : 40MHz[0m
[0;32mI (24) boot.esp32: SPI Mode       : DIO[0m
[0;32mI (29) boot.esp32: SPI Flash Size : 2MB[0m
[0;32mI (33) boot: Enabling RNG early entropy source...[0m
[0;32mI (39) boot: Partition Table:[0m
[0;32mI (42) boot: ## Label            Usage          Type ST Offset   Length[0m
[0;32mI (50) boot:  0 nvs              WiFi data        01 02 00009000 00006000[0m
[0;32mI (57) boot:  1 phy_init         RF data          01 01 0000f000 00001000[0m
[0;32mI (65) boot:  2 factory          factory app      00 00 00010000 00100000[0m
[0;32mI (72) boot: End of partition table[0m
[0;32mI (76) esp_image: segment 0: paddr=00010020 vaddr=3f400020 size=0ac70h ( 44144) map[0m
[0;32mI (101) esp_image: segment 1: paddr=0001ac98 vaddr=3ffb0000 size=0226ch (  8812) load[0m
[0;32mI (104) esp_image: segment 2: paddr=0001cf0c vaddr=40080000 size=0310ch ( 12556) load[0m
[0;32mI (112) esp_image: segment 3: paddr=00020020 vaddr=400d0020 size=1659ch ( 91548) map[0m
[0;32mI (148) esp_image: segment 4: paddr=000365c4 vaddr=4008310c size=0a708h ( 42760) load[0m
[0;32mI (173) boot: Loaded app from partition at offset 0x10000[0m
[0;32mI (173) boot: Disabling RNG early entropy source...[0m
[0;32mI (184) cpu_start: Multicore app[0m
[0;32mI (185) cpu_start: Pro cpu up.[0m
[0;32mI (185) cpu_start: Starting app cpu, entry point is 0x400811ac[0m
[0;32mI (181) cpu_start: App cpu up.[0m
[0;32mI (203) cpu_start: Pro cpu start user code[0m
[0;32mI (203) cpu_start: cpu freq: 160000000 Hz[0m
[0;32mI (203) cpu_start: Application information:[0m
[0;32mI (208) cpu_start: Project name:     nmea_parser[0m
[0;32mI (213) cpu_start: App version:      5f34df6-dirty[0m
[0;32mI (218) cpu_start: Compile time:     Oct 22 2023 16:37:07[0m
[0;32mI (225) cpu_start: ELF file SHA256:  a962406cef5bf9ae...[0m
[0;32mI (231) cpu_start: ESP-IDF:          v5.1.1[0m
[0;32mI (235) cpu_start: Min chip rev:     v0.0[0m
[0;32mI (240) cpu_start: Max chip rev:     v3.99 [0m
[0;32mI (245) cpu_start: Chip rev:         v1.0[0m
[0;32mI (250) heap_init: Initializing. RAM available for dynamic allocation:[0m
[0;32mI (257) heap_init: At 3FFAE6E0 len 00001920 (6 KiB): DRAM[0m
[0;32mI (263) heap_init: At 3FFB2B30 len 0002D4D0 (181 KiB): DRAM[0m
[0;32mI (269) heap_init: At 3FFE0440 len 00003AE0 (14 KiB): D/IRAM[0m
[0;32mI (276) heap_init: At 3FFE4350 len 0001BCB0 (111 KiB): D/IRAM[0m
[0;32mI (282) heap_init: At 4008D814 len 000127EC (73 KiB): IRAM[0m
[0;32mI (290) spi_flash: detected chip: gd[0m
[0;32mI (292) spi_flash: flash io: dio[0m
[0;33mW (296) spi_flash: Detected size(8192k) larger than the size in the binary image header(2048k). Using the size in the binary image header.[0m
[0;32mI (310) app_start: Starting scheduler on CPU0[0m
[0;32mI (315) app_start: Starting scheduler on CPU1[0m
[0;32mI (315) main_task: Started on CPU0[0m
[0;32mI (325) main_task: Calling app_main()[0m

assert failed: xQueueReceive queue.c:1475 (( pxQueue ))


Backtrace: 0x400817de:0x3ffb6c50 0x400862a5:0x3ffb6c70 0x4008c3a1:0x3ffb6c90 0x40086a8b:0x3ffb6db0 0x400d580b:0x3ffb6df0 0x40088955:0x3ffb6e20




ELF file SHA256: a962406cef5bf9ae

Rebooting...
[0;32mI (13) boot: ESP-IDF v5.1.1 2nd stage bootloader[0m
[0;32mI (13) boot: compile time Oct 15 2023 02:19:42[0m
[0;32mI (13) boot: Multicore bootloader[0m
[0;32mI (16) boot: chip revision: v1.0[0m
[0;32mI (20) boot.esp32: SPI Speed      : 40MHz[0m
[0;32mI (24) boot.esp32: SPI Mode       : DIO[0m
[0;32mI (29) boot.esp32: SPI Flash Size : 2MB[0m
[0;32mI (33) boot: Enabling RNG early entropy source...[0m
[0;32mI (39) boot: Partition Table:[0m
[0;32mI (42) boot: ## Label            Usage          Type ST Offset   Length[0m
[0;32mI (50) boot:  0 nvs              WiFi data        01 02 00009000 00006000[0m
[0;32mI (57) boot:  1 phy_init         RF data          01 01 0000f000 00001000[0m
[0;32mI (65) boot:  2 factory          factory app      00 00 00010000 00100000[0m
[0;32mI (72) boot: End of partition table[0m
[0;32mI (76) esp_image: segment 0: paddr=00010020 vaddr=3f400020 size=0ac70h ( 44144) map[0m
[0;32mI (101) esp_image: segment 1: paddr=0001ac98 vaddr=3ffb0000 size=0226ch (  8812) load[0m
[0;32mI (104) esp_image: segment 2: paddr=0001cf0c vaddr=40080000 size=0310ch ( 12556) load[0m
[0;32mI (112) esp_image: segment 3: paddr=00020020 vaddr=400d0020 size=1659ch ( 91548) map[0m
[0;32mI (148) esp_image: segment 4: paddr=000365c4 vaddr=4008310c size=0a708h ( 42760) load[0m
[0;32mI (173) boot: Loaded app from partition at offset 0x10000[0m
[0;32mI (173) boot: Disabling RNG early entropy source...[0m
[0;32mI (184) cpu_start: Multicore app[0m
[0;32mI (185) cpu_start: Pro cpu up.[0m
[0;32mI (185) cpu_start: Starting app cpu, entry point is 0x400811ac[0m
[0;32mI (181) cpu_start: App cpu up.[0m
[0;32mI (203) cpu_start: Pro cpu start user code[0m
[0;32mI (203) cpu_start: cpu freq: 160000000 Hz[0m
[0;32mI (203) cpu_start: Application information:[0m
[0;32mI (208) cpu_start: Project name:     nmea_parser[0m
[0;32mI (213) cpu_start: App version:      5f34df6-dirty[0m
[0;32mI (218) cpu_start: Compile time:     Oct 22 2023 16:37:07[0m
[0;32mI (225) cpu_star