ï¿½;32mI (237) cpï¿½ets Jun  8 2016 00:22:57

rst:0x1 (POWERON_RESET),boot:0x13 (SPI_FAST_FLASH_BOOT)
configsip: 0, SPIWP:0xee
clk_drv:0x00,q_drv:0x00,d_drv:0x00,cs0_drv:0x00,hd_drv:0x00,wp_drv:0x00
mode:DIO, clock div:2
load:0x3fff0030,len:7080
load:0x40078000,len:15584
load:0x40080400,len:4
ho 8 tail 4 room 4
load:0x40080404,len:3876
entry 0x4008064c
[0;32mI (30) boot: ESP-IDF v5.1.1 2nd stage bootloader[0m
[0;32mI (30) boot: compile time Oct 15 2023 02:19:42[0m
[0;32mI (30) boot: Multicore bootloader[0m
[0;32mI (35) boot: chip revision: v1.0[0m
[0;32mI (38) boot.esp32: SPI Speed      : 40MHz[0m
[0;32mI (43) boot.esp32: SPI Mode       : DIO[0m
[0;32mI (48) boot.esp32: SPI Flash Size : 2MB[0m
[0;32mI (52) boot: Enabling RNG early entropy source...[0m
[0;32mI (57) boot: Partition Table:[0m
[0;32mI (61) boot: ## Label            Usage          Type ST Offset   Length[0m
[0;32mI (68) boot:  0 nvs              WiFi data        01 02 00009000 00006000[0m
[0;32mI (76) boot:  1 phy_init         RF data          01 01 0000f000 00001000[0m
[0;32mI (83) boot:  2 factory          factory app      00 00 00010000 00100000[0m
[0;32mI (91) boot: End of partition table[0m
[0;32mI (95) esp_image: segment 0: paddr=00010020 vaddr=3f400020 size=0c548h ( 50504) map[0m
[0;32mI (122) esp_image: segment 1: paddr=0001c570 vaddr=3ffb0000 size=0227ch (  8828) load[0m
[0;32mI (125) esp_image: segment 2: paddr=0001e7f4 vaddr=40080000 size=01824h (  6180) load[0m
[0;32mI (130) esp_image: segment 3: paddr=00020020 vaddr=400d0020 size=1ba20h (113184) map[0m
[0;32mI (177) esp_image: segment 4: paddr=0003ba48 vaddr=40081824 size=0ce88h ( 52872) load[0m
[0;32mI (206) boot: Loaded app from partition at offset 0x10000[0m
[0;32mI (206) boot: Disabling RNG early entropy source...[0m
[0;32mI (218) cpu_start: Multicore app[0m
[0;32mI (218) cpu_start: Pro cpu up.[0m
[0;32mI (218) cpu_start: Starting app cpu, entry point is 0x4008128c[0m
[0;32mI (0) cpu_start: App cpu up.[0m
[0;32mI (236) cpu_start: Pro cpu start user code[0m
[0;32mI (236) cpu_start: cpu freq: 160000000 Hz[0m
[0;32mI (236) cpu_start: Application information:[0m
[0;32mI (241) cpu_start: Project name:     nmea_parser[0m
[0;32mI (246) cpu_start: App version:      5f34df6-dirty[0m
[0;32mI (252) cpu_start: Compile time:     Oct 22 2023 16:37:07[0m
[0;32mI (258) cpu_start: ELF file SHA256:  d3607fe3605c9410...[0m
[0;32mI (264) cpu_start: ESP-IDF:          v5.1.1[0m
[0;32mI (269) cpu_start: Min chip rev:     v0.0[0m
[0;32mI (273) cpu_start: Max chip rev:     v3.99 [0m
[0;32mI (278) cpu_start: Chip rev:         v1.0[0m
[0;32mI (283) heap_init: Initializing. RAM available for dynamic allocation:[0m
[0;32mI (290) heap_init: At 3FFAE6E0 len 00001920 (6 KiB): DRAM[0m
[0;32mI (296) heap_init: At 3FFB2B48 len 0002D4B8 (181 KiB): DRAM[0m
[0;32mI (302) heap_init: At 3FFE0440 len 00003AE0 (14 KiB): D/IRAM[0m
[0;32mI (309) heap_init: At 3FFE4350 len 0001BCB0 (111 KiB): D/IRAM[0m
[0;32mI (315) heap_init: At 4008E6AC len 00011954 (70 KiB): IRAM[0m
[0;32mI (323) spi_flash: detected chip: gd[0m
[0;32mI (326) spi_flash: flash io: dio[0m
[0;33mW (329) spi_flash: Detected size(8192k) larger than the size in the binary image header(2048k). Using the size in the binary image header.[0m
[0;32mI (343) app_start: Starting scheduler on CPU0[0m
[0;32mI (348) app_start: Starting scheduler on CPU1[0m
[0;32mI (348) main_task: Started on CPU0[0m
[0;32mI (358) main_task: Calling app_main()[0m

assert failed: xQueueReceive queue.c:1475 (( pxQueue ))


Backtrace: 0x400818be:0x3ffb6c60 0x40086fc1:0x3ffb6c80 0x4008d239:0x3ffb6ca0 0x400877a7:0x3ffb6dc0 0x400d5c6f:0x3ffb6e00 0x400897ed:0x3ffb6e30




ELF file SHA256: d3607fe3605c9410

Rebooting...
ets Jun  8 2016 00:22:57

rst:0xc (SW_CPU_RESET),boot:0x13 (SPI_FAST_FLASH_BOOT)
configsip: 0, SPIWP:0xee
clk_drv:0x00,q_drv:0x00,d_drv:0x00,cs0_drv:0x00,hd_drv:0x00,wp_drv:0x00
mode:DIO, clock div:2
load:0x3fff0030,len:7080
load:0x40078000,len:15584
load:0x40080400,len:4
ho 8 tail 4 room 4
load:0x40080404,len:3876
entry 0x4008064c
[0;32mI (30) boot: ESP-IDF v5.1.1 2nd stage bootloader[0m
[0;32mI (31) boot: compile time Oct 15 2023 02:19:42[0m
[0;32mI (31) boot: Multicore bootloader[0m
[0;32mI (35) boot: chip revision: v1.0[0m
[0;32mI (39) boot.esp32: SPI Speed      : 40MHz[0m
[0;32mI (44) boot.esp32: SPI Mode       : DIO[0m
[0;32mI (48) boot.esp32: SPI Flash Size : 2MB[0m
[0;32mI (53) boot: Enabling RNG early entropy source...[0m
[0;32mI (58) boot: Partition Table:[0m
[0;32mI (62) boot: ## Label            Usage          Type ST Offset   Length[0m
[0;32mI (69) boot:  0 nvs              WiFi data        01 02 00009000 00006000[0m
[0;32mI (76) boot:  1 phy_init         RF data          01 01 0000f000 00001000[0m
[0;32mI (84) boot:  2 factory          factory app      00 00 00010000 00100000[0m
[0;32mI (91) boot: End of partition table[0m
[0;32mI (96) esp_image: segment 0: paddr=00010020 vaddr=3f400020 size=0c548h ( 50504) map[0m
[0;32mI (122) esp_image: segment 1: paddr=0001c570 vaddr=3ffb0000 size=0227ch (  8828) load[0m
[0;32mI (126) esp_image: segment 2: paddr=0001e7f4 vaddr=40080000 size=01824h (  6180) load[0m
[0;32mI (131) esp_image: segment 3: paddr=00020020 vaddr=400d0020 size=1ba20h (113184) map[0m
[0;32mI (177) esp_image: segment 4: paddr=0003ba48 vaddr=40081824 size=0ce88h ( 52872) load[0m
[0;32mI (207) boot: Loaded app from partition at offset 0x10000[0m
[0;32mI (207) boot: Disabling RNG early entropy source...[0m
[0;32mI (218) cpu_start: Multicore app[0m
[0;32mI (219) cpu_start: Pro cpu up.[0m
[0;32mI (219) cpu_start: Starting app cpu, entry point is 0x4008128c[0m
[0;32mI (206) cpu_start: App cpu up.[0m
[0;32mI (237) cpu_start: Pro cpu start user code[0m
[0;32mI (237) cpu_start: cpu freq: 160000000 Hz[0m
[0;32mI (237) cpu_start: Application information:[0m
[0;32mI (242) cpu_start: Project name:     nmea_parser[0m
[0;32mI (247) cpu_start: App version:      5f34df6-dirty[0m
[0;32mI (252) cpu_start: Compile time:     Oct 22 2023 16:37:07[0m
[0;32mI (258) cpu_start: ELF file SHA256:  d3607fe3605c9410...[0m
[0;32mI (264) cpu_start: ESP-IDF:          v5.1.1[0m
[0;32mI (269) cpu_start: Min chip rev:     v0.0[0m
[0;32mI (274) cpu_start: Max chip rev:     v3.99 [0m
[0;32mI (279) cpu_start: Chip rev:         v1.0[0m
[0;32mI (284) heap_init: Initializing. RAM available for dynamic allocation:[0m
[0;32mI (291) heap_init: At 3FFAE6E0 len 00001920 (6 KiB): DRAM[0m
[0;32mI (297) heap_init: At 3FFB2B48 len 0002D4B8 (181 KiB): DRAM[0m
[0;32mI (303) heap_init: At 3FFE0440 len 00003AE0 (14 KiB): D/IRAM[0m
[0;32mI (309) heap_init: At 3FFE4350 len 0001BCB0 (111 KiB): D/IRAM[0m
[0;32mI (316) heap_init: At 4008E6AC len 00011954 (70 KiB): IRAM[0m
[0;32mI (324) spi_flash: detected chip: gd[0m
[0;32mI (326) spi_flash: flash io: dio[0m
[0;33mW (330) spi_flash: Detected size(8192k) larger than the size in the binary image header(2048k). Using the size in the binary image header.[0m
[0;32mI (344) app_start: Starting scheduler on CPU0[0m
[0;32mI (348) app_start: Starting scheduler on CPU1[0m
[0;32mI (348) main_task: Started on CPU0[0m
[0;32mI (358) main_task: Calling app_main()[0m

assert failed: xQueueReceive queue.c:1475 (( pxQueue ))


Backtrace: 0x400818be:0x3ffb6c60 0x40086fc1:0x3ffb6c80 0x4008d239:0x3ffb6ca0 0x400877a7:0x3ffb6dc0 0x400d5c6f:0x3ffb6e00 0x400897ed:0x3ffb6e30




ELF file SHA256: d3607fe3605c9410

Rebooting...
ets Jun  8 2016 00:22:57

rst:0xc (SW_CPU_RESET),boot:0x13 (SPI_FAST_FLASH_BOOT)
configsip: 0, SPIWP:0xee
clk_drv:0x00,q_drv:0x00,d_drv:0x00,cs0_drv:0x00,hd_drv:0x00,wp_drv:0x00
mode:DIO, clock div:2
load:0x3fff0030,len:7080
load:0x40078000,len:15584
load:0x40080400,len:4
ho 8 tail 4 room 4
load:0x40080404,len:3876
entry 0x4008064c
[0;32mI (30) boot: ESP-IDF v5.1.1 2nd stage bootloader[0m
[0;32mI (31) boot: compile time Oct 15 2023 02:19:42[0m
[0;32mI (31) boot: Multicore bootloader[0m
[0;32mI (35) boot: chip revision: v1.0[0m
[0;32mI (39) boot.esp32: SPI Speed      : 40MHz[0m
[0;32mI (44) boot.esp32: SPI Mode       : DIO[0m
[0;32mI (48) boot.esp32: SPI Flash Size : 2MB[0m
[0;32mI (53) boot: Enabling RNG early entropy source...[0m
[0;32mI (58) boot: Partition Table:[0m
[0;32mI (62) boot: ## Label            Usage          Type ST Offset   Length[0m
[0;32mI (69) boot:  0 nvs              WiFi data        01 02 00009000 00006000[0m
[0;32mI (76) boot:  1 phy_init         RF data          01 01 0000f000 00001000[0m
[0;32mI (84) boot:  2 factory          factory app      00 00 00010000 00100000[0m
[0;32mI (91) boot: End of partition table[0m
[0;32mI (96) esp_image: segment 0: paddr=00010020 vaddr=3f400020 size=0c548h ( 50504) map[0m
[0;32mI (122) esp_image: segment 1: paddr=0001c570 vaddr=3ffb0000 size=0227ch (  8828) load[0m
[0;32mI (126) esp_image: segment 2: paddr=0001e7f4 vaddr=40080000 size=01824h (  6180) load[0m
[0;32mI (131) esp_image: segment 3: paddr=00020020 vaddr=400d0020 size=1ba20h (113184) map[0m
[0;32mI (177) esp_image: segment 4: paddr=0003ba48 vaddr=40081824 size=0ce88h ( 52872) load[0m
[0;32mI (207) boot: Loaded app from partition at offset 0x10000[0m
[0;32mI (207) boot: Disabling RNG early entropy source...[0m
[0;32mI (218) cpu_start: Multicore app[0m
[0;32mI (219) cpu_start: Pro cpu up.[0m
[0;32mI (219) cpu_start: Starting app cpu, entry point is 0x4008128c[0m
[0;32mI (206) cpu_start: App cpu up.[0m
[0;32mI (237) cpu_start: Pro cpu start user code[0m
[0;32mI (237) cpu_start: cpu freq: 160000000 Hz[0m
[0;32mI (237) cpu_start: Application information:[0m
[0;32mI (242) cpu_start: Project name:     nmea_parser[0m
[0;32mI (247) cpu_start: App version:      5f34df6-dirty[0m
[0;32mI (252) cpu_start: Compile time:     Oct 22 2023 16:37:07[0m
[0;32mI (258) cpu_start: ELF file SHA256:  d3607fe3605c9410...[0m
[0;32mI (264) cpu_start: ESP-IDF:          v5.1.1[0m
[0;32mI (269) cpu_start: Min chip rev:     v0.0[0m
[0;32mI (274) cpu_start: Max chip rev:     v3.99 [0m
[0;32mI (279) cpu_start: Chip rev:         v1.0[0m
[0;32mI (284) heap_init: Initializing. RAM available for dynamic allocation:[0m
[0;32mI (291) heap_init: At 3FFAE6E0 len 00001920 (6 KiB): DRAM[0m
[0;32mI (297) heap_init: At 3FFB2B48 len 0002D4B8 (181 KiB): DRAM[0m
[0;32mI (303) heap_init: At 3FFE0440 len 00003AE0 (14 KiB): D/IRAM[0m
[0;32mI (309) heap_init: At 3FFE4350 len 0001BCB0 (111 KiB): D/IRAM[0m
[0;32mI (316) heap_init: At 4008E6AC len 00011954 (70 KiB): IRAM[0m
[0;32mI (324) spi_flash: detected chip: gd[0m
[0;32mI (326) spi_flash: flash io: dio[0m
[0;33mW (330) spi_flash: Detected size(8192k) larger than the size in the binary image header(2048k). Using the size in the binary image header.[0m
[0;32mI (344) app_start: Starting scheduler on CPU0[0m
[0;32mI (348) app_start: Starting scheduler on CPU1[0m
[0;32mI (348) main_task: Started on CPU0[0m
[0;32mI (358) main_task: Calling app_main()[0m

assert failed: xQueueReceive queue.c:1475 (( pxQueue ))


Backtrace: 0x400818be:0x3ffb6c60 0x40086fc1:0x3ffb6c80 0x4008d239:0x3ffb6ca0 0x400877a7:0x3ffb6dc0 0x400d5c6f:0x3ffb6e00 0x400897ed:0x3ffb6e30




ELF file SHA256: d3607fe3605c9410

Rebooting...
ets Jun  8 2016 00:22:57

rst:0xc (SW_CPU_RESET),boot:0x13 (SPI_FAST_FLASH_BOOT)
configsip: 0, SPIWP:0xee
clk_drv:0x00,q_drv:0x00,d_drv:0x00,cs0_drv:0x00,hd_drv:0x00,wp_drv:0x00
mode:DIO, clock div:2
load:0x3fff0030,len:7080
load:0x40078000,len:15584
load:0x40080400,len:4
ho 8 tail 4 room 4
load:0x40080404,len:3876
entry 0x4008064c
[0;32mI (30) boot: ESP-IDF v5.1.1 2nd stage bootloader[0m
[0;32mI (31) boot: compile time Oct 15 2023 02:19:42[0m
[0;32mI (31) boot: Multicore bootloader[0m
[0;32mI (35) boot: chip revision: v1.0[0m
[0;32mI (39) boot.esp32: SPI Speed      : 40MHz[0m
[0;32mI (44) boot.esp32: SPI Mode       : DIO[0m
[0;32mI (48) boot.esp32: SPI Flash Size : 2MB[0m
[0;32mI (53) boot: Enabling RNG early entropy source...[0m
[0;32mI (58) boot: Partition Table:[0m
[0;32mI (62) boot: ## Label            Usage          Type ST Offset   Length[0m
[0;32mI (69) boot:  0 nvs              WiFi data        01 02 00009000 00006000[0m
[0;32mI (76) boot:  1 phy_init         RF data          01 01 0000f000 00001000[0m
[0;32mI (84) boot:  2 factory          factory app      00 00 00010000 00100000[0m
[0;32mI (91) boot: End of partition table[0m
[0;32mI (96) esp_image: segment 0: paddr=00010020 vaddr=3f400020 size=0c548h ( 50504) map[0m
[0;32mI (122) esp_image: segment 1: paddr=0001c570 vaddr=3ffb0000 size=0227ch (  8828) load[0m
[0;32mI (126) esp_image: segment 2: paddr=0001e7f4 vaddr=40080000 size=01824h (  6180) load[0m
[0;32mI (131) esp_image: segment 3: paddr=00020020 vaddr=400d0020 size=1ba20h (113184) map[0m
[0;32mI (177) esp_image: segment 4: paddr=0003ba48 vaddr=40081824 size=0ce88h ( 52872) load[0m
[0;32mI (207) boot: Loaded app from partition at offset 0x10000[0m
[0;32mI (207) boot: Disabling RNG early entropy source...[0m
[0;32mI (218) cpu_start: Multicore app[0m
[0;32mI (219) cpu_start: Pro cpu up.[0m
[0;32mI (219) cpu_start: Starting app cpu, entry point is 0x4008128c[0m
[0;32mI (206) cpu_start: App cpu up.[0m
[0;32mI (237) cpu_start: Pro cpu start user code[0m
[0;32mI (237) cpu_start: cpu freq: 160000000 Hz[0m
[0;32mI (237) cpu_start: Application information:[0m
[0;32mI (242) cpu_start: Project name:     nmea_parser[0m
[0;32mI (247) cpu_start: App version:      5f34df6-dirty[0m
[0;32mI (252) cpu_start: Compile time:     Oct 22 2023 16:37:07[0m
[0;32mI (258) cpu_start: ELF file SHA256:  d3607fe3605c9410...[0m
[0;32mI (264) cpu_start: ESP-IDF:          v5.1.1[0m
[0;32mI (269) cpu_start: Min chip rev:     v0.0[0m
[0;32mI (274) cpu_start: Max chip rev:     v3.99 [0m
[0;32mI (279) cpu_start: Chip rev:         v1.0[0m
[0;32mI (284) heap_init: Initializing. RAM available for dynamic allocation:[0m
[0;32mI (291) heap_init: At 3FFAE6E0 len 00001920 (6 KiB): DRAM[0m
[0;32mI (297) heap_init: At 3FFB2B48 len 0002D4B8 (181 KiB): DRAM[0m
[0;32mI (303) heap_init: At 3FFE0440 len 00003AE0 (14 KiB): D/IRAM[0m
[0;32mI (309) heap_init: At 3FFE4350 len 0001BCB0 (111 KiB): D/IRAM[0m
[0;32mI (316) heap_init: At 4008E6AC len 00011954 (70 KiB): IRAM[0m
[0;32mI (324) spi_flash: detected chip: gd[0m
[0;32mI (326) spi_flash: flash io: dio[0m
[0;33mW (330) spi_flash: Detected size(8192k) larger than the size in the binary image header(2048k). Using the size in the binary image header.[0m
[0;32mI (344) app_start: Starting scheduler on CPU0[0m
[0;32mI (348) app_start: Starting scheduler on CPU1[0m
[0;32mI (348) main_task: Started on CPU0[0m
[0;32mI (358) main_task: Calling app_main()[0m

assert failed: xQueueReceive queue.c:1475 (( pxQueue ))


Backtrace: 0x400818be:0x3ffb6c60 0x40086fc1:0x3ffb6c80 0x4008d239:0x3ffb6ca0 0x400877a7:0x3ffb6dc0 0x400d5c6f:0x3ffb6e00 0x400897ed:0x3ffb6e30




ELF file SHA256: d3607fe3605c9410

Rebooting...
ets Jun  8 2016 00:22:57

rst:0xc (SW_CPU_RESET),boot:0x13 (SPI_FAST_FLASH_BOOT)
configsip: 0, SPIWP:0xee
clk_drv:0x00,q_drv:0x00,d_drv:0x00,cs0_drv:0x00,hd_drv:0x00,wp_drv:0x00
mode:DIO, clock div:2
load:0x3fff0030,len:7080
load:0x40078000,len:15584
load:0x40080400,len:4
ho 8 tail 4 room 4
load:0x40080404,len:3876
entry 0x4008064c
[0;32mI (30) boot: ESP-IDF v5.1.1 2nd stage bootloader[0m
[0;32mI (31) boot: compile time Oct 15 2023 02:19:42[0m
[0;32mI (31) boot: Multicore bootloader[0m
[0;32mI (35) boot: chip revision: v1.0[0m
[0;32mI (39) boot.esp32: SPI Speed      : 40MHz[0m
[0;32mI (44) boot.esp32: SPI Mode       : DIO[0m
[0;32mI (48) boot.esp32: SPI Flash Size : 2MB[0m
[0;32mI (53) boot: Enabling RNG early entropy source...[0m
[0;32mI (58) boot: Partition Table:[0m
[0;32mI (62) boot: ## Label            Usage          Type ST Offset   Length[0m
[0;32mI (69) boot:  0 nvs              WiFi data        01 02 00009000 00006000[0m
[0;32mI (76) boot:  1 phy_init         RF data          01 01 0000f000 00001000[0m
[0;32mI (84) boot:  2 factory          factory app      00 00 00010000 00100000[0m
[0;32mI (91) boot: End of partition table[0m
[0;32mI (96) esp_image: segment 0: paddr=00010020 vaddr=3f400020 size=0c548h ( 50504) map[0m
[0;32mI (122) esp_image: segment 1: paddr=0001c570 vaddr=3ffb0000 size=0227ch (  8828) load[0m
[0;32mI (126) esp_image: segment 2: paddr=0001e7f4 vaddr=40080000 size=01824h (  6180) load[0m
[0;32mI (131) esp_image: segment 3: paddr=00020020 vaddr=400d0020 size=1ba20h (113184) map[0m
[0;32mI (177) esp_image: segment 4: paddr=0003ba48 vaddr=40081824 size=0ce88h ( 52872) load[0m
[0;32mI (207) boot: Loaded app from partition at offset 0x10000[0m
[0;32mI (207) boot: Disabling RNG early entropy source...[0m
[0;32mI (218) cpu_start: Multicore app[0m
[0;32mI (219) cpu_start: Pro cpu up.[0m
[0;32mI (219) cpu_start: Starting app cpu, entry point is 0x4008128c[0m
[0;32mI (206) cpu_start: App cpu up.[0m
[0;32mI (237) cpu_start: Pro cpu start user code[0m
[0;32mI (237) cpu_start: cpu freq: 160000000 Hz[0m
[0;32mI (237) cpu_start: Application information:[0m
[0;32mI (242) cpu_start: Project name:     nmea_parser[0m
[0;32mI (247) cpu_start: App version:      5f34df6-dirty[0m
[0;32mI (252) cpu_start: Compile time:     Oct 22 2023 16:37:07[0m
[0;32mI (258) cpu_start: ELF file SHA256:  d3607fe3605c9410...[0m
[0;32mI (264) cpu_start: ESP-IDF:          v5.1.1[0m
[0;32mI (269) cpu_start: Min chip rev:     v0.0[0m
[0;32mI (274) cpu_start: Max chip rev:     v3.99 [0m
[0;32mI (279) cpu_start: Chip rev:         v1.0[0m
[0;32mI (284) heap_init: Initializing. RAM available for dynamic allocation:[0m
[0;32mI (291) heap_init: At 3FFAE6E0 len 00001920 (6 KiB): DRAM[0m
[0;32mI (297) heap_init: At 3FFB2B48 len 0002D4B8 (181 KiB): DRAM[0m
[0;32mI (303) heap_init: At 3FFE0440 len 00003AE0 (14 KiB): D/IRAM[0m
[0;32mI (309) heap_init: At 3FFE4350 len 0001BCB0 (111 KiB): D/IRAM[0m
[0;32mI (316) heap_init: At 4008E6AC len 00011954 (70 KiB): IRAM[0m
[0;32mI (324) spi_flash: detected chip: gd[0m
[0;32mI (326) spi_flash: flash io: dio[0m
[0;33mW (330) spi_flash: Detected size(8192k) larger than the size in the binary image header(2048k). Using the size in the binary image header.[0m
[0;32mI (344) app_start: Starting scheduler on CPU0[0m
[0;32mI (348) app_start: Starting scheduler on CPU1[0m
[0;32mI (348) main_task: Started on CPU0[0m
[0;32mI (358) main_task: Calling app_main()[0m

assert failed: xQueueReceive queue.c:1475 (( pxQueue ))


Backtrace: 0x400818be:0x3ffb6c60 0x40086fc1:0x3ffb6c80 0x4008d239:0x3ffb6ca0 0x400877a7:0x3ffb6dc0 0x400d5c6f:0x3ffb6e00 0x400897ed:0x3ffb6e30




ELF file SHA256: d3607fe3605c9410

Rebooting...
ets Jun  8 2016 00:22:57

rst:0xc (SW_CPU_RESET),boot:0x13 (SPI_FAST_FLASH_BOOT)
configsip: 0, SPIWP:0xee
clk_drv:0x00,q_drv:0x00,d_drv:0x00,cs0_drv:0x00,hd_drv:0x00,wp_drv:0x00
mode:DIO, clock div:2
load:0x3fff0030,len:7080
load:0x40078000,len:15584
load:0x40080400,len:4
ho 8 tail 4 room 4
load:0x40080404,len:3876
entry 0x4008064c
[0;32mI (30) boot: ESP-IDF v5.1.1 2nd stage bootloader[0m
[0;32mI (31) boot: compile time Oct 15 2023 02:19:42[0m
[0;32mI (31) boot: Multicore bootloader[0m
[0;32mI (35) boot: chip revision: v1.0[0m
[0;32mI (39) boot.esp32: SPI Speed      : 40MHz[0m
[0;32mI (44) boot.esp32: SPI Mode       : DIO[0m
[0;32mI (48) boot.esp32: SPI Flash Size : 2MB[0m
[0;32mI (53) boot: Enabling RNG early entropy source...[0m
[0;32mI (58) boot: Partition Table:[0m
[0;32mI (62) boot: ## Label            Usage          Type ST Offset   Length[0m
[0;32mI (69) boot:  0 nvs              WiFi data        01 02 00009000 00006000[0m
[0;32mI (76) boot:  1 phy_init         RF data          01 01 0000f000 00001000[0m
[0;32mI (84) boot:  2 factory          factory app      00 00 00010000 00100000[0m
[0;32mI (91) boot: End of partition table[0m
[0;32mI (96) esp_image: segment 0: paddr=00010020 vaddr=3f400020 size=0c548h ( 50504) map[0m
[0;32mI (122) esp_image: segment 1: paddr=0001c570 vaddr=3ffb0000 size=0227ch (  8828) load[0m
[0;32mI (126) esp_image: segment 2: paddr=0001e7f4 vaddr=40080000 size=01824h (  6180) load[0m
[0;32mI (131) esp_image: segment 3: paddr=00020020 vaddr=400d0020 size=1ba20h (113184) map[0m
[0;32mI (177) esp_image: segment 4: paddr=0003ba48 vaddr=40081824 size=0ce88h ( 52872) load[0m
[0;32mI (207) boot: Loaded app from partition at offset 0x10000[0m
[0;32mI (207) boot: Disabling RNG early entropy source...[0m
[0;32mI (218) cpu_start: Multicore app[0m
[0;32mI (219) cpu_start: Pro cpu up.[0m
[0;32mI (219) cpu_start: Starting app cpu, entry point is 0x4008128c[0m
[0;32mI (206) cpu_start: App cpu up.[0m
[0;32mI (237) cpu_start: Pro cpu start user code[0m
[0;32mI (237) cpu_start: cpu freq: 160000000 Hz[0m
[0;32mI (237) cpu_start: Application information:[0m
[0;32mI (242) cpu_start: Project name:     nmea_parser[0m
[0;32mI (247) cpu_start: App version:      5f34df6-dirty[0m
[0;32mI (252) cpu_start: Compile time:     Oct 22 2023 16:37:07[0m
[0;32mI (258) cpu_start: ELF file SHA256:  d3607fe3605c9410...[0m
[0;32mI (264) cpu_start: ESP-IDF:          v5.1.1[0m
[0;32mI (269) cpu_start: Min chip rev:     v0.0[0m
[0;32mI (274) cpu_start: Max chip rev:     v3.99 [0m
[0;32mI (279) cpu_start: Chip rev:         v1.0[0m
[0;32mI (284) heap_init: Initializing. RAM available for dynamic allocation:[0m
[0;32mI (291) heap_init: At 3FFAE6E0 len 00001920 (6 KiB): DRAM[0m
[0;32mI (297) heap_init: At 3FFB2B48 len 0002D4B8 (181 KiB): DRAM[0m
[0;32mI (303) heap_init: At 3FFE0440 len 00003AE0 (14 KiB): D/IRAM[0m
[0;32mI (309) heap_init: At 3FFE4350 len 0001BCB0 (111 KiB): D/IRAM[0m
[0;32mI (316) heap_init: At 4008E6AC len 00011954 (70 KiB): IRAM[0m
[0;32mI (324) spi_flash: detected chip: gd[0m
[0;32mI (326) spi_flash: flash io: dio[0m
[0;33mW (330) spi_flash: Detected size(8192k) larger than the size in the binary image header(2048k). Using the size in the binary image header.[0m
[0;32mI (344) app_start: Starting scheduler on CPU0[0m
[0;32mI (348) app_start: Starting scheduler on CPU1[0m
[0;32mI (348) main_task: Started on CPU0[0m
[0;32mI (358) main_task: Calling app_main()[0m

assert failed: xQueueReceive queue.c:1475 (( pxQueue ))


Backtrace: 0x400818be:0x3ffb6c60 0x40086fc1:0x3ffb6c80 0x4008d239:0x3ffb6ca0 0x400877a7:0x3ffb6dc0 0x400d5c6f:0x3ffb6e00 0x400897ed:0x3ffb6e30




ELF file SHA256: d3607fe3605c9410

Rebooting...
ets Jun  8 2016 00:22:57

rst:0xc (SW_CPU_RESET),boot:0x13 (SPI_FAST_FLASH_BOOT)
configsip: 0, SPIWP:0xee
clk_drv:0x00,q_drv:0x00,d_drv:0x00,cs0_drv:0x00,hd_drv:0x00,wp_drv:0x00
mode:DIO, clock div:2
load:0x3fff0030,len:7080
load:0x40078000,len:15584
load:0x40080400,len:4
ho 8 tail 4 room 4
load:0x40080404,len:3876
entry 0x4008064c
[0;32mI (30) boot: ESP-IDF v5.1.1 2nd stage bootloader[0m
[0;32mI (31) boot: compile time Oct 15 2023 02:19:42[0m
[0;32mI (31) boot: Multicore bootloader[0m
[0;32mI (35) boot: chip revision: v1.0[0m
[0;32mI (39) boot.esp32: SPI Speed      : 40MHz[0m
[0;32mI (44) boot.esp32: SPI Mode       : DIO[0m
[0;32mI (48) boot.esp32: SPI Flash Size : 2MB[0m
[0;32mI (53) boot: Enabling RNG early entropy source...[0m
[0;32mI (58) boot: Partition Table:[0m
[0;32mI (62) boot: ## Label            Usage          Type ST Offset   Length[0m
[0;32mI (69) boot:  0 nvs              WiFi data        01 02 00009000 00006000[0m
[0;32mI (76) boot:  1 phy_init         RF data          01 01 0000f000 00001000[0m
[0;32mI (84) boot:  2 factory          factory app      00 00 00010000 00100000[0m
[0;32mI (91) boot: End of partition table[0m
[0;32mI (96) esp_image: segment 0: paddr=00010020 vaddr=3f400020 size=0c548h ( 50504) map[0m
[0;32mI (122) esp_image: segment 1: paddr=0001c570 vaddr=3ffb0000 size=0227ch (  8828) load[0m
[0;32mI (126) esp_image: segment 2: paddr=0001e7f4 vaddr=40080000 size=01824h (  6180) load[0m
[0;32mI (131) esp_image: segment 3: paddr=00020020 vaddr=400d0020 size=1ba20h (113184) map[0m
[0;32mI (177) esp_image: segment 4: paddr=0003ba48 vaddr=40081824 size=0ce88h ( 52872) load[0m
[0;32mI (207) boot: Loaded app from partition at offset 0x10000[0m
[0;32mI (207) boot: Disabling RNG early entropy source...[0m
[0;32mI (218) cpu_start: Multicore app[0m
[0;32mI (219) cpu_start: Pro cpu up.[0m
[0;32mI (219) cpu_start: Starting app cpu, entry point is 0x4008128c[0m
[0;32mI (206) cpu_start: App cpu up.[0m
[0;32mI (237) cpu_start: Pro cpu start user code[0m
[0;32mI (237) cpu_start: cpu freq: 160000000 Hz[0m
[0;32mI (237) cpu_start: Application information:[0m
[0;32mI (242) cpu_start: Project name:     nmea_parser[0m
[0;32mI (247) cpu_start: App version:      5f34df6-dirty[0m
[0;32mI (252) cpu_start: Compile time:     Oct 22 2023 16:37:07[0m
[0;32mI (258) cpu_start: ELF file SHA256:  d3607fe3605c9410...[0m
[0;32mI (264) cpu_start: ESP-IDF:          v5.1.1[0m
[0;32mI (269) cpu_start: Min chip rev:     v0.0[0m
[0;32mI (274) cpu_start: Max chip rev:     v3.99 [0m
[0;32mI (279) cpu_start: Chip rev:         v1.0[0m
[0;32mI (284) heap_init: Initializing. RAM available for dynamic allocation:[0m
[0;32mI (291) heap_init: At 3FFAE6E0 len 00001920 (6 KiB): DRAM[0m
[0;32mI (297) heap_init: At 3FFB2B48 len 0002D4B8 (181 KiB): DRAM[0m
[0;32mI (303) heap_init: At 3FFE0440 len 00003AE0 (14 KiB): D/IRAM[0m
[0;32mI (309) heap_init: At 3FFE4350 len 0001BCB0 (111 KiB): D/IRAM[0m
[0;32mI (316) heap_init: At 4008E6AC len 00011954 (70 KiB): IRAM[0m
[0;32mI (324) spi_flash: detected chip: gd[0m
[0;32mI (326) spi_flash: flash io: dio[0m
[0;33mW (330) spi_flash: Detected size(8192k) larger than the size in the binary image header(2048k). Using the size in the binary image header.[0m
[0;32mI (344) app_start: Starting scheduler on CPU0[0m
[0;32mI (348) app_start: Starting scheduler on CPU1[0m
[0;32mI (348) main_task: Started on CPU0[0m
[0;32mI (358) main_task: Calling app_main()[0m

assert failed: xQueueReceive queue.c:1475 (( pxQueue ))


Backtrace: 0x400818be:0x3ffb6c60 0x40086fc1:0x3ffb6c80 0x4008d239:0x3ffb6ca0 0x400877a7:0x3ffb6dc0 0x400d5c6f:0x3ffb6e00 0x400897ed:0x3ffb6e30




ELF file SHA256: d3607fe3605c9410

Rebooting...
ets Jun  8 2016 00:22:57

rst:0xc (SW_CPU_RESET),boot:0x13 (SPI_FAST_FLASH_BOOT)
configsip: 0, SPIWP:0xee
clk_drv:0x00,q_drv:0x00,d_drv:0x00,cs0_drv:0x00,hd_drv:0x00,wp_drv:0x00
mode:DIO, clock div:2
load:0x3fff0030,len:7080
load:0x40078000,len:15584
load:0x40080400,len:4
ho 8 tail 4 room 4
load:0x40080404,len:3876
entry 0x4008064c
[0;32mI (30) boot: ESP-IDF v5.1.1 2nd stage bootloader[0m
[0;32mI (31) boot: compile time Oct 15 2023 02:19:42[0m
[0;32mI (31) boot: Multicore bootloader[0m
[0;32mI (35) boot: chip revision: v1.0[0m
[0;32mI (39) boot.esp32: SPI Speed      : 40MHz[0m
[0;32mI (44) boot.esp32: SPI Mode       : DIO[0m
[0;32mI (48) boot.esp32: SPI Flash Size : 2MB[0m
[0;32mI (53) boot: Enabling RNG early entropy source...[0m
[0;32mI (58) boot: Partition Table:[0m
[0;32mI (62) boot: ## Label            Usage          Type ST Offset   Length[0m
[0;32mI (69) boot:  0 nvs              WiFi data        01 02 00009000 00006000[0m
[0;32mI (76) boot:  1 phy_init         RF data          01 01 0000f000 00001000[0m
[0;32mI (84) boot:  2 factory          factory app      00 00 00010000 00100000[0m
[0;32mI (91) boot: End of partition table[0m
[0;32mI (96) esp_image: segment 0: paddr=00010020 vaddr=3f400020 size=0c548h ( 50504) map[0m
[0;32mI (122) esp_image: segment 1: paddr=0001c570 vaddr=3ffb0000 size=0227ch (  8828) load[0m
[0;32mI (126) esp_image: segment 2: paddr=0001e7f4 vaddr=40080000 size=01824h (  6180) load[0m
[0;32mI (131) esp_image: segment 3: paddr=00020020 vaddr=400d0020 size=1ba20h (113184) map[0m
[0;32mI (177) esp_image: segment 4: paddr=0003ba48 vaddr=40081824 size=0ce88h ( 52872) load[0m
[0;32mI (207) boot: Loaded app from partition at offset 0x10000[0m
[0;32mI (207) boot: Disabling RNG early entropy source...[0m
[0;32mI (218) cpu_start: Multicore app[0m
[0;32mI (219) cpu_start: Pro cpu up.[0m
[0;32mI (219) cpu_start: Starting app cpu, entry point is 0x4008128c[0m
[0;32mI (206) cpu_start: App cpu up.[0m
[0;32mI (237) cpu_start: Pro cpu start user code[0m
[0;32mI (237) cpu_start: cpu freq: 160000000 Hz[0m
[0;32mI (237) cpu_start: Application information:[0m
[0;32mI (242) cpu_start: Project name:     nmea_parser[0m
[0;32mI (247) cpu_start: App version:      5f34df6-dirty[0m
[0;32mI (252) cpu_start: Compile time:     Oct 22 2023 16:37:07[0m
[0;32mI (258) cpu_start: ELF file SHA256:  d3607fe3605c9410...[0m
[0;32mI (264) cpu_start: ESP-IDF:          v5.1.1[0m
[0;32mI (269) cpu_start: Min chip rev:     v0.0[0m
[0;32mI (274) cpu_start: Max chip rev:     v3.99 [0m
[0;32mI (279) cpu_start: Chip rev:         v1.0[0m
[0;32mI (284) heap_init: Initializing. RAM available for dynamic allocation:[0m
[0;32mI (291) heap_init: At 3FFAE6E0 len 00001920 (6 KiB): DRAM[0m
[0;32mI (297) heap_init: At 3FFB2B48 len 0002D4B8 (181 KiB): DRAM[0m
[0;32mI (303) heap_init: At 3FFE0440 len 00003AE0 (14 KiB): D/IRAM[0m
[0;32mI (309) heap_init: At 3FFE4350 len 0001BCB0 (111 KiB): D/IRAM[0m
[0;32mI (316) heap_init: At 4008E6AC len 00011954 (70 KiB): IRAM[0m
[0;32mI (324) spi_flash: detected chip: gd[0m
[0;32mI (326) spi_flash: flash io: dio[0m
[0;33mW (330) spi_flash: Detected size(8192k) larger than the size in the binary image header(2048k). Using the size in the binary image header.[0m
[0;32mI (344) app_start: Starting scheduler on CPU0[0m
[0;32mI (348) app_start: Starting scheduler on CPU1[0m
[0;32mI (348) main_task: Started on CPU0[0m
[0;32mI (358) main_task: Calling app_main()[0m

assert failed: xQueueReceive queue.c:1475 (( pxQueue ))


Backtrace: 0x400818be:0x3ffb6c60 0x40086fc1:0x3ffb6c80 0x4008d239:0x3ffb6ca0 0x400877a7:0x3ffb6dc0 0x400d5c6f:0x3ffb6e00 0x400897ed:0x3ffb6e30




ELF file SHA256: d3607fe3605c9410

Rebooting...
ets Jun  8 2016 00:22:57

rst:0xc (SW_CPU_RESET),boot:0x13 (SPI_FAST_FLASH_BOOT)
configsip: 0, SPIWP:0xee
clk_drv:0x00,q_drv:0x00,d_drv:0x00,cs0_drv:0x00,hd_drv:0x00,wp_drv:0x00
mode:DIO, clock div:2
load:0x3fff0030,len:7080
load:0x40078000,len:15584
load:0x40080400,len:4
ho 8 tail 4 room 4
load:0x40080404,len:3876
entry 0x4008064c
[0;32mI (30) boot: ESP-IDF v5.1.1 2nd stage bootloader[0m
[0;32mI (31) boot: compile time Oct 15 2023 02:19:42[0m
[0;32mI (31) boot: Multicore bootloader[0m
[0;32mI (35) boot: chip revision: v1.0[0m
[0;32mI (39) boot.esp32: SPI Speed      : 40MHz[0m
[0;32mI (44) boot.esp32: SPI Mode       : DIO[0m
[0;32mI (48) boot.esp32: SPI Flash Size : 2MB[0m
[0;32mI (53) boot: Enabling RNG early entropy source...[0m
[0;32mI (58) boot: Partition Table:[0m
[0;32mI (62) boot: ## Label            Usage          Type ST Offset   Length[0m
[0;32mI (69) boot:  0 nvs              WiFi data        01 02 00009000 00006000[0m
[0;32mI (76) boot:  1 phy_init         RF data          01 01 0000f000 00001000[0m
[0;32mI (84) boot:  2 factory          factory app      00 00 00010000 00100000[0m
[0;32mI (91) boot: End of partition table[0m
[0;32mI (96) esp_image: segment 0: paddr=00010020 vaddr=3f400020 size=0c548h ( 50504) map[0m
[0;32mI (122) esp_image: segment 1: paddr=0001c570 vaddr=3ffb0000 size=0227ch (  8828) load[0m
[0;32mI (126) esp_image: segment 2: paddr=0001e7f4 vaddr=40080000 size=01824h (  6180) load[0m
[0;32mI (131) esp_image: segment 3: paddr=00020020 vaddr=400d0020 size=1ba20h (113184) map[0m
[0;32mI (177) esp_image: segment 4: paddr=0003ba48 vaddr=40081824 size=0ce88h ( 52872) load[0m
[0;32mI (207) boot: Loaded app from partition at offset 0x10000[0m
[0;32mI (207) boot: Disabling RNG early entropy source...[0m
[0;32mI (218) cpu_start: Multicore app[0m
[0;32mI (219) cpu_start: Pro cpu up.[0m
[0;32mI (219) cpu_start: Starting app cpu, entry point is 0x4008128c[0m
[0;32mI (206) cpu_start: App cpu up.[0m
[0;32mI (237) cpu_start: Pro cpu start user code[0m
[0;32mI (237) cpu_start: cpu freq: 160000000 Hz[0m
[0;32mI (237) cpu_start: Application information:[0m
[0;32mI (242) cpu_start: Project name:     nmea_parser[0m
[0;32mI (247) cpu_start: App version:      5f34df6-dirty[0m
[0;32mI (252) cpu_start: Compile time:     Oct 22 2023 16:37:07[0m
[0;32mI (258) cpu_start: ELF file SHA256:  d3607fe3605c9410...[0m
[0;32mI (264) cpu_start: ESP-IDF:          v5.1.1[0m
[0;32mI (269) cpu_start: Min chip rev:     v0.0[0m
[0;32mI (274) cpu_start: Max chip rev:     v3.99 [0m
[0;32mI (279) cpu_start: Chip rev:         v1.0[0m
[0;32mI (284) heap_init: Initializing. RAM available for dynamic allocation:[0m
[0;32mI (291) heap_init: At 3FFAE6E0 len 00001920 (6 KiB): DRAM[0m
[0;32mI (297) heap_init: At 3FFB2B48 len 0002D4B8 (181 KiB): DRAM[0m
[0;32mI (303) heap_init: At 3FFE0440 len 00003AE0 (14 KiB): D/IRAM[0m
[0;32mI (309) heap_init: At 3FFE4350 len 0001BCB0 (111 KiB): D/IRAM[0m
[0;32mI (316) heap_init: At 4008E6AC len 00011954 (70 KiB): IRAM[0m
[0;32mI (324) spi_flash: detected chip: gd[0m
[0;32mI (326) spi_flash: flash io: dio[0m
[0;33mW (330) spi_flash: Detected size(8192k) larger than the size in the binary image header(2048k). Using the size in the binary image header.[0m
[0;32mI (344) app_start: Starting scheduler on CPU0[0m
[0;32mI (348) app_start: Starting scheduler on CPU1[0m
[0;32mI (348) main_task: Started on CPU0[0m
[0;32mI (358) main_task: Calling app_main()[0m

assert failed: xQueueReceive queue.c:1475 (( pxQueue ))


Backtrace: 0x400818be:0x3ffb6c60 0x40086fc1:0x3ffb6c80 0x4008d239:0x3ffb6ca0 0x400877a7:0x3ffb6dc0 0x400d5c6f:0x3ffb6e00 0x400897ed:0x3ffb6e30




ELF file SHA256: d3607fe3605c9410

Rebooting...
ets Jun  8 2016 00:22:57

rst:0xc (SW_CPU_RESET),boot:0x13 (SPI_FAST_FLASH_BOOT)
configsip: 0, SPIWP:0xee
clk_drv:0x00,q_drv:0x00,d_drv:0x00,cs0_drv:0x00,hd_drv:0x00,wp_drv:0x00
mode:DIO, clock div:2
load:0x3fff0030,len:7080
load:0x40078000,len:15584
load:0x40080400,len:4
ho 8 tail 4 room 4
load:0x40080404,len:3876
entry 0x4008064c
[0;32mI (30) boot: ESP-IDF v5.1.1 2nd stage bootloader[0m
[0;32mI (31) boot: compile time Oct 15 2023 02:19:42[0m
[0;32mI (31) boot: Multicore bootloader[0m
[0;32mI (35) boot: chip revision: v1.0[0m
[0;32mI (39) boot.esp32: SPI Speed      : 40MHz[0m
[0;32mI (44) boot.esp32: SPI Mode       : DIO[0m
[0;32mI (48) boot.esp32: SPI Flash Size : 2MB[0m
[0;32mI (53) boot: Enabling RNG early entropy source...[0m
[0;32mI (58) boot: Partition Table:[0m
[0;32mI (62) boot: ## Label            Usage          Type ST Offset   Length[0m
[0;32mI (69) boot:  0 nvs              WiFi data        01 02 00009000 00006000[0m
[0;32mI (76) boot:  1 phy_init         RF data          01 01 0000f000 00001000[0m
[0;32mI (84) boot:  2 factory          factory app      00 00 00010000 00100000[0m
[0;32mI (91) boot: End of partition table[0m
[0;32mI (96) esp_image: segment 0: paddr=00010020 vaddr=3f400020 size=0c548h ( 50504) map[0m
[0;32mI (122) esp_image: segment 1: paddr=0001c570 vaddr=3ffb0000 size=0227ch (  8828) load[0m
[0;32mI (126) esp_image: segment 2: paddr=0001e7f4 vaddr=40080000 size=01824h (  6180) load[0m
[0;32mI (131) esp_image: segment 3: paddr=00020020 vaddr=400d0020 size=1ba20h (113184) map[0m
[0;32mI (177) esp_image: segment 4: paddr=0003ba48 vaddr=40081824 size=0ce88h ( 52872) load[0m
[0;32mI (207) boot: Loaded app from partition at offset 0x10000[0m
[0;32mI (207) boot: Disabling RNG early entropy source...[0m
[0;32mI (218) cpu_start: Multicore app[0m
[0;32mI (219) cpu_start: Pro cpu up.[0m
[0;32mI (219) cpu_start: Starting app cpu, entry point is 0x4008128c[0m
[0;32mI (206) cpu_start: App cpu up.[0m
[0;32mI (237) cpu_start: Pro cpu start user code[0m
[0;32mI (237) cpu_start: cpu freq: 160000000 Hz[0m
[0;32mI (237) cpu_start: Application information:[0m
[0;32mI (242) cpu_start: Project name:     nmea_parser[0m
[0;32mI (247) cpu_start: App version:      5f34df6-dirty[0m
[0;32mI (252) cpu_start: Compile time:     Oct 22 2023 16:37:07[0m
[0;32mI (258) cpu_start: ELF file SHA256:  d3607fe3605c9410...[0m
[0;32mI (264) cpu_start: ESP-IDF:          v5.1.1[0m
[0;32mI (269) cpu_start: Min chip rev:     v0.0[0m
[0;32mI (274) cpu_start: Max chip rev:     v3.99 [0m
[0;32mI (279) cpu_start: Chip rev:         v1.0[0m
[0;32mI (284) heap_init: Initializing. RAM available for dynamic allocation:[0m
[0;32mI (291) heap_init: At 3FFAE6E0 len 00001920 (6 KiB): DRAM[0m
[0;32mI (297) heap_init: At 3FFB2B48 len 0002D4B8 (181 KiB): DRAM[0m
[0;32mI (303) heap_init: At 3FFE0440 len 00003AE0 (14 KiB): D/IRAM[0m
[0;32mI (309) heap_init: At 3FFE4350 len 0001BCB0 (111 KiB): D/IRAM[0m
[0;32mI (316) heap_init: At 4008E6AC len 00011954 (70 KiB): IRAM[0m
[0;32mI (324) spi_flash: detected chip: gd[0m
[0;32mI (326) spi_flash: flash io: dio[0m
[0;33mW (330) spi_flash: Detected size(8192k) larger than the size in the binary image header(2048k). Using the size in the binary image header.[0m
[0;32mI (344) app_start: Starting scheduler on CPU0[0m
[0;32mI (348) app_start: Starting scheduler on CPU1[0m
[0;32mI (348) main_task: Started on CPU0[0m
[0;32mI (358) main_task: Calling app_main()[0m

assert failed: xQueueReceive queue.c:1475 (( pxQueue ))


Backtrace: 0x400818be:0x3ffb6c60 0x40086fc1:0x3ffb6c80 0x4008d239:0x3ffb6ca0 0x400877a7:0x3ffb6dc0 0x400d5c6f:0x3ffb6e00 0x400897ed:0x3ffb6e30




ELF file SHA256: d3607fe3605c9410

Rebooting...
ets Jun  8 2016 00:22:57

rst:0xc (SW_CPU_RESET),boot:0x13 (SPI_FAST_FLASH_BOOT)
configsip: 0, SPIWP:0xee
clk_drv:0x00,q_drv:0x00,d_drv:0x00,cs0_drv:0x00,hd_drv:0x00,wp_drv:0x00
mode:DIO, clock div:2
load:0x3fff0030,len:7080
load:0x40078000,len:15584
load:0x40080400,len:4
ho 8 tail 4 room 4
load:0x40080404,len:3876
entry 0x4008064c
[0;32mI (30) boot: ESP-IDF v5.1.1 2nd stage bootloader[0m
[0;32mI (31) boot: compile time Oct 15 2023 02:19:42[0m
[0;32mI (31) boot: Multicore bootloader[0m
[0;32mI (35) boot: chip revision: v1.0[0m
[0;32mI (39) boot.esp32: SPI Speed      : 40MHz[0m
[0;32mI (44) boot.esp32: SPI Mode       : DIO[0m
[0;32mI (48) boot.esp32: SPI Flash Size : 2MB[0m
[0;32mI (53) boot: Enabling RNG early entropy source...[0m
[0;32mI (58) boot: Partition Table:[0m
[0;32mI (62) boot: ## Label            Usage          Type ST Offset   Length[0m
[0;32mI (69) boot:  0 nvs              WiFi data        01 02 00009000 00006000[0m
[0;32mI (76) boot:  1 phy_init         RF data          01 01 0000f000 00001000[0m
[0;32mI (84) boot:  2 factory          factory app      00 00 00010000 00100000[0m
[0;32mI (91) boot: End of partition table[0m
[0;32mI (96) esp_image: segment 0: paddr=00010020 vaddr=3f400020 size=0c548h ( 50504) map[0m
[0;32mI (122) esp_image: segment 1: paddr=0001c570 vaddr=3ffb0000 size=0227ch (  8828) load[0m
[0;32mI (126) esp_image: segment 2: paddr=0001e7f4 vaddr=40080000 size=01824h (  6180) load[0m
[0;32mI (131) esp_image: segment 3: paddr=00020020 vaddr=400d0020 size=1ba20h (113184) map[0m
[0;32mI (177) esp_image: segment 4: paddr=0003ba48 vaddr=40081824 size=0ce88h ( 52872) load[0m
[0;32mI (207) boot: Loaded app from partition at offset 0x10000[0m
[0;32mI (207) boot: Disabling RNG early entropy source...[0m
[0;32mI (218) cpu_start: Multicore app[0m
[0;32mI (219) cpu_start: Pro cpu up.[0m
[0;32mI (219) cpu_start: Starting app cpu, entry point is 0x4008128c[0m
[0;32mI (206) cpu_start: App cpu up.[0m
[0;32mI (237) cpu_start: Pro cpu start user code[0m
[0;32mI (237) cpu_start: cpu freq: 160000000 Hz[0m
[0;32mI (237) cpu_start: Application information:[0m
[0;32mI (242) cpu_start: Project name:     nmea_parser[0m
[0;32mI (247) cpu_start: App version:      5f34df6-dirty[0m
[0;32mI (252) cpu_start: Compile time:     Oct 22 2023 16:37:07[0m
[0;32mI (258) cpu_start: ELF file SHA256:  d3607fe3605c9410...[0m
[0;32mI (264) cpu_start: ESP-IDF:          v5.1.1[0m
[0;32mI (269) cpu_start: Min chip rev:     v0.0[0m
[0;32mI (274) cpu_start: Max chip rev:     v3.99 [0m
[0;32mI (279) cpu_start: Chip rev:         v1.0[0m
[0;32mI (284) heap_init: Initializing. RAM available for dynamic allocation:[0m
[0;32mI (291) heap_init: At 3FFAE6E0 len 00001920 (6 KiB): DRAM[0m
[0;32mI (297) heap_init: At 3FFB2B48 len 0002D4B8 (181 KiB): DRAM[0m
[0;32mI (303) heap_init: At 3FFE0440 len 00003AE0 (14 KiB): D/IRAM[0m
[0;32mI (309) heap_init: At 3FFE4350 len 0001BCB0 (111 KiB): D/IRAM[0m
[0;32mI (316) heap_init: At 4008E6AC len 00011954 (70 KiB): IRAM[0m
[0;32mI (324) spi_flash: detected chip: gd[0m
[0;32mI (326) spi_flash: flash io: dio[0m
[0;33mW (330) spi_flash: Detected size(8192k) larger than the size in the binary image header(2048k). Using the size in the binary image header.[0m
[0;32mI (344) app_start: Starting scheduler on CPU0[0m
[0;32mI (348) app_start: Starting scheduler on CPU1[0m
[0;32mI (348) main_task: Started on CPU0[0m
[0;32mI (358) main_task: Calling app_main()[0m

assert failed: xQueueReceive queue.c:1475 (( pxQueue ))


Backtrace: 0x400818be:0x3ffb6c60 0x40086fc1:0x3ffb6c80 0x4008d239:0x3ffb6ca0 0x400877a7:0x3ffb6dc0 0x400d5c6f:0x3ffb6e00 0x400897ed:0x3ffb6e30




ELF file SHA256: d3607fe3605c9410

Rebooting...
ets Jun  8 2016 00:22:57

rst:0xc (SW_CPU_RESET),boot:0x13 (SPI_FAST_FLASH_BOOT)
configsip: 0, SPIWP:0xee
clk_drv:0x00,q_drv:0x00,d_drv:0x00,cs0_drv:0x00,hd_drv:0x00,wp_drv:0x00
mode:DIO, clock div:2
load:0x3fff0030,len:7080
load:0x40078000,len:15584
load:0x40080400,len:4
ho 8 tail 4 room 4
load:0x40080404,len:3876
entry 0x4008064c
[0;32mI (30) boot: ESP-IDF v5.1.1 2nd stage bootloader[0m
[0;32mI (31) boot: compile time Oct 15 2023 02:19:42[0m
[0;32mI (31) boot: Multicore bootloader[0m
[0;32mI (35) boot: chip revision: v1.0[0m
[0;32mI (39) boot.esp32: SPI Speed      : 40MHz[0m
[0;32mI (44) boot.esp32: SPI Mode       : DIO[0m
[0;32mI (48) boot.esp32: SPI Flash Size : 2MB[0m
[0;32mI (53) boot: Enabling RNG early entropy source...[0m
[0;32mI (58) boot: Partition Table:[0m
[0;32mI (62) boot: ## Label            Usage          Type ST Offset   Length[0m
[0;32mI (69) boot:  0 nvs              WiFi data        01 02 00009000 00006000[0m
[0;32mI (76) boot:  1 phy_init         RF data          01 01 0000f000 00001000[0m
[0;32mI (84) boot:  2 factory          factory app      00 00 00010000 00100000[0m
[0;32mI (91) boot: End of partition table[0m
[0;32mI (96) esp_image: segment 0: paddr=00010020 vaddr=3f400020 size=0c548h ( 50504) map[0m
[0;32mI (122) esp_image: segment 1: paddr=0001c570 vaddr=3ffb0000 size=0227ch (  8828) load[0m
[0;32mI (126) esp_image: segment 2: paddr=0001e7f4 vaddr=40080000 size=01824h (  6180) load[0m
[0;32mI (131) esp_image: segment 3: paddr=00020020 vaddr=400d0020 size=1ba20h (113184) map[0m
[0;32mI (177) esp_image: segment 4: paddr=0003ba48 vaddr=40081824 size=0ce88h ( 52872) load[0m
[0;32mI (207) boot: Loaded app from partition at offset 0x10000[0m
[0;32mI (207) boot: Disabling RNG early entropy source...[0m
[0;32mI (218) cpu_start: Multicore app[0m
[0;32mI (219) cpu_start: Pro cpu up.[0m
[0;32mI (219) cpu_start: Starting app cpu, entry point is 0x4008128c[0m
[0;32mI (206) cpu_start: App cpu up.[0m
[0;32mI (237) cpu_start: Pro cpu start user code[0m
[0;32mI (237) cpu_start: cpu freq: 160000000 Hz[0m
[0;32mI (237) cpu_start: Application information:[0m
[0;32mI (242) cpu_start: Project name:     nmea_parser[0m
[0;32mI (247) cpu_start: App version:      5f34df6-dirty[0m
[0;32mI (252) cpu_start: Compile time:     Oct 22 2023 16:37:07[0m
[0;32mI (258) cpu_start: ELF file SHA256:  d3607fe3605c9410...[0m
[0;32mI (264) cpu_start: ESP-IDF:          v5.1.1[0m
[0;32mI (269) cpu_start: Min chip rev:     v0.0[0m
[0;32mI (274) cpu_start: Max chip rev:     v3.99 [0m
[0;32mI (279) cpu_start: Chip rev:         v1.0[0m
[0;32mI (284) heap_init: Initializing. RAM available for dynamic allocation:[0m
[0;32mI (291) heap_init: At 3FFAE6E0 len 00001920 (6 KiB): DRAM[0m
[0;32mI (297) heap_init: At 3FFB2B48 len 0002D4B8 (181 KiB): DRAM[0m
[0;32mI (303) heap_init: At 3FFE0440 len 00003AE0 (14 KiB): D/IRAM[0m
[0;32mI (309) heap_init: At 3FFE4350 len 0001BCB0 (111 KiB): D/IRAM[0m
[0;32mI (316) heap_init: At 4008E6AC len 00011954 (70 KiB): IRAM[0m
[0;32mI (324) spi_flash: detected chip: gd[0m
[0;32mI (326) spi_flash: flash io: dio[0m
[0;33mW (330) spi_flash: Detected size(8192k) larger than the size in the binary image header(2048k). Using the size in the binary image header.[0m
[0;32mI (344) app_start: Starting scheduler on CPU0[0m
[0;32mI (348) app_start: Starting scheduler on CPU1[0m
[0;32mI (348) main_task: Started on CPU0[0m
[0;32mI (358) main_task: Calling app_main()[0m

assert failed: xQueueReceive queue.c:1475 (( pxQueue ))


Backtrace: 0x400818be:0x3ffb6c60 0x40086fc1:0x3ffb6c80 0x4008d239:0x3ffb6ca0 0x400877a7:0x3ffb6dc0 0x400d5c6f:0x3ffb6e00 0x400897ed:0x3ffb6e30




ELF file SHA256: d3607fe3605c9410

Rebooting...
ets Jun  8 2016 00:22:57

rst:0xc (SW_CPU_RESET),boot:0x13 (SPI_FAST_FLASH_BOOT)
configsip: 0, SPIWP:0xee
clk_drv:0x00,q_drv:0x00,d_drv:0x00,cs0_drv:0x00,hd_drv:0x00,wp_drv:0x00
mode:DIO, clock div:2
load:0x3fff0030,len:7080
load:0x40078000,len:15584
load:0x40080400,len:4
ho 8 tail 4 room 4
load:0x40080404,len:3876
entry 0x4008064c
[0;32mI (30) boot: ESP-IDF v5.1.1 2nd stage bootloader[0m
[0;32mI (31) boot: compile time Oct 15 2023 02:19:42[0m
[0;32mI (31) boot: Multicore bootloader[0m
[0;32mI (35) boot: chip revision: v1.0[0m
[0;32mI (39) boot.esp32: SPI Speed      : 40MHz[0m
[0;32mI (44) boot.esp32: SPI Mode       : DIO[0m
[0;32mI (48) boot.esp32: SPI Flash Size : 2MB[0m
[0;32mI (53) boot: Enabling RNG early entropy source...[0m
[0;32mI (58) boot: Partition Table:[0m
[0;32mI (62) boot: ## Label            Usage          Type ST Offset   Length[0m
[0;32mI (69) boot:  0 nvs              WiFi data        01 02 00009000 00006000[0m
[0;32mI (76) boot:  1 phy_init         RF data          01 01 0000f000 00001000[0m
[0;32mI (84) boot:  2 factory          factory app      00 00 00010000 00100000[0m
[0;32mI (91) boot: End of partition table[0m
[0;32mI (96) esp_image: segment 0: paddr=00010020 vaddr=3f400020 size=0c548h ( 50504) map[0m
[0;32mI (122) esp_image: segment 1: paddr=0001c570 vaddr=3ffb0000 size=0227ch (  8828) load[0m
[0;32mI (126) esp_image: segment 2: paddr=0001e7f4 vaddr=40080000 size=01824h (  6180) load[0m
[0;32mI (131) esp_image: segment 3: paddr=00020020 vaddr=400d0020 size=1ba20h (113184) map[0m
[0;32mI (177) esp_image: segment 4: paddr=0003ba48 vaddr=40081824 size=0ce88h ( 52872) load[0m
[0;32mI (207) boot: Loaded app from partition at offset 0x10000[0m
[0;32mI (207) boot: Disabling RNG early entropy source...[0m
[0;32mI (218) cpu_start: Multicore app[0m
[0;32mI (219) cpu_start: Pro cpu up.[0m
[0;32mI (219) cpu_start: Starting app cpu, entry point is 0x4008128c[0m
[0;32mI (206) cpu_start: App cpu up.[0m
[0;32mI (237) cpu_start: Pro cpu start user code[0m
[0;32mI (237) cpu_start: cpu freq: 160000000 Hz[0m
[0;32mI (237) cpu_start: Application information:[0m
[0;32mI (242) cpu_start: Project name:     nmea_parser[0m
[0;32mI (247) cpu_start: App version:      5f34df6-dirty[0m
[0;32mI (252) cpu_start: Compile time:     Oct 22 2023 16:37:07[0m
[0;32mI (258) cpu_start: ELF file SHA256:  d3607fe3605c9410...[0m
[0;32mI (264) cpu_start: ESP-IDF:          v5.1.1[0m
[0;32mI (269) cpu_start: Min chip rev:     v0.0[0m
[0;32mI (274) cpu_start: Max chip rev:     v3.99 [0m
[0;32mI (279) cpu_start: Chip rev:         v1.0[0m
[0;32mI (284) heap_init: Initializing. RAM available for dynamic allocation:[0m
[0;32mI (291) heap_init: At 3FFAE6E0 len 00001920 (6 KiB): DRAM[0m
[0;32mI (297) heap_init: At 3FFB2B48 len 0002D4B8 (181 KiB): DRAM[0m
[0;32mI (303) heap_init: At 3FFE0440 len 00003AE0 (14 KiB): D/IRAM[0m
[0;32mI (309) heap_init: At 3FFE4350 len 0001BCB0 (111 KiB): D/IRAM[0m
[0;32mI (316) heap_init: At 4008E6AC len 00011954 (70 KiB): IRAM[0m
[0;32mI (324) spi_flash: detected chip: gd[0m
[0;32mI (326) spi_flash: flash io: dio[0m
[0;33mW (330) spi_flash: Detected size(8192k) larger than the size in the binary image header(2048k). Using the size in the binary image header.[0m
[0;32mI (344) app_start: Starting scheduler on CPU0[0m
[0;32mI (348) app_start: Starting scheduler on CPU1[0m
[0;32mI (348) main_task: Started on CPU0[0m
[0;32mI (358) main_task: Calling app_main()[0m

assert failed: xQueueReceive queue.c:1475 (( pxQueue ))


Backtrace: 0x400818be:0x3ffb6c60 0x40086fc1:0x3ffb6c80 0x4008d239:0x3ffb6ca0 0x400877a7:0x3ffb6dc0 0x400d5c6f:0x3ffb6e00 0x400897ed:0x3ffb6e30




ELF file SHA256: d3607fe3605c9410

Rebooting...
ets Jun  8 2016 00:22:57

rst:0xc (SW_CPU_RESET),boot:0x13 (SPI_FAST_FLASH_BOOT)
configsip: 0, SPIWP:0xee
clk_drv:0x00,q_drv:0x00,d_drv:0x00,cs0_drv:0x00,hd_drv:0x00,wp_drv:0x00
mode:DIO, clock div:2
load:0x3fff0030,len:7080
load:0x40078000,len:15584
load:0x40080400,len:4
ho 8 tail 4 room 4
load:0x40080404,len:3876
entry 0x4008064c
[0;32mI (30) boot: ESP-IDF v5.1.1 2nd stage bootloader[0m
[0;32mI (31) boot: compile time Oct 15 2023 02:19:42[0m
[0;32mI (31) boot: Multicore bootloader[0m
[0;32mI (35) boot: chip revision: v1.0[0m
[0;32mI (39) boot.esp32: SPI Speed      : 40MHz[0m
[0;32mI (44) boot.esp32: SPI Mode       : DIO[0m
[0;32mI (48) boot.esp32: SPI Flash Size : 2MB[0m
[0;32mI (53) boot: Enabling RNG early entropy source...[0m
[0;32mI (58) boot: Partition Table:[0m
[0;32mI (62) boot: ## Label            Usage          Type ST Offset   Length[0m
[0;32mI (69) boot:  0 nvs              WiFi data        01 02 00009000 00006000[0m
[0;32mI (76) boot:  1 phy_init         RF data          01 01 0000f000 00001000[0m
[0;32mI (84) boot:  2 factory          factory app      00 00 00010000 00100000[0m
[0;32mI (91) boot: End of partition table[0m
[0;32mI (96) esp_image: segment 0: paddr=00010020 vaddr=3f400020 size=0c548h ( 50504) map[0m
[0;32mI (122) esp_image: segment 1: paddr=0001c570 vaddr=3ffb0000 size=0227ch (  8828) load[0m
[0;32mI (126) esp_image: segment 2: paddr=0001e7f4 vaddr=40080000 size=01824h (  6180) load[0m
[0;32mI (131) esp_image: segment 3: paddr=00020020 vaddr=400d0020 size=1ba20h (113184) map[0m
[0;32mI (177) esp_image: segment 4: paddr=0003ba48 vaddr=40081824 size=0ce88h ( 52872) load[0m
[0;32mI (207) boot: Loaded app from partition at offset 0x10000[0m
[0;32mI (207) boot: Disabling RNG early entropy source...[0m
[0;32mI (218) cpu_start: Multicore app[0m
[0;32mI (219) cpu_start: Pro cpu up.[0m
[0;32mI (219) cpu_start: Starting app cpu, entry point is 0x4008128c[0m
[0;32mI (206) cpu_start: App cpu up.[0m
[0;32mI (237) cpu_start: Pro cpu start user code[0m
[0;32mI (237) cpu_start: cpu freq: 160000000 Hz[0m
[0;32mI (237) cpu_start: Application information:[0m
[0;32mI (242) cpu_start: Project name:     nmea_parser[0m
[0;32mI (247) cpu_start: App version:      5f34df6-dirty[0m
[0;32mI (252) cpu_start: Compile time:     Oct 22 2023 16:37:07[0m
[0;32mI (258) cpu_start: ELF file SHA256:  d3607fe3605c9410...[0m
[0;32mI (264) cpu_start: ESP-IDF:          v5.1.1[0m
[0;32mI (269) cpu_start: Min chip rev:     v0.0[0m
[0;32mI (274) cpu_start: Max chip rev:     v3.99 [0m
[0;32mI (279) cpu_start: Chip rev:         v1.0[0m
[0;32mI (284) heap_init: Initializing. RAM available for dynamic allocation:[0m
[0;32mI (291) heap_init: At 3FFAE6E0 len 00001920 (6 KiB): DRAM[0m
[0;32mI (297) heap_init: At 3FFB2B48 len 0002D4B8 (181 KiB): DRAM[0m
[0;32mI (303) heap_init: At 3FFE0440 len 00003AE0 (14 KiB): D/IRAM[0m
[0;32mI (309) heap_init: At 3FFE4350 len 0001BCB0 (111 KiB): D/IRAM[0m
[0;32mI (316) heap_init: At 4008E6AC len 00011954 (70 KiB): IRAM[0m
[0;32mI (324) spi_flash: detected chip: gd[0m
[0;32mI (326) spi_flash: flash io: dio[0m
[0;33mW (330) spi_flash: Detected size(8192k) larger than the size in the binary image header(2048k). Using the size in the binary image header.[0m
[0;32mI (344) app_start: Starting scheduler on CPU0[0m
[0;32mI (348) app_start: Starting scheduler on CPU1[0m
[0;32mI (348) main_task: Started on CPU0[0m
[0;32mI (358) main_task: Calling app_main()[0m

assert failed: xQueueReceive queue.c:1475 (( pxQueue ))


Backtrace: 0x400818be:0x3ffb6c60 0x40086fc1:0x3ffb6c80 0x4008d239:0x3ffb6ca0 0x400877a7:0x3ffb6dc0 0x400d5c6f:0x3ffb6e00 0x400897ed:0x3ffb6e30




ELF file SHA256: d3607fe3605c9410

Rebooting...
ets Jun  8 2016 00:22:57

rst:0xc (SW_CPU_RESET),boot:0x13 (SPI_FAST_FLASH_BOOT)
configsip: 0, SPIWP:0xee
clk_drv:0x00,q_drv:0x00,d_drv:0x00,cs0_drv:0x00,hd_drv:0x00,wp_drv:0x00
mode:DIO, clock div:2
load:0x3fff0030,len:7080
load:0x40078000,len:15584
load:0x40080400,len:4
ho 8 tail 4 room 4
load:0x40080404,len:3876
entry 0x4008064c
[0;32mI (30) boot: ESP-IDF v5.1.1 2nd stage bootloader[0m
[0;32mI (31) boot: compile time Oct 15 2023 02:19:42[0m
[0;32mI (31) boot: Multicore bootloader[0m
[0;32mI (35) boot: chip revision: v1.0[0m
[0;32mI (39) boot.esp32: SPI Speed      : 40MHz[0m
[0;32mI (44) boot.esp32: SPI Mode       : DIO[0m
[0;32mI (48) boot.esp32: SPI Flash Size : 2MB[0m
[0;32mI (53) boot: Enabling RNG early entropy source...[0m
[0;32mI (58) boot: Partition Table:[0m
[0;32mI (62) boot: ## Label            Usage          Type ST Offset   Length[0m
[0;32mI (69) boot:  0 nvs              WiFi data        01 02 00009000 00006000[0m
[0;32mI (76) boot:  1 phy_init         RF data          01 01 0000f000 00001000[0m
[0;32mI (84) boot:  2 factory          factory app      00 00 00010000 00100000[0m
[0;32mI (91) boot: End of partition table[0m
[0;32mI (96) esp_image: segment 0: paddr=00010020 vaddr=3f400020 size=0c548h ( 50504) map[0m
[0;32mI (122) esp_image: segment 1: paddr=0001c570 vaddr=3ffb0000 size=0227ch (  8828) load[0m
[0;32mI (126) esp_image: segment 2: paddr=0001e7f4 vaddr=40080000 size=01824h (  6180) load[0m
[0;32mI (131) esp_image: segment 3: paddr=00020020 vaddr=400d0020 size=1ba20h (113184) map[0m
[0;32mI (177) esp_image: segment 4: paddr=0003ba48 vaddr=40081824 size=0ce88h ( 52872) load[0m
[0;32mI (207) boot: Loaded app from partition at offset 0x10000[0m
[0;32mI (207) boot: Disabling RNG early entropy source...[0m
[0;32mI (218) cpu_start: Multicore app[0m
[0;32mI (219) cpu_start: Pro cpu up.[0m
[0;32mI (219) cpu_start: Starting app cpu, entry point is 0x4008128c[0m
[0;32mI (206) cpu_start: App cpu up.[0m
[0;32mI (237) cpu_start: Pro cpu start user code[0m
[0;32mI (237) cpu_start: cpu freq: 160000000 Hz[0m
[0;32mI (237) cpu_start: Application information:[0m
[0;32mI (242) cpu_start: Project name:     nmea_parser[0m
[0;32mI (247) cpu_start: App version:      5f34df6-dirty[0m
[0;32mI (252) cpu_start: Compile time:     Oct 22 2023 16:37:07[0m
[0;32mI (258) cpu_start: ELF file SHA256:  d3607fe3605c9410...[0m
[0;32mI (264) cpu_start: ESP-IDF:          v5.1.1[0m
[0;32mI (269) cpu_start: Min chip rev:     v0.0[0m
[0;32mI (274) cpu_start: Max chip rev:     v3.99 [0m
[0;32mI (279) cpu_start: Chip rev:         v1.0[0m
[0;32mI (284) heap_init: Initializing. RAM available for dynamic allocation:[0m
[0;32mI (291) heap_init: At 3FFAE6E0 len 00001920 (6 KiB): DRAM[0m
[0;32mI (297) heap_init: At 3FFB2B48 len 0002D4B8 (181 KiB): DRAM[0m
[0;32mI (303) heap_init: At 3FFE0440 len 00003AE0 (14 KiB): D/IRAM[0m
[0;32mI (309) heap_init: At 3FFE4350 len 0001BCB0 (111 KiB): D/IRAM[0m
[0;32mI (316) heap_init: At 4008E6AC len 00011954 (70 KiB): IRAM[0m
[0;32mI (324) spi_flash: detected chip: gd[0m
[0;32mI (326) spi_flash: flash io: dio[0m
[0;33mW (330) spi_flash: Detected size(8192k) larger than the size in the binary image header(2048k). Using the size in the binary image header.[0m
[0;32mI (344) app_start: Starting scheduler on CPU0[0m
[0;32mI (348) app_start: Starting scheduler on CPU1[0m
[0;32mI (348) main_task: Started on CPU0[0m
[0;32mI (358) main_task: Calling app_main()[0m

assert failed: xQueueReceive queue.c:1475 (( pxQueue ))


Backtrace: 0x400818be:0x3ffb6c60 0x40086fc1:0x3ffb6c80 0x4008d239:0x3ffb6ca0 0x400877a7:0x3ffb6dc0 0x400d5c6f:0x3ffb6e00 0x400897ed:0x3ffb6e30




ELF file SHA256: d3607fe3605c9410

Rebooting...
ets Jun  8 2016 00:22:57

rst:0xc (SW_CPU_RESET),boot:0x13 (SPI_FAST_FLASH_BOOT)
configsip: 0, SPIWP:0xee
clk_drv:0x00,q_drv:0x00,d_drv:0x00,cs0_drv:0x00,hd_drv:0x00,wp_drv:0x00
mode:DIO, clock div:2
load:0x3fff0030,len:7080
load:0x40078000,len:15584
load:0x40080400,len:4
ho 8 tail 4 room 4
load:0x40080404,len:3876
entry 0x4008064c
[0;32mI (30) boot: ESP-IDF v5.1.1 2nd stage bootloader[0m
[0;32mI (31) boot: compile time Oct 15 2023 02:19:42[0m
[0;32mI (31) boot: Multicore bootloader[0m
[0;32mI (35) boot: chip revision: v1.0[0m
[0;32mI (39) boot.esp32: SPI Speed      : 40MHz[0m
[0;32mI (44) boot.esp32: SPI Mode       : DIO[0m
[0;32mI (48) boot.esp32: SPI Flash Size : 2MB[0m
[0;32mI (53) boot: Enabling RNG early entropy source...[0m
[0;32mI (58) boot: Partition Table:[0m
[0;32mI (62) boot: ## Label            Usage          Type ST Offset   Length[0m
[0;32mI (69) boot:  0 nvs              WiFi data        01 02 00009000 00006000[0m
[0;32mI (76) boot:  1 phy_init         RF data          01 01 0000f000 00001000[0m
[0;32mI (84) boot:  2 factory          factory app      00 00 00010000 00100000[0m
[0;32mI (91) boot: End of partition table[0m
[0;32mI (96) esp_image: segment 0: paddr=00010020 vaddr=3f400020 size=0c548h ( 50504) map[0m
[0;32mI (122) esp_image: segment 1: paddr=0001c570 vaddr=3ffb0000 size=0227ch (  8828) load[0m
[0;32mI (126) esp_image: segment 2: paddr=0001e7f4 vaddr=40080000 size=01824h (  6180) load[0m
[0;32mI (131) esp_image: segment 3: paddr=00020020 vaddr=400d0020 size=1ba20h (113184) map[0m
[0;32mI (177) esp_image: segment 4: paddr=0003ba48 vaddr=40081824 size=0ce88h ( 52872) load[0m
[0;32mI (207) boot: Loaded app from partition at offset 0x10000[0m
[0;32mI (207) boot: Disabling RNG early entropy source...[0m
[0;32mI (218) cpu_start: Multicore app[0m
[0;32mI (219) cpu_start: Pro cpu up.[0m
[0;32mI (219) cpu_start: Starting app cpu, entry point is 0x4008128c[0m
[0;32mI (206) cpu_start: App cpu up.[0m
[0;32mI (237) cpu_start: Pro cpu start user code[0m
[0;32mI (237) cpu_start: cpu freq: 160000000 Hz[0m
[0;32mI (237) cpu_start: Application information:[0m
[0;32mI (242) cpu_start: Project name:     nmea_parser[0m
[0;32mI (247) cpu_start: App version:      5f34df6-dirty[0m
[0;32mI (252) cpu_start: Compile time:     Oct 22 2023 16:37:07[0m
[0;32mI (258) cpu_start: ELF file SHA256:  d3607fe3605c9410...[0m
[0;32mI (264) cpu_start: ESP-IDF:          v5.1.1[0m
[0;32mI (269) cpu_start: Min chip rev:     v0.0[0m
[0;32mI (274) cpu_start: Max chip rev:     v3.99 [0m
[0;32mI (279) cpu_start: Chip rev:         v1.0[0m
[0;32mI (284) heap_init: Initializing. RAM available for dynamic allocation:[0m
[0;32mI (291) heap_init: At 3FFAE6E0 len 00001920 (6 KiB): DRAM[0m
[0;32mI (297) heap_init: At 3FFB2B48 len 0002D4B8 (181 KiB): DRAM[0m
[0;32mI (303) heap_init: At 3FFE0440 len 00003AE0 (14 KiB): D/IRAM[0m
[0;32mI (309) heap_init: At 3FFE4350 len 0001BCB0 (111 KiB): D/IRAM[0m
[0;32mI (316) heap_init: At 4008E6AC len 00011954 (70 KiB): IRAM[0m
[0;32mI (324) spi_flash: detected chip: gd[0m
[0;32mI (326) spi_flash: flash io: dio[0m
[0;33mW (330) spi_flash: Detected size(8192k) larger than the size in the binary image header(2048k). Using the size in the binary image header.[0m
[0;32mI (344) app_start: Starting scheduler on CPU0[0m
[0;32mI (348) app_start: Starting scheduler on CPU1[0m
[0;32mI (348) main_task: Started on CPU0[0m
[0;32mI (358) main_task: Calling app_main()[0m

assert failed: xQueueReceive queue.c:1475 (( pxQueue ))


Backtrace: 0x400818be:0x3ffb6c60 0x40086fc1:0x3ffb6c80 0x4008d239:0x3ffb6ca0 0x400877a7:0x3ffb6dc0 0x400d5c6f:0x3ffb6e00 0x400897ed:0x3ffb6e30




ELF file SHA256: d3607fe3605c9410

Rebooting...
ets Jun  8 2016 00:22:57

rst:0xc (SW_CPU_RESET),boot:0x13 (SPI_FAST_FLASH_BOOT)
configsip: 0, SPIWP:0xee
clk_drv:0x00,q_drv:0x00,d_drv:0x00,cs0_drv:0x00,hd_drv:0x00,wp_drv:0x00
mode:DIO, clock div:2
load:0x3fff0030,len:7080
load:0x40078000,len:15584
load:0x40080400,len:4
ho 8 tail 4 room 4
load:0x40080404,len:3876
entry 0x4008064c
[0;32mI (30) boot: ESP-IDF v5.1.1 2nd stage bootloader[0m
[0;32mI (31) boot: compile time Oct 15 2023 02:19:42[0m
[0;32mI (31) boot: Multicore bootloader[0m
[0;32mI (35) boot: chip revision: v1.0[0m
[0;32mI (39) boot.esp32: SPI Speed      : 40MHz[0m
[0;32mI (44) boot.esp32: SPI Mode       : DIO[0m
[0;32mI (48) boot.esp32: SPI Flash Size : 2MB[0m
[0;32mI (53) boot: Enabling RNG early entropy source...[0m
[0;32mI (58) boot: Partition Table:[0m
[0;32mI (62) boot: ## Label            Usage          Type ST Offset   Length[0m
[0;32mI (69) boot:  0 nvs              WiFi data        01 02 00009000 00006000[0m
[0;32mI (76) boot:  1 phy_init         RF data          01 01 0000f000 00001000[0m
[0;32mI (84) boot:  2 factory          factory app      00 00 00010000 00100000[0m
[0;32mI (91) boot: End of partition table[0m
[0;32mI (96) esp_image: segment 0: paddr=00010020 vaddr=3f400020 size=0c548h ( 50504) map[0m
[0;32mI (122) esp_image: segment 1: paddr=0001c570 vaddr=3ffb0000 size=0227ch (  8828) load[0m
[0;32mI (126) esp_image: segment 2: paddr=0001e7f4 vaddr=40080000 size=01824h (  6180) load[0m
[0;32mI (131) esp_image: segment 3: paddr=00020020 vaddr=400d0020 size=1ba20h (113184) map[0m
[0;32mI (177) esp_image: segment 4: paddr=0003ba48 vaddr=40081824 size=0ce88h ( 52872) load[0m
[0;32mI (207) boot: Loaded app from partition at offset 0x10000[0m
[0;32mI (207) boot: Disabling RNG early entropy source...[0m
[0;32mI (218) cpu_start: Multicore app[0m
[0;32mI (219) cpu_start: Pro cpu up.[0m
[0;32mI (219) cpu_start: Starting app cpu, entry point is 0x4008128c[0m
[0;32mI (206) cpu_start: App cpu up.[0m
[0;32mI (237) cpu_start: Pro cpu start user code[0m
[0;32mI (237) cpu_start: cpu freq: 160000000 Hz[0m
[0;32mI (237) cpu_start: Application information:[0m
[0;32mI (242) cpu_start: Project name:     nmea_parser[0m
[0;32mI (247) cpu_start: App version:      5f34df6-dirty[0m
[0;32mI (252) cpu_start: Compile time:     Oct 22 2023 16:37:07[0m
[0;32mI (258) cpu_start: ELF file SHA256:  d3607fe3605c9410...[0m
[0;32mI (264) cpu_start: ESP-IDF:          v5.1.1[0m
[0;32mI (269) cpu_start: Min chip rev:     v0.0[0m
[0;32mI (274) cpu_start: Max chip rev:     v3.99 [0m
[0;32mI (279) cpu_start: Chip rev:         v1.0[0m
[0;32mI (284) heap_init: Initializing. RAM available for dynamic allocation:[0m
[0;32mI (291) heap_init: At 3FFAE6E0 len 00001920 (6 KiB): DRAM[0m
[0;32mI (297) heap_init: At 3FFB2B48 len 0002D4B8 (181 KiB): DRAM[0m
[0;32mI (303) heap_init: At 3FFE0440 len 00003AE0 (14 KiB): D/IRAM[0m
[0;32mI (309) heap_init: At 3FFE4350 len 0001BCB0 (111 KiB): D/IRAM[0m
[0;32mI (316) heap_init: At 4008E6AC len 00011954 (70 KiB): IRAM[0m
[0;32mI (324) spi_flash: detected chip: gd[0m
[0;32mI (326) spi_flash: flash io: dio[0m
[0;33mW (330) spi_flash: Detected size(8192k) larger than the size in the binary image header(2048k). Using the size in the binary image header.[0m
[0;32mI (344) app_start: Starting scheduler on CPU0[0m
[0;32mI (348) app_start: Starting scheduler on CPU1[0m
[0;32mI (348) main_task: Started on CPU0[0m
[0;32mI (358) main_task: Calling app_main()[0m

assert failed: xQueueReceive queue.c:1475 (( pxQueue ))


Backtrace: 0x400818be:0x3ffb6c60 0x40086fc1:0x3ffb6c80 0x4008d239:0x3ffb6ca0 0x400877a7:0x3ffb6dc0 0x400d5c6f:0x3ffb6e00 0x400897ed:0x3ffb6e30




ELF file SHA256: d3607fe3605c9410

Rebooting...
ets Jun  8 2016 00:22:57

rst:0xc (SW_CPU_RESET),boot:0x13 (SPI_FAST_FLASH_BOOT)
configsip: 0, SPIWP:0xee
clk_drv:0x00,q_drv:0x00,d_drv:0x00,cs0_drv:0x00,hd_drv:0x00,wp_drv:0x00
mode:DIO, clock div:2
load:0x3fff0030,len:7080
load:0x40078000,len:15584
load:0x40080400,len:4
ho 8 tail 4 room 4
load:0x40080404,len:3876
entry 0x4008064c
[0;32mI (30) boot: ESP-IDF v5.1.1 2nd stage bootloader[0m
[0;32mI (31) boot: compile time Oct 15 2023 02:19:42[0m
[0;32mI (31) boot: Multicore bootloader[0m
[0;32mI (35) boot: chip revision: v1.0[0m
[0;32mI (39) boot.esp32: SPI Speed      : 40MHz[0m
[0;32mI (44) boot.esp32: SPI Mode       : DIO[0m
[0;32mI (48) boot.esp32: SPI Flash Size : 2MB[0m
[0;32mI (53) boot: Enabling RNG early entropy source...[0m
[0;32mI (58) boot: Partition Table:[0m
[0;32mI (62) boot: ## Label            Usage          Type ST Offset   Length[0m
[0;32mI (69) boot:  0 nvs              WiFi data        01 02 00009000 00006000[0m
[0;32mI (76) boot:  1 phy_init         RF data          01 01 0000f000 00001000[0m
[0;32mI (84) boot:  2 factory          factory app      00 00 00010000 00100000[0m
[0;32mI (91) boot: End of partition table[0m
[0;32mI (96) esp_image: segment 0: paddr=00010020 vaddr=3f400020 size=0c548h ( 50504) map[0m
[0;32mI (122) esp_image: segment 1: paddr=0001c570 vaddr=3ffb0000 size=0227ch (  8828) load[0m
[0;32mI (126) esp_image: segment 2: paddr=0001e7f4 vaddr=40080000 size=01824h (  6180) load[0m
[0;32mI (131) esp_image: segment 3: paddr=00020020 vaddr=400d0020 size=1ba20h (113184) map[0m
[0;32mI (177) esp_image: segment 4: paddr=0003ba48 vaddr=40081824 size=0ce88h ( 52872) load[0m
[0;32mI (207) boot: Loaded app from partition at offset 0x10000[0m
[0;32mI (207) boot: Disabling RNG early entropy source...[0m
[0;32mI (218) cpu_start: Multicore app[0m
[0;32mI (219) cpu_start: Pro cpu up.[0m
[0;32mI (219) cpu_start: Starting app cpu, entry point is 0x4008128c[0m
[0;32mI (206) cpu_start: App cpu up.[0m
[0;32mI (237) cpu_start: Pro cpu start user code[0m
[0;32mI (237) cpu_start: cpu freq: 160000000 Hz[0m
[0;32mI (237) cpu_start: Application information:[0m
[0;32mI (242) cpu_start: Project name:     nmea_parser[0m
[0;32mI (247) cpu_start: App version:      5f34df6-dirty[0m
[0;32mI (252) cpu_start: Compile time:     Oct 22 2023 16:37:07[0m
[0;32mI (258) cpu_start: ELF file SHA256:  d3607fe3605c9410...[0m
[0;32mI (264) cpu_start: ESP-IDF:          v5.1.1[0m
[0;32mI (269) cpu_start: Min chip rev:     v0.0[0m
[0;32mI (274) cpu_start: Max chip rev:     v3.99 [0m
[0;32mI (279) cpu_start: Chip rev:         v1.0[0m
[0;32mI (284) heap_init: Initializing. RAM available for dynamic allocation:[0m
[0;32mI (291) heap_init: At 3FFAE6E0 len 00001920 (6 KiB): DRAM[0m
[0;32mI (297) heap_init: At 3FFB2B48 len 0002D4B8 (181 KiB): DRAM[0m
[0;32mI (303) heap_init: At 3FFE0440 len 00003AE0 (14 KiB): D/IRAM[0m
[0;32mI (309) heap_init: At 3FFE4350 len 0001BCB0 (111 KiB): D/IRAM[0m
[0;32mI (316) heap_init: At 4008E6AC len 00011954 (70 KiB): IRAM[0m
[0;32mI (324) spi_flash: detected chip: gd[0m
[0;32mI (326) spi_flash: flash io: dio[0m
[0;33mW (330) spi_flash: Detected size(8192k) larger than the size in the binary image header(2048k). Using the size in the binary image header.[0m
[0;32mI (344) app_start: Starting scheduler on CPU0[0m
[0;32mI (348) app_start: Starting scheduler on CPU1[0m
[0;32mI (348) main_task: Started on CPU0[0m
[0;32mI (358) main_task: Calling app_main()[0m

assert failed: xQueueReceive queue.c:1475 (( pxQueue ))


Backtrace: 0x400818be:0x3ffb6c60 0x40086fc1:0x3ffb6c80 0x4008d239:0x3ffb6ca0 0x400877a7:0x3ffb6dc0 0x400d5c6f:0x3ffb6e00 0x400897ed:0x3ffb6e30




ELF file SHA256: d3607fe3605c9410

Rebooting...
ets Jun  8 2016 00:22:57

rst:0xc (SW_CPU_RESET),boot:0x13 (SPI_FAST_FLASH_BOOT)
configsip: 0, SPIWP:0xee
clk_drv:0x00,q_drv:0x00,d_drv:0x00,cs0_drv:0x00,hd_drv:0x00,wp_drv:0x00
mode:DIO, clock div:2
load:0x3fff0030,len:7080
load:0x40078000,len:15584
load:0x40080400,len:4
ho 8 tail 4 room 4
load:0x40080404,len:3876
entry 0x4008064c
[0;32mI (30) boot: ESP-IDF v5.1.1 2nd stage bootloader[0m
[0;32mI (31) boot: compile time Oct 15 2023 02:19:42[0m
[0;32mI (31) boot: Multicore bootloader[0m
[0;32mI (35) boot: chip revision: v1.0[0m
[0;32mI (39) boot.esp32: SPI Speed      : 40MHz[0m
[0;32mI (44) boot.esp32: SPI Mode       : DIO[0m
[0;32mI (48) boot.esp32: SPI Flash Size : 2MB[0m
[0;32mI (53) boot: Enabling RNG early entropy source...[0m
[0;32mI (58) boot: Partition Table:[0m
[0;32mI (62) boot: ## Label            Usage          Type ST Offset   Length[0m
[0;32mI (69) boot:  0 nvs              WiFi data        01 02 00009000 00006000[0m
[0;32mI (76) boot:  1 phy_init         RF data          01 01 0000f000 00001000[0m
[0;32mI (84) boot:  2 factory          factory app      00 00 00010000 00100000[0m
[0;32mI (91) boot: End of partition table[0m
[0;32mI (96) esp_image: segment 0: paddr=00010020 vaddr=3f400020 size=0c548h ( 50504) map[0m
[0;32mI (122) esp_image: segment 1: paddr=0001c570 vaddr=3ffb0000 size=0227ch (  8828) load[0m
[0;32mI (126) esp_image: segment 2: paddr=0001e7f4 vaddr=40080000 size=01824h (  6180) load[0m
[0;32mI (131) esp_image: segment 3: paddr=00020020 vaddr=400d0020 size=1ba20h (113184) map[0m
[0;32mI (177) esp_image: segment 4: paddr=0003ba48 vaddr=40081824 size=0ce88h ( 52872) load[0m
[0;32mI (207) boot: Loaded app from partition at offset 0x10000[0m
[0;32mI (207) boot: Disabling RNG early entropy source...[0m
[0;32mI (218) cpu_start: Multicore app[0m
[0;32mI (219) cpu_start: Pro cpu up.[0m
[0;32mI (219) cpu_start: Starting app cpu, entry point is 0x4008128c[0m
[0;32mI (206) cpu_start: App cpu up.[0m
[0;32mI (237) cpu_start: Pro cpu start user code[0m
[0;32mI (237) cpu_start: cpu freq: 160000000 Hz[0m
[0;32mI (237) cpu_start: Application information:[0m
[0;32mI (242) cpu_start: Project name:     nmea_parser[0m
[0;32mI (247) cpu_start: App version:      5f34df6-dirty[0m
[0;32mI (252) cpu_start: Compile time:     Oct 22 2023 16:37:07[0m
[0;32mI (258) cpu_start: ELF file SHA256:  d3607fe3605c9410...[0m
[0;32mI (264) cpu_start: ESP-IDF:          v5.1.1[0m
[0;32mI (269) cpu_start: Min chip rev:     v0.0[0m
[0;32mI (274) cpu_start: Max chip rev:     v3.99 [0m
[0;32mI (279) cpu_start: Chip rev:         v1.0[0m
[0;32mI (284) heap_init: Initializing. RAM available for dynamic allocation:[0m
[0;32mI (291) heap_init: At 3FFAE6E0 len 00001920 (6 KiB): DRAM[0m
[0;32mI (297) heap_init: At 3FFB2B48 len 0002D4B8 (181 KiB): DRAM[0m
[0;32mI (303) heap_init: At 3FFE0440 len 00003AE0 (14 KiB): D/IRAM[0m
[0;32mI (309) heap_init: At 3FFE4350 len 0001BCB0 (111 KiB): D/IRAM[0m
[0;32mI (316) heap_init: At 4008E6AC len 00011954 (70 KiB): IRAM[0m
[0;32mI (324) spi_flash: detected chip: gd[0m
[0;32mI (326) spi_flash: flash io: dio[0m
[0;33mW (330) spi_flash: Detected size(8192k) larger than the size in the binary image header(2048k). Using the size in the binary image header.[0m
[0;32mI (344) app_start: Starting scheduler on CPU0[0m
[0;32mI (348) app_start: Starting scheduler on CPU1[0m
[0;32mI (348) main_task: Started on CPU0[0m
[0;32mI (358) main_task: Calling app_main()[0m

assert failed: xQueueReceive queue.c:1475 (( pxQueue ))


Backtrace: 0x400818be:0x3ffb6c60 0x40086fc1:0x3ffb6c80 0x4008d239:0x3ffb6ca0 0x400877a7:0x3ffb6dc0 0x400d5c6f:0x3ffb6e00 0x400897ed:0x3ffb6e30




ELF file SHA256: d3607fe3605c9410

Rebooting...
ets Jun  8 2016 00:22:57

rst:0xc (SW_CPU_RESET),boot:0x13 (SPI_FAST_FLASH_BOOT)
configsip: 0, SPIWP:0xee
clk_drv:0x00,q_drv:0x00,d_drv:0x00,cs0_drv:0x00,hd_drv:0x00,wp_drv:0x00
mode:DIO, clock div:2
load:0x3fff0030,len:7080
load:0x40078000,len:15584
load:0x40080400,len:4
ho 8 tail 4 room 4
load:0x40080404,len:3876
entry 0x4008064c
[0;32mI (30) boot: ESP-IDF v5.1.1 2nd stage bootloader[0m
[0;32mI (31) boot: compile time Oct 15 2023 02:19:42[0m
[0;32mI (31) boot: Multicore bootloader[0m
[0;32mI (35) boot: chip revision: v1.0[0m
[0;32mI (39) boot.esp32: SPI Speed      : 40MHz[0m
[0;32mI (44) boot.esp32: SPI Mode       : DIO[0m
[0;32mI (48) boot.esp32: SPI Flash Size : 2MB[0m
[0;32mI (53) boot: Enabling RNG early entropy source...[0m
[0;32mI (58) boot: Partition Table:[0m
[0;32mI (62) boot: ## Label            Usage          Type ST Offset   Length[0m
[0;32mI (69) boot:  0 nvs              WiFi data        01 02 00009000 00006000[0m
[0;32mI (76) boot:  1 phy_init         RF data          01 01 0000f000 00001000[0m
[0;32mI (84) boot:  2 factory          factory app      00 00 00010000 00100000[0m
[0;32mI (91) boot: End of partition table[0m
[0;32mI (96) esp_image: segment 0: paddr=00010020 vaddr=3f400020 size=0c548h ( 50504) map[0m
[0;32mI (122) esp_image: segment 1: paddr=0001c570 vaddr=3ffb0000 size=0227ch (  8828) load[0m
[0;32mI (126) esp_image: segment 2: paddr=0001e7f4 vaddr=40080000 size=01824h (  6180) load[0m
[0;32mI (131) esp_image: segment 3: paddr=00020020 vaddr=400d0020 size=1ba20h (113184) map[0m
[0;32mI (177) esp_image: segment 4: paddr=0003ba48 vaddr=40081824 size=0ce88h ( 52872) load[0m
[0;32mI (207) boot: Loaded app from partition at offset 0x10000[0m
[0;32mI (207) boot: Disabling RNG early entropy source...[0m
[0;32mI (218) cpu_start: Multicore app[0m
[0;32mI (219) cpu_start: Pro cpu up.[0m
[0;32mI (219) cpu_start: Starting app cpu, entry point is 0x4008128c[0m
[0;32mI (206) cpu_start: App cpu up.[0m
[0;32mI (237) cpu_start: Pro cpu start user code[0m
[0;32mI (237) cpu_start: cpu freq: 160000000 Hz[0m
[0;32mI (237) cpu_start: Application information:[0m
[0;32mI (242) cpu_start: Project name:     nmea_parser[0m
[0;32mI (247) cpu_start: App version:      5f34df6-dirty[0m
[0;32mI (252) cpu_start: Compile time:     Oct 22 2023 16:37:07[0m
[0;32mI (258) cpu_start: ELF file SHA256:  d3607fe3605c9410...[0m
[0;32mI (264) cpu_start: ESP-IDF:          v5.1.1[0m
[0;32mI (269) cpu_start: Min chip rev:     v0.0[0m
[0;32mI (274) cpu_start: Max chip rev:     v3.99 [0m
[0;32mI (279) cpu_start: Chip rev:         v1.0[0m
[0;32mI (284) heap_init: Initializing. RAM available for dynamic allocation:[0m
[0;32mI (291) heap_init: At 3FFAE6E0 len 00001920 (6 KiB): DRAM[0m
[0;32mI (297) heap_init: At 3FFB2B48 len 0002D4B8 (181 KiB): DRAM[0m
[0;32mI (303) heap_init: At 3FFE0440 len 00003AE0 (14 KiB): D/IRAM[0m
[0;32mI (309) heap_init: At 3FFE4350 len 0001BCB0 (111 KiB): D/IRAM[0m
[0;32mI (316) heap_init: At 4008E6AC len 00011954 (70 KiB): IRAM[0m
[0;32mI (324) spi_flash: detected chip: gd[0m
[0;32mI (326) spi_flash: flash io: dio[0m
[0;33mW (330) spi_flash: Detected size(8192k) larger than the size in the binary image header(2048k). Using the size in the binary image header.[0m
[0;32mI (344) app_start: Starting scheduler on CPU0[0m
[0;32mI (348) app_start: Starting scheduler on CPU1[0m
[0;32mI (348) main_task: Started on CPU0[0m
[0;32mI (358) main_task: Calling app_main()[0m

assert failed: xQueueReceive queue.c:1475 (( pxQueue ))


Backtrace: 0x400818be:0x3ffb6c60 0x40086fc1:0x3ffb6c80 0x4008d239:0x3ffb6ca0 0x400877a7:0x3ffb6dc0 0x400d5c6f:0x3ffb6e00 0x400897ed:0x3ffb6e30




ELF file SHA256: d3607fe3605c9410

Rebooting...
ets Jun  8 2016 00:22:57

rst:0xc (SW_CPU_RESET),boot:0x13 (SPI_FAST_FLASH_BOOT)
configsip: 0, SPIWP:0xee
clk_drv:0x00,q_drv:0x00,d_drv:0x00,cs0_drv:0x00,hd_drv:0x00,wp_drv:0x00
mode:DIO, clock div:2
load:0x3fff0030,len:7080
load:0x40078000,len:15584
load:0x40080400,len:4
ho 8 tail 4 room 4
load:0x40080404,len:3876
entry 0x4008064c
[0;32mI (30) boot: ESP-IDF v5.1.1 2nd stage bootloader[0m
[0;32mI (31) boot: compile time Oct 15 2023 02:19:42[0m
[0;32mI (31) boot: Multicore bootloader[0m
[0;32mI (35) boot: chip revision: v1.0[0m
[0;32mI (39) boot.esp32: SPI Speed      : 40MHz[0m
[0;32mI (44) boot.esp32: SPI Mode       : DIO[0m
[0;32mI (48) boot.esp32: SPI Flash Size : 2MB[0m
[0;32mI (53) boot: Enabling RNG early entropy source...[0m
[0;32mI (58) boot: Partition Table:[0m
[0;32mI (62) boot: ## Label            Usage          Type ST Offset   Length[0m
[0;32mI (69) boot:  0 nvs              WiFi data        01 02 00009000 00006000[0m
[0;32mI (76) boot:  1 phy_init         RF data          01 01 0000f000 00001000[0m
[0;32mI (84) boot:  2 factory          factory app      00 00 00010000 00100000[0m
[0;32mI (91) boot: End of partition table[0m
[0;32mI (96) esp_image: segment 0: paddr=00010020 vaddr=3f400020 size=0c548h ( 50504) map[0m
[0;32mI (122) esp_image: segment 1: paddr=0001c570 vaddr=3ffb0000 size=0227ch (  8828) load[0m
[0;32mI (126) esp_image: segment 2: paddr=0001e7f4 vaddr=40080000 size=01824h (  6180) load[0m
[0;32mI (131) esp_image: segment 3: paddr=00020020 vaddr=400d0020 size=1ba20h (113184) map[0m
[0;32mI (177) esp_image: segment 4: paddr=0003ba48 vaddr=40081824 size=0ce88h ( 52872) load[0m
[0;32mI (207) boot: Loaded app from partition at offset 0x10000[0m
[0;32mI (207) boot: Disabling RNG early entropy source...[0m
[0;32mI (218) cpu_start: Multicore app[0m
[0;32mI (219) cpu_start: Pro cpu up.[0m
[0;32mI (219) cpu_start: Starting app cpu, entry point is 0x4008128c[0m
[0;32mI (206) cpu_start: App cpu up.[0m
[0;32mI (237) cpu_start: Pro cpu start user code[0m
[0;32mI (237) cpu_start: cpu freq: 160000000 Hz[0m
[0;32mI (237) cpu_start: Application information:[0m
[0;32mI (242) cpu_start: Project name:     nmea_parser[0m
[0;32mI (247) cpu_start: App version:      5f34df6-dirty[0m
[0;32mI (252) cpu_start: Compile time:     Oct 22 2023 16:37:07[0m
[0;32mI (258) cpu_start: ELF file SHA256:  d3607fe3605c9410...[0m
[0;32mI (264) cpu_start: ESP-IDF:          v5.1.1[0m
[0;32mI (269) cpu_start: Min chip rev:     v0.0[0m
[0;32mI (274) cpu_start: Max chip rev:     v3.99 [0m
[0;32mI (279) cpu_start: Chip rev:         v1.0[0m
[0;32mI (284) heap_init: Initializing. RAM available for dynamic allocation:[0m
[0;32mI (291) heap_init: At 3FFAE6E0 len 00001920 (6 KiB): DRAM[0m
[0;32mI (297) heap_init: At 3FFB2B48 len 0002D4B8 (181 KiB): DRAM[0m
[0;32mI (303) heap_init: At 3FFE0440 len 00003AE0 (14 KiB): D/IRAM[0m
[0;32mI (309) heap_init: At 3FFE4350 len 0001BCB0 (111 KiB): D/IRAM[0m
[0;32mI (316) heap_init: At 4008E6AC len 00011954 (70 KiB): IRAM[0m
[0;32mI (324) spi_flash: detected chip: gd[0m
[0;32mI (326) spi_flash: flash io: dio[0m
[0;33mW (330) spi_flash: Detected size(8192k) larger than the size in the binary image header(2048k). Using the size in the binary image header.[0m
[0;32mI (344) app_start: Starting scheduler on CPU0[0m
[0;32mI (348) app_start: Starting scheduler on CPU1[0m
[0;32mI (348) main_task: Started on CPU0[0m
[0;32mI (358) main_task: Calling app_main()[0m

assert failed: xQueueReceive queue.c:1475 (( pxQueue ))


Backtrace: 0x400818be:0x3ffb6c60 0x40086fc1:0x3ffb6c80 0x4008d239:0x3ffb6ca0 0x400877a7:0x3ffb6dc0 0x400d5c6f:0x3ffb6e00 0x400897ed:0x3ffb6e30




ELF file SHA256: d3607fe3605c9410

Rebooting...
ets Jun  8 2016 00:22:57

rst:0xc (SW_CPU_RESET),boot:0x13 (SPI_FAST_FLASH_BOOT)
configsip: 0, SPIWP:0xee
clk_drv:0x00,q_drv:0x00,d_drv:0x00,cs0_drv:0x00,hd_drv:0x00,wp_drv:0x00
mode:DIO, clock div:2
load:0x3fff0030,len:7080
load:0x40078000,len:15584
load:0x40080400,len:4
ho 8 tail 4 room 4
load:0x40080404,len:3876
entry 0x4008064c
[0;32mI (30) boot: ESP-IDF v5.1.1 2nd stage bootloader[0m
[0;32mI (31) boot: compile time Oct 15 2023 02:19:42[0m
[0;32mI (31) boot: Multicore bootloader[0m
[0;32mI (35) boot: chip revision: v1.0[0m
[0;32mI (39) boot.esp32: SPI Speed      : 40MHz[0m
[0;32mI (44) boot.esp32: SPI Mode       : DIO[0m
[0;32mI (48) boot.esp32: SPI Flash Size : 2MB[0m
[0;32mI (53) boot: Enabling RNG early entropy source...[0m
[0;32mI (58) boot: Partition Table:[0m
[0;32mI (62) boot: ## Label            Usage          Type ST Offset   Length[0m
[0;32mI (69) boot:  0 nvs              WiFi data        01 02 00009000 00006000[0m
[0;32mI (76) boot:  1 phy_init         RF data          01 01 0000f000 00001000[0m
[0;32mI (84) boot:  2 factory          factory app      00 00 00010000 00100000[0m
[0;32mI (91) boot: End of partition table[0m
[0;32mI (96) esp_image: segment 0: paddr=00010020 vaddr=3f400020 size=0c548h ( 50504) map[0m
[0;32mI (122) esp_image: segment 1: paddr=0001c570 vaddr=3ffb0000 size=0227ch (  8828) load[0m
[0;32mI (126) esp_image: segment 2: paddr=0001e7f4 vaddr=40080000 size=01824h (  6180) load[0m
[0;32mI (131) esp_image: segment 3: paddr=00020020 vaddr=400d0020 size=1ba20h (113184) map[0m
[0;32mI (177) esp_image: segment 4: paddr=0003ba48 vaddr=40081824 size=0ce88h ( 52872) load[0m
[0;32mI (207) boot: Loaded app from partition at offset 0x10000[0m
[0;32mI (207) boot: Disabling RNG early entropy source...[0m
[0;32mI (218) cpu_start: Multicore app[0m
[0;32mI (219) cpu_start: Pro cpu up.[0m
[0;32mI (219) cpu_start: Starting app cpu, entry point is 0x4008128c[0m
[0;32mI (206) cpu_start: App cpu up.[0m
[0;32mI (237) cpu_start: Pro cpu start user code[0m
[0;32mI (237) cpu_start: cpu freq: 160000000 Hz[0m
[0;32mI (237) cpu_start: Application information:[0m
[0;32mI (242) cpu_start: Project name:     nmea_parser[0m
[0;32mI (247) cpu_start: App version:      5f34df6-dirty[0m
[0;32mI (252) cpu_start: Compile time:     Oct 22 2023 16:37:07[0m
[0;32mI (258) cpu_start: ELF file SHA256:  d3607fe3605c9410...[0m
[0;32mI (264) cpu_start: ESP-IDF:          v5.1.1[0m
[0;32mI (269) cpu_start: Min chip rev:     v0.0[0m
[0;32mI (274) cpu_start: Max chip rev:     v3.99 [0m
[0;32mI (279) cpu_start: Chip rev:         v1.0[0m
[0;32mI (284) heap_init: Initializing. RAM available for dynamic allocation:[0m
[0;32mI (291) heap_init: At 3FFAE6E0 len 00001920 (6 KiB): DRAM[0m
[0;32mI (297) heap_init: At 3FFB2B48 len 0002D4B8 (181 KiB): DRAM[0m
[0;32mI (303) heap_init: At 3FFE0440 len 00003AE0 (14 KiB): D/IRAM[0m
[0;32mI (309) heap_init: At 3FFE4350 len 0001BCB0 (111 KiB): D/IRAM[0m
[0;32mI (316) heap_init: At 4008E6AC len 00011954 (70 KiB): IRAM[0m
[0;32mI (324) spi_flash: detected chip: gd[0m
[0;32mI (326) spi_flash: flash io: dio[0m
[0;33mW (330) spi_flash: Detected size(8192k) larger than the size in the binary image header(2048k). Using the size in the binary image header.[0m
[0;32mI (344) app_start: Starting scheduler on CPU0[0m
[0;32mI (348) app_start: Starting scheduler on CPU1[0m
[0;32mI (348) main_task: Started on CPU0[0m
[0;32mI (358) main_task: Calling app_main()[0m

assert failed: xQueueReceive queue.c:1475 (( pxQueue ))


Backtrace: 0x400818be:0x3ffb6c60 0x40086fc1:0x3ffb6c80 0x4008d239:0x3ffb6ca0 0x400877a7:0x3ffb6dc0 0x400d5c6f:0x3ffb6e00 0x400897ed:0x3ffb6e30




ELF file SHA256: d3607fe3605c9410

Rebooting...
ets Jun  8 2016 00:22:57

rst:0xc (SW_CPU_RESET),boot:0x13 (SPI_FAST_FLASH_BOOT)
configsip: 0, SPIWP:0xee
clk_drv:0x00,q_drv:0x00,d_drv:0x00,cs0_drv:0x00,hd_drv:0x00,wp_drv:0x00
mode:DIO, clock div:2
load:0x3fff0030,len:7080
load:0x40078000,len:15584
load:0x40080400,len:4
ho 8 tail 4 room 4
load:0x40080404,len:3876
entry 0x4008064c
[0;32mI (30) boot: ESP-IDF v5.1.1 2nd stage bootloader[0m
[0;32mI (31) boot: compile time Oct 15 2023 02:19:42[0m
[0;32mI (31) boot: Multicore bootloader[0m
[0;32mI (35) boot: chip revision: v1.0[0m
[0;32mI (39) boot.esp32: SPI Speed      : 40MHz[0m
[0;32mI (44) boot.esp32: SPI Mode       : DIO[0m
[0;32mI (48) boot.esp32: SPI Flash Size : 2MB[0m
[0;32mI (53) boot: Enabling RNG early entropy source...[0m
[0;32mI (58) boot: Partition Table:[0m
[0;32mI (62) boot: ## Label            Usage          Type ST Offset   Length[0m
[0;32mI (69) boot:  0 nvs              WiFi data        01 02 00009000 00006000[0m
[0;32mI (76) boot:  1 phy_init         RF data          01 01 0000f000 00001000[0m
[0;32mI (84) boot:  2 factory          factory app      00 00 00010000 00100000[0m
[0;32mI (91) boot: End of partition table[0m
[0;32mI (96) esp_image: segment 0: paddr=00010020 vaddr=3f400020 size=0c548h ( 50504) map[0m
[0;32mI (122) esp_image: segment 1: paddr=0001c570 vaddr=3ffb0000 size=0227ch (  8828) load[0m
[0;32mI (126) esp_image: segment 2: paddr=0001e7f4 vaddr=40080000 size=01824h (  6180) load[0m
[0;32mI (131) esp_image: segment 3: paddr=00020020 vaddr=400d0020 size=1ba20h (113184) map[0m
[0;32mI (177) esp_image: segment 4: paddr=0003ba48 vaddr=40081824 size=0ce88h ( 52872) load[0m
[0;32mI (207) boot: Loaded app from partition at offset 0x10000[0m
[0;32mI (207) boot: Disabling RNG early entropy source...[0m
[0;32mI (218) cpu_start: Multicore app[0m
[0;32mI (219) cpu_start: Pro cpu up.[0m
[0;32mI (219) cpu_start: Starting app cpu, entry point is 0x4008128c[0m
[0;32mI (206) cpu_start: App cpu up.[0m
[0;32mI (237) cpu_start: Pro cpu start user code[0m
[0;32mI (237) cpu_start: cpu freq: 160000000 Hz[0m
[0;32mI (237) cpu_start: Application information:[0m
[0;32mI (242) cpu_start: Project name:     nmea_parser[0m
[0;32mI (247) cpu_start: App version:      5f34df6-dirty[0m
[0;32mI (252) cpu_start: Compile time:     Oct 22 2023 16:37:07[0m
[0;32mI (258) cpu_start: ELF file SHA256:  d3607fe3605c9410...[0m
[0;32mI (264) cpu_start: ESP-IDF:          v5.1.1[0m
[0;32mI (269) cpu_start: Min chip rev:     v0.0[0m
[0;32mI (274) cpu_start: Max chip rev:     v3.99 [0m
[0;32mI (279) cpu_start: Chip rev:         v1.0[0m
[0;32mI (284) heap_init: Initializing. RAM available for dynamic allocation:[0m
[0;32mI (291) heap_init: At 3FFAE6E0 len 00001920 (6 KiB): DRAM[0m
[0;32mI (297) heap_init: At 3FFB2B48 len 0002D4B8 (181 KiB): DRAM[0m
[0;32mI (303) heap_init: At 3FFE0440 len 00003AE0 (14 KiB): D/IRAM[0m
[0;32mI (309) heap_init: At 3FFE4350 len 0001BCB0 (111 KiB): D/IRAM[0m
[0;32mI (316) heap_init: At 4008E6AC len 00011954 (70 KiB): IRAM[0m
[0;32mI (324) spi_flash: detected chip: gd[0m
[0;32mI (326) spi_flash: flash io: dio[0m
[0;33mW (330) spi_flash: Detected size(8192k) larger than the size in the binary image header(2048k). Using the size in the binary image header.[0m
[0;32mI (344) app_start: Starting scheduler on CPU0[0m
[0;32mI (348) app_start: Starting scheduler on CPU1[0m
[0;32mI (348) main_task: Started on CPU0[0m
[0;32mI (358) main_task: Calling app_main()[0m

assert failed: xQueueReceive queue.c:1475 (( pxQueue ))


Backtrace: 0x400818be:0x3ffb6c60 0x40086fc1:0x3ffb6c80 0x4008d239:0x3ffb6ca0 0x400877a7:0x3ffb6dc0 0x400d5c6f:0x3ffb6e00 0x400897ed:0x3ffb6e30




ELF file SHA256: d3607fe3605c9410

Rebooting...
ets Jun  8 2016 00:22:57

rst:0xc (SW_CPU_RESET),boot:0x13 (SPI_FAST_FLASH_BOOT)
configsip: 0, SPIWP:0xee
clk_drv:0x00,q_drv:0x00,d_drv:0x00,cs0_drv:0x00,hd_drv:0x00,wp_drv:0x00
mode:DIO, clock div:2
load:0x3fff0030,len:7080
load:0x40078000,len:15584
load:0x40080400,len:4
ho 8 tail 4 room 4
load:0x40080404,len:3876
entry 0x4008064c
[0;32mI (30) boot: ESP-IDF v5.1.1 2nd stage bootloader[0m
[0;32mI (31) boot: compile time Oct 15 2023 02:19:42[0m
[0;32mI (31) boot: Multicore bootloader[0m
[0;32mI (35) boot: chip revision: v1.0[0m
[0;32mI (39) boot.esp32: SPI Speed      : 40MHz[0m
[0;32mI (44) boot.esp32: SPI Mode       : DIO[0m
[0;32mI (48) boot.esp32: SPI Flash Size : 2MB[0m
[0;32mI (53) boot: Enabling RNG early entropy source...[0m
[0;32mI (58) boot: Partition Table:[0m
[0;32mI (62) boot: ## Label            Usage          Type ST Offset   Length[0m
[0;32mI (69) boot:  0 nvs              WiFi data        01 02 00009000 00006000[0m
[0;32mI (76) boot:  1 phy_init         RF data          01 01 0000f000 00001000[0m
[0;32mI (84) boot:  2 factory          factory app      00 00 00010000 00100000[0m
[0;32mI (91) boot: End of partition table[0m
[0;32mI (96) esp_image: segment 0: paddr=00010020 vaddr=3f400020 size=0c548h ( 50504) map[0m
[0;32mI (122) esp_image: segment 1: paddr=0001c570 vaddr=3ffb0000 size=0227ch (  8828) load[0m
[0;32mI (126) esp_image: segment 2: paddr=0001e7f4 vaddr=40080000 size=01824h (  6180) load[0m
[0;32mI (131) esp_image: segment 3: paddr=00020020 vaddr=400d0020 size=1ba20h (113184) map[0m
[0;32mI (177) esp_image: segment 4: paddr=0003ba48 vaddr=40081824 size=0ce88h ( 52872) load[0m
[0;32mI (207) boot: Loaded app from partition at offset 0x10000[0m
[0;32mI (207) boot: Disabling RNG early entropy source...[0m
[0;32mI (218) cpu_start: Multicore app[0m
[0;32mI (219) cpu_start: Pro cpu up.[0m
[0;32mI (219) cpu_start: Starting app cpu, entry point is 0x4008128c[0m
[0;32mI (206) cpu_start: App cpu up.[0m
[0;32mI (237) cpu_start: Pro cpu start user code[0m
[0;32mI (237) cpu_start: cpu freq: 160000000 Hz[0m
[0;32mI (237) cpu_start: Application information:[0m
[0;32mI (242) cpu_start: Project name:     nmea_parser[0m
[0;32mI (247) cpu_start: App version:      5f34df6-dirty[0m
[0;32mI (252) cpu_start: Compile time:     Oct 22 2023 16:37:07[0m
[0;32mI (258) cpu_start: ELF file SHA256:  d3607fe3605c9410...[0m
[0;32mI (264) cpu_start: ESP-IDF:          v5.1.1[0m
[0;32mI (269) cpu_start: Min chip rev:     v0.0[0m
[0;32mI (274) cpu_start: Max chip rev:     v3.99 [0m
[0;32mI (279) cpu_start: Chip rev:         v1.0[0m
[0;32mI (284) heap_init: Initializing. RAM available for dynamic allocation:[0m
[0;32mI (291) heap_init: At 3FFAE6E0 len 00001920 (6 KiB): DRAM[0m
[0;32mI (297) heap_init: At 3FFB2B48 len 0002D4B8 (181 KiB): DRAM[0m
[0;32mI (303) heap_init: At 3FFE0440 len 00003AE0 (14 KiB): D/IRAM[0m
[0;32mI (309) heap_init: At 3FFE4350 len 0001BCB0 (111 KiB): D/IRAM[0m
[0;32mI (316) heap_init: At 4008E6AC len 00011954 (70 KiB): IRAM[0m
[0;32mI (324) spi_flash: detected chip: gd[0m
[0;32mI (326) spi_flash: flash io: dio[0m
[0;33mW (330) spi_flash: Detected size(8192k) larger than the size in the binary image header(2048k). Using the size in the binary image header.[0m
[0;32mI (344) app_start: Starting scheduler on CPU0[0m
[0;32mI (348) app_start: Starting scheduler on CPU1[0m
[0;32mI (348) main_task: Started on CPU0[0m
[0;32mI (358) main_task: Calling app_main()[0m

assert failed: xQueueReceive queue.c:1475 (( pxQueue ))


Backtrace: 0x400818be:0x3ffb6c60 0x40086fc1:0x3ffb6c80 0x4008d239:0x3ffb6ca0 0x400877a7:0x3ffb6dc0 0x400d5c6f:0x3ffb6e00 0x400897ed:0x3ffb6e30




ELF file SHA256: d3607fe3605c9410

Rebooting...
ets Jun  8 2016 00:22:57

rst:0xc (SW_CPU_RESET),boot:0x13 (SPI_FAST_FLASH_BOOT)
configsip: 0, SPIWP:0xee
clk_drv:0x00,q_drv:0x00,d_drv:0x00,cs0_drv:0x00,hd_drv:0x00,wp_drv:0x00
mode:DIO, clock div:2
load:0x3fff0030,len:7080
load:0x40078000,len:15584
load:0x40080400,len:4
ho 8 tail 4 room 4
load:0x40080404,len:3876
entry 0x4008064c
[0;32mI (30) boot: ESP-IDF v5.1.1 2nd stage bootloader[0m
[0;32mI (31) boot: compile time Oct 15 2023 02:19:42[0m
[0;32mI (31) boot: Multicore bootloader[0m
[0;32mI (35) boot: chip revision: v1.0[0m
[0;32mI (39) boot.esp32: SPI Speed      : 40MHz[0m
[0;32mI (44) boot.esp32: SPI Mode       : DIO[0m
[0;32mI (48) boot.esp32: SPI Flash Size : 2MB[0m
[0;32mI (53) boot: Enabling RNG early entropy source...[0m
[0;32mI (58) boot: Partition Table:[0m
[0;32mI (62) boot: ## Label            Usage          Type ST Offset   Length[0m
[0;32mI (69) boot:  0 nvs              WiFi data        01 02 00009000 00006000[0m
[0;32mI (76) boot:  1 phy_init         RF data          01 01 0000f000 00001000[0m
[0;32mI (84) boot:  2 factory          factory app      00 00 00010000 00100000[0m
[0;32mI (91) boot: End of partition table[0m
[0;32mI (96) esp_image: segment 0: paddr=00010020 vaddr=3f400020 size=0c548h ( 50504) map[0m
[0;32mI (122) esp_image: segment 1: paddr=0001c570 vaddr=3ffb0000 size=0227ch (  8828) load[0m
[0;32mI (126) esp_image: segment 2: paddr=0001e7f4 vaddr=40080000 size=01824h (  6180) load[0m
[0;32mI (131) esp_image: segment 3: paddr=00020020 vaddr=400d0020 size=1ba20h (113184) map[0m
[0;32mI (177) esp_image: segment 4: paddr=0003ba48 vaddr=40081824 size=0ce88h ( 52872) load[0m
[0;32mI (207) boot: Loaded app from partition at offset 0x10000[0m
[0;32mI (207) boot: Disabling RNG early entropy source...[0m
[0;32mI (218) cpu_start: Multicore app[0m
[0;32mI (219) cpu_start: Pro cpu up.[0m
[0;32mI (219) cpu_start: Starting app cpu, entry point is 0x4008128c[0m
[0;32mI (206) cpu_start: App cpu up.[0m
[0;32mI (237) cpu_start: Pro cpu start user code[0m
[0;32mI (237) cpu_start: cpu freq: 160000000 Hz[0m
[0;32mI (237) cpu_start: Application information:[0m
[0;32mI (242) cpu_start: Project name:     nmea_parser[0m
[0;32mI (247) cpu_start: App version:      5f34df6-dirty[0m
[0;32mI (252) cpu_start: Compile time:     Oct 22 2023 16:37:07[0m
[0;32mI (258) cpu_start: ELF file SHA256:  d3607fe3605c9410...[0m
[0;32mI (264) cpu_start: ESP-IDF:          v5.1.1[0m
[0;32mI (269) cpu_start: Min chip rev:     v0.0[0m
[0;32mI (274) cpu_start: Max chip rev:     v3.99 [0m
[0;32mI (279) cpu_start: Chip rev:         v1.0[0m
[0;32mI (284) heap_init: Initializing. RAM available for dynamic allocation:[0m
[0;32mI (291) heap_init: At 3FFAE6E0 len 00001920 (6 KiB): DRAM[0m
[0;32mI (297) heap_init: At 3FFB2B48 len 0002D4B8 (181 KiB): DRAM[0m
[0;32mI (303) heap_init: At 3FFE0440 len 00003AE0 (14 KiB): D/IRAM[0m
[0;32mI (309) heap_init: At 3FFE4350 len 0001BCB0 (111 KiB): D/IRAM[0m
[0;32mI (316) heap_init: At 4008E6AC len 00011954 (70 KiB): IRAM[0m
[0;32mI (324) spi_flash: detected chip: gd[0m
[0;32mI (326) spi_flash: flash io: dio[0m
[0;33mW (330) spi_flash: Detected size(8192k) larger than the size in the binary image header(2048k). Using the size in the binary image header.[0m
[0;32mI (344) app_start: Starting scheduler on CPU0[0m
[0;32mI (348) app_start: Starting scheduler on CPU1[0m
[0;32mI (348) main_task: Started on CPU0[0m
[0;32mI (358) main_task: Calling app_main()[0m

assert failed: xQueueReceive queue.c:1475 (( pxQueue ))


Backtrace: 0x400818be:0x3ffb6c60 0x40086fc1:0x3ffb6c80 0x4008d239:0x3ffb6ca0 0x400877a7:0x3ffb6dc0 0x400d5c6f:0x3ffb6e00 0x400897ed:0x3ffb6e30




ELF file SHA256: d3607fe3605c9410

Rebooting...
ets Jun  8 2016 00:22:57

rst:0xc (SW_CPU_RESET),boot:0x13 (SPI_FAST_FLASH_BOOT)
configsip: 0, SPIWP:0xee
clk_drv:0x00,q_drv:0x00,d_drv:0x00,cs0_drv:0x00,hd_drv:0x00,wp_drv:0x00
mode:DIO, clock div:2
load:0x3fff0030,len:7080
load:0x40078000,len:15584
load:0x40080400,len:4
ho 8 tail 4 room 4
load:0x40080404,len:3876
entry 0x4008064c
[0;32mI (30) boot: ESP-IDF v5.1.1 2nd stage bootloader[0m
[0;32mI (31) boot: compile time Oct 15 2023 02:19:42[0m
[0;32mI (31) boot: Multicore bootloader[0m
[0;32mI (35) boot: chip revision: v1.0[0m
[0;32mI (39) boot.esp32: SPI Speed      : 40MHz[0m
[0;32mI (44) boot.esp32: SPI Mode       : DIO[0m
[0;32mI (48) boot.esp32: SPI Flash Size : 2MB[0m
[0;32mI (53) boot: Enabling RNG early entropy source...[0m
[0;32mI (58) boot: Partition Table:[0m
[0;32mI (62) boot: ## Label            Usage          Type ST Offset   Length[0m
[0;32mI (69) boot:  0 nvs              WiFi data        01 02 00009000 00006000[0m
[0;32mI (76) boot:  1 phy_init         RF data          01 01 0000f000 00001000[0m
[0;32mI (84) boot:  2 factory          factory app      00 00 00010000 00100000[0m
[0;32mI (91) boot: End of partition table[0m
[0;32mI (96) esp_image: segment 0: paddr=00010020 vaddr=3f400020 size=0c548h ( 50504) map[0m
[0;32mI (122) esp_image: segment 1: paddr=0001c570 vaddr=3ffb0000 size=0227ch (  8828) load[0m
[0;32mI (126) esp_image: segment 2: paddr=0001e7f4 vaddr=40080000 size=01824h (  6180) load[0m
[0;32mI (131) esp_image: segment 3: paddr=00020020 vaddr=400d0020 size=1ba20h (113184) map[0m
[0;32mI (177) esp_image: segment 4: paddr=0003ba48 vaddr=40081824 size=0ce88h ( 52872) load[0m
[0;32mI (207) boot: Loaded app from partition at offset 0x10000[0m
[0;32mI (207) boot: Disabling RNG early entropy source...[0m
